<html>
<body>
<pre>
<h1>礦ision Build Log</h1>
<h2>Tool Versions:</h2>
IDE-Version: μVision V5.36.0.0
Copyright (C) 2021 ARM Ltd and ARM Germany GmbH. All rights reserved.
License Information: z 1059970873@qq.com, zz, LIC=IK1BF-6ZYJM-2ZJW4-FEQ33-Y8SH1-WJFPV
 
Tool Versions:
Toolchain:       MDK-ARM Plus  Version: 5.36.0.0
Toolchain Path:  D:\diankong\keil\keil_new\ARM\ARMCC\Bin
C Compiler:      Armcc.exe V5.06 update 7 (build 960)
Assembler:       Armasm.exe V5.06 update 7 (build 960)
Linker/Locator:  ArmLink.exe V5.06 update 7 (build 960)
Library Manager: ArmAr.exe V5.06 update 7 (build 960)
Hex Converter:   FromElf.exe V5.06 update 7 (build 960)
CPU DLL:         SARMCM3.DLL V5.36.0.0
Dialog DLL:      DCM.DLL V1.17.3.0
Target DLL:      CMSIS_AGDI.dll V1.33.0.0
Dialog DLL:      TCM.DLL V1.53.0.0
 
<h2>Project:</h2>
D:\project1\general_control_v9_0822_场地调试结果\MDK-ARM\general_control.uvprojx
Project File Date:  08/27/2025

<h2>Output:</h2>
*** Using Compiler 'V5.06 update 7 (build 960)', folder: 'D:\diankong\keil\keil_new\ARM\ARMCC\Bin'
Rebuild target 'general_control'
assembling startup_stm32f407xx.s...
compiling stm32f4xx_it.c...
compiling gpio.c...
compiling stm32f4xx_hal_pwr.c...
compiling stm32f4xx_hal_msp.c...
compiling stm32f4xx_hal_gpio.c...
compiling stm32f4xx_hal_flash_ramfunc.c...
compiling stm32f4xx_hal_flash.c...
compiling main.c...
../Core/Src/main.c(486): warning:  #177-D: variable "required_pos"  was declared but never referenced
              RobotPosition_t required_pos = (target_id == 0 || target_id == 5) ? ROBOT_POS_SIDE_AREA : ROBOT_POS_FRONT_AREA;
../Core/Src/main.c(557): warning:  #550-D: variable "target_id"  was set but never used
              int target_id = is_orphan ? task_info.last_placed_target_id : 
../Core/Src/main.c(671): warning:  #111-D: statement is unreachable
              break;
../Core/Src/main.c: 3 warnings, 0 errors
compiling dma.c...
compiling tim.c...
compiling stm32f4xx_hal_tim_ex.c...
compiling stm32f4xx_hal_flash_ex.c...
compiling usart.c...
compiling stm32f4xx_hal_exti.c...
compiling stm32f4xx_hal_dma_ex.c...
compiling stm32f4xx_hal.c...
compiling stm32f4xx_hal_dma.c...
compiling stm32f4xx_hal_pwr_ex.c...
compiling stm32f4xx_hal_cortex.c...
compiling stm32f4xx_hal_rcc_ex.c...
compiling stm32f4xx_hal_rcc.c...
compiling stm32f4xx_hal_uart.c...
compiling stm32f4xx_hal_tim.c...
compiling system_stm32f4xx.c...
compiling receive_from_pi.c...
compiling robot_actions.c...
..\UserLib\robot_actions.c(94): warning:  #550-D: variable "last_target_id"  was set but never used
      int last_target_id = 0;
..\UserLib\robot_actions.c: 1 warning, 0 errors
compiling task_planner.c...
linking...
Program Size: Code=17918 RO-data=758 RW-data=72 ZI-data=3008  
FromELF: creating hex file...
"general_control\general_control.axf" - 0 Error(s), 4 Warning(s).

<h2>Software Packages used:</h2>

Package Vendor: ARM
                http://www.keil.com/pack/ARM.CMSIS.5.8.0.pack
                ARM.CMSIS.5.8.0
                CMSIS (Common Microcontroller Software Interface Standard)
   * Component: CORE Version: 5.5.0

Package Vendor: Keil
                http://www.keil.com/pack/Keil.STM32F4xx_DFP.2.13.0.pack
                Keil.STM32F4xx_DFP.2.13.0
                STMicroelectronics STM32F4 Series Device Support, Drivers and Examples

<h2>Collection of Component include folders:</h2>
  .\RTE\_general_control
  D:\diankong\keil\keil_new\ARM\CMSIS\5.8.0\CMSIS\Core\Include
  D:\diankong\keil\keil_new\Keil\STM32F4xx_DFP\2.13.0\Drivers\CMSIS\Device\ST\STM32F4xx\Include

<h2>Collection of Component Files used:</h2>

   * Component: ARM::CMSIS:CORE:5.5.0
      Include file:  CMSIS\Core\Include\tz_context.h
Build Time Elapsed:  00:00:04
</pre>
</body>
</html>
