Component: ARM Compiler 5.06 update 7 (build 960) Tool: armlink [4d3601]

==============================================================================

Section Cross References

    startup_stm32f407xx.o(STACK) refers (Special) to heapauxi.o(.text) for __use_two_region_memory
    startup_stm32f407xx.o(HEAP) refers (Special) to heapauxi.o(.text) for __use_two_region_memory
    startup_stm32f407xx.o(RESET) refers (Special) to heapauxi.o(.text) for __use_two_region_memory
    startup_stm32f407xx.o(RESET) refers to startup_stm32f407xx.o(STACK) for __initial_sp
    startup_stm32f407xx.o(RESET) refers to startup_stm32f407xx.o(.text) for Reset_Handler
    startup_stm32f407xx.o(RESET) refers to stm32f4xx_it.o(i.NMI_Handler) for NMI_Handler
    startup_stm32f407xx.o(RESET) refers to stm32f4xx_it.o(i.HardFault_Handler) for HardFault_Handler
    startup_stm32f407xx.o(RESET) refers to stm32f4xx_it.o(i.MemManage_Handler) for MemManage_Handler
    startup_stm32f407xx.o(RESET) refers to stm32f4xx_it.o(i.BusFault_Handler) for BusFault_Handler
    startup_stm32f407xx.o(RESET) refers to stm32f4xx_it.o(i.UsageFault_Handler) for UsageFault_Handler
    startup_stm32f407xx.o(RESET) refers to stm32f4xx_it.o(i.SVC_Handler) for SVC_Handler
    startup_stm32f407xx.o(RESET) refers to stm32f4xx_it.o(i.DebugMon_Handler) for DebugMon_Handler
    startup_stm32f407xx.o(RESET) refers to stm32f4xx_it.o(i.PendSV_Handler) for PendSV_Handler
    startup_stm32f407xx.o(RESET) refers to stm32f4xx_it.o(i.SysTick_Handler) for SysTick_Handler
    startup_stm32f407xx.o(RESET) refers to stm32f4xx_it.o(i.DMA1_Stream1_IRQHandler) for DMA1_Stream1_IRQHandler
    startup_stm32f407xx.o(RESET) refers to stm32f4xx_it.o(i.DMA1_Stream3_IRQHandler) for DMA1_Stream3_IRQHandler
    startup_stm32f407xx.o(RESET) refers to stm32f4xx_it.o(i.DMA1_Stream5_IRQHandler) for DMA1_Stream5_IRQHandler
    startup_stm32f407xx.o(RESET) refers to stm32f4xx_it.o(i.DMA1_Stream6_IRQHandler) for DMA1_Stream6_IRQHandler
    startup_stm32f407xx.o(RESET) refers to stm32f4xx_it.o(i.USART1_IRQHandler) for USART1_IRQHandler
    startup_stm32f407xx.o(RESET) refers to stm32f4xx_it.o(i.USART2_IRQHandler) for USART2_IRQHandler
    startup_stm32f407xx.o(RESET) refers to stm32f4xx_it.o(i.USART3_IRQHandler) for USART3_IRQHandler
    startup_stm32f407xx.o(RESET) refers to stm32f4xx_it.o(i.DMA2_Stream1_IRQHandler) for DMA2_Stream1_IRQHandler
    startup_stm32f407xx.o(RESET) refers to stm32f4xx_it.o(i.DMA2_Stream2_IRQHandler) for DMA2_Stream2_IRQHandler
    startup_stm32f407xx.o(RESET) refers to stm32f4xx_it.o(i.DMA2_Stream6_IRQHandler) for DMA2_Stream6_IRQHandler
    startup_stm32f407xx.o(RESET) refers to stm32f4xx_it.o(i.DMA2_Stream7_IRQHandler) for DMA2_Stream7_IRQHandler
    startup_stm32f407xx.o(RESET) refers to stm32f4xx_it.o(i.USART6_IRQHandler) for USART6_IRQHandler
    startup_stm32f407xx.o(.text) refers (Special) to heapauxi.o(.text) for __use_two_region_memory
    startup_stm32f407xx.o(.text) refers to system_stm32f4xx.o(i.SystemInit) for SystemInit
    startup_stm32f407xx.o(.text) refers to __main.o(!!!main) for __main
    startup_stm32f407xx.o(.text) refers to startup_stm32f407xx.o(HEAP) for Heap_Mem
    startup_stm32f407xx.o(.text) refers to startup_stm32f407xx.o(STACK) for Stack_Mem
    main.o(i.HAL_UART_ErrorCallback) refers to stm32f4xx_hal_uart.o(i.HAL_UART_Receive_IT) for HAL_UART_Receive_IT
    main.o(i.HAL_UART_ErrorCallback) refers to main.o(.data) for .data
    main.o(i.HAL_UART_ErrorCallback) refers to usart.o(.bss) for huart1
    main.o(i.HAL_UART_RxCpltCallback) refers to stm32f4xx_hal.o(i.HAL_GetTick) for HAL_GetTick
    main.o(i.HAL_UART_RxCpltCallback) refers to stm32f4xx_hal_uart.o(i.HAL_UART_Receive_IT) for HAL_UART_Receive_IT
    main.o(i.HAL_UART_RxCpltCallback) refers to main.o(.data) for .data
    main.o(i.HAL_UART_RxCpltCallback) refers to usart.o(.bss) for huart1
    main.o(i.SystemClock_Config) refers to rt_memclr_w.o(.text) for __aeabi_memclr4
    main.o(i.SystemClock_Config) refers to stm32f4xx_hal_rcc.o(i.HAL_RCC_OscConfig) for HAL_RCC_OscConfig
    main.o(i.SystemClock_Config) refers to stm32f4xx_hal_rcc.o(i.HAL_RCC_ClockConfig) for HAL_RCC_ClockConfig
    main.o(i.main) refers to stm32f4xx_hal.o(i.HAL_Init) for HAL_Init
    main.o(i.main) refers to main.o(i.SystemClock_Config) for SystemClock_Config
    main.o(i.main) refers to gpio.o(i.MX_GPIO_Init) for MX_GPIO_Init
    main.o(i.main) refers to dma.o(i.MX_DMA_Init) for MX_DMA_Init
    main.o(i.main) refers to usart.o(i.MX_USART1_UART_Init) for MX_USART1_UART_Init
    main.o(i.main) refers to usart.o(i.MX_USART2_UART_Init) for MX_USART2_UART_Init
    main.o(i.main) refers to usart.o(i.MX_USART3_UART_Init) for MX_USART3_UART_Init
    main.o(i.main) refers to usart.o(i.MX_USART6_UART_Init) for MX_USART6_UART_Init
    main.o(i.main) refers to usart.o(i.MX_UART5_Init) for MX_UART5_Init
    main.o(i.main) refers to tim.o(i.MX_TIM2_Init) for MX_TIM2_Init
[...]
    .text                                    0x08000238   Section       64  startup_stm32f407xx.o(.text)
    $v0                                      0x08000238   Number         0  startup_stm32f407xx.o(.text)
    .text                                    0x08000278   Section      238  lludivv7m.o(.text)
    .text                                    0x08000368   Section        0  __0sscanf.o(.text)
    .text                                    0x080003a4   Section        0  _scanf_str.o(.text)
    .text                                    0x08000484   Section        0  strtok.o(.text)
    .text                                    0x08000490   Section        0  strlen.o(.text)
    .text                                    0x080004ce   Section      100  rt_memcpy_w.o(.text)
    .text                                    0x08000532   Section       16  aeabi_memset.o(.text)
    .text                                    0x08000542   Section       78  rt_memclr_w.o(.text)
    .text                                    0x08000590   Section       86  strncpy.o(.text)
    .text                                    0x080005e6   Section        0  heapauxi.o(.text)
    .text                                    0x080005ec   Section        0  scanf_char.o(.text)
    _scanf_char_input                        0x080005ed   Thumb Code    12  scanf_char.o(.text)
    .text                                    0x08000618   Section        0  _sgetc.o(.text)
    .text                                    0x08000658   Section        0  strtok_int.o(.text)
    .text                                    0x0800069c   Section       68  rt_memclr.o(.text)
    .text                                    0x080006e0   Section        0  isspace.o(.text)
    .text                                    0x080006f4   Section        0  _scanf.o(.text)
    .text                                    0x08000a68   Section        0  strcspn.o(.text)
    .text                                    0x08000a88   Section        0  strspn.o(.text)
    .text                                    0x08000aa4   Section       74  sys_stackheap_outer.o(.text)
    .text                                    0x08000af0   Section       16  rt_ctype_table.o(.text)
    .text                                    0x08000b00   Section        0  exit.o(.text)
    .text                                    0x08000b14   Section        8  libspace.o(.text)
    .text                                    0x08000b1c   Section        8  rt_locale_intlibspace.o(.text)
    .text                                    0x08000b24   Section        0  sys_exit.o(.text)
    .text                                    0x08000b30   Section      128  strcmpv7m.o(.text)
    .text                                    0x08000bb0   Section        2  use_no_semi.o(.text)
    .text                                    0x08000bb2   Section        0  indicate_semi.o(.text)
    i.BusFault_Handler                       0x08000bb2   Section        0  stm32f4xx_it.o(i.BusFault_Handler)
    i.DMA1_Stream1_IRQHandler                0x08000bb4   Section        0  stm32f4xx_it.o(i.DMA1_Stream1_IRQHandler)
    i.DMA1_Stream3_IRQHandler                0x08000bc0   Section        0  stm32f4xx_it.o(i.DMA1_Stream3_IRQHandler)
    i.DMA1_Stream5_IRQHandler                0x08000bcc   Section        0  stm32f4xx_it.o(i.DMA1_Stream5_IRQHandler)
    i.DMA1_Stream6_IRQHandler                0x08000bd8   Section        0  stm32f4xx_it.o(i.DMA1_Stream6_IRQHandler)
    i.DMA2_Stream1_IRQHandler                0x08000be4   Section        0  stm32f4xx_it.o(i.DMA2_Stream1_IRQHandler)
    i.DMA2_Stream2_IRQHandler                0x08000bf0   Section        0  stm32f4xx_it.o(i.DMA2_Stream2_IRQHandler)
    i.DMA2_Stream6_IRQHandler                0x08000bfc   Section        0  stm32f4xx_it.o(i.DMA2_Stream6_IRQHandler)
    i.DMA2_Stream7_IRQHandler                0x08000c08   Section        0  stm32f4xx_it.o(i.DMA2_Stream7_IRQHandler)
    i.DMA_CalcBaseAndBitshift                0x08000c14   Section        0  stm32f4xx_hal_dma.o(i.DMA_CalcBaseAndBitshift)
    DMA_CalcBaseAndBitshift                  0x08000c15   Thumb Code    34  stm32f4xx_hal_dma.o(i.DMA_CalcBaseAndBitshift)
    i.DMA_CheckFifoParam                     0x08000c3c   Section        0  stm32f4xx_hal_dma.o(i.DMA_CheckFifoParam)
    DMA_CheckFifoParam                       0x08000c3d   Thumb Code    84  stm32f4xx_hal_dma.o(i.DMA_CheckFifoParam)
    i.DMA_SetConfig                          0x08000c90   Section        0  stm32f4xx_hal_dma.o(i.DMA_SetConfig)
    DMA_SetConfig                            0x08000c91   Thumb Code    40  stm32f4xx_hal_dma.o(i.DMA_SetConfig)
    i.DebugMon_Handler                       0x08000cb8   Section        0  stm32f4xx_it.o(i.DebugMon_Handler)
    i.Error_Handler                          0x08000cba   Section        0  main.o(i.Error_Handler)
    i.HAL_DMA_Abort                          0x08000cbe   Section        0  stm32f4xx_hal_dma.o(i.HAL_DMA_Abort)
    i.HAL_DMA_Abort_IT                       0x08000d50   Section        0  stm32f4xx_hal_dma.o(i.HAL_DMA_Abort_IT)
    i.HAL_DMA_IRQHandler                     0x08000d74   Section        0  stm32f4xx_hal_dma.o(i.HAL_DMA_IRQHandler)
    i.HAL_DMA_Init                           0x08000f14   Section        0  stm32f4xx_hal_dma.o(i.HAL_DMA_Init)
    i.HAL_DMA_Start_IT                       0x08000fe8   Section        0  stm32f4xx_hal_dma.o(i.HAL_DMA_Start_IT)
    i.HAL_Delay                              0x08001058   Section        0  stm32f4xx_hal.o(i.HAL_Delay)
    i.HAL_GPIO_Init                          0x0800107c   Section        0  stm32f4xx_hal_gpio.o(i.HAL_GPIO_Init)
    i.HAL_GPIO_ReadPin                       0x0800126c   Section        0  stm32f4xx_hal_gpio.o(i.HAL_GPIO_ReadPin)
    i.HAL_GPIO_TogglePin                     0x08001276   Section        0  stm32f4xx_hal_gpio.o(i.HAL_GPIO_TogglePin)
    i.HAL_GPIO_WritePin                      0x08001286   Section        0  stm32f4xx_hal_gpio.o(i.HAL_GPIO_WritePin)
    i.HAL_GetTick                            0x08001290   Section        0  stm32f4xx_hal.o(i.HAL_GetTick)
    i.HAL_IncTick                            0x0800129c   Section        0  stm32f4xx_hal.o(i.HAL_IncTick)
    i.HAL_Init                               0x080012ac   Section        0  stm32f4xx_hal.o(i.HAL_Init)
    i.HAL_InitTick                           0x080012e0   Section        0  stm32f4xx_hal.o(i.HAL_InitTick)
    i.HAL_MspInit                            0x08001320   Section        0  stm32f4xx_hal_msp.o(i.HAL_MspInit)
    i.HAL_NVIC_EnableIRQ                     0x08001350   Section        0  stm32f4xx_hal_cortex.o(i.HAL_NVIC_EnableIRQ)
    i.HAL_NVIC_SetPriority                   0x0800136c   Section        0  stm32f4xx_hal_cortex.o(i.HAL_NVIC_SetPriority)
    i.HAL_NVIC_SetPriorityGrouping           0x080013ac   Section        0  stm32f4xx_hal_cortex.o(i.HAL_NVIC_SetPriorityGrouping)
    i.HAL_RCC_ClockConfig                    0x080013d0   Section        0  stm32f4xx_hal_rcc.o(i.HAL_RCC_ClockConfig)
    i.HAL_RCC_GetPCLK1Freq                   0x08001504   Section        0  stm32f4xx_hal_rcc.o(i.HAL_RCC_GetPCLK1Freq)
    i.HAL_RCC_GetPCLK2Freq                   0x08001524   Section        0  stm32f4xx_hal_rcc.o(i.HAL_RCC_GetPCLK2Freq)
    i.HAL_RCC_GetSysClockFreq                0x08001544   Section        0  stm32f4xx_hal_rcc.o(i.HAL_RCC_GetSysClockFreq)
    i.HAL_RCC_OscConfig                      0x080015a4   Section        0  stm32f4xx_hal_rcc.o(i.HAL_RCC_OscConfig)
    i.HAL_SYSTICK_Config                     0x08001910   Section        0  stm32f4xx_hal_cortex.o(i.HAL_SYSTICK_Config)
    i.HAL_TIMEx_MasterConfigSynchronization  0x08001938   Section        0  stm32f4xx_hal_tim_ex.o(i.HAL_TIMEx_MasterConfigSynchronization)
    i.HAL_TIM_Base_Init                      0x080019c8   Section        0  stm32f4xx_hal_tim.o(i.HAL_TIM_Base_Init)
    i.HAL_TIM_Base_MspInit                   0x08001a24   Section        0  tim.o(i.HAL_TIM_Base_MspInit)
    i.HAL_TIM_Base_Start                     0x08001a48   Section        0  stm32f4xx_hal_tim.o(i.HAL_TIM_Base_Start)
    i.HAL_TIM_ConfigClockSource              0x08001ac0   Section        0  stm32f4xx_hal_tim.o(i.HAL_TIM_ConfigClockSource)
    i.HAL_UARTEx_RxEventCallback             0x08001b9c   Section        0  stm32f4xx_hal_uart.o(i.HAL_UARTEx_RxEventCallback)
    i.HAL_UART_ErrorCallback                 0x08001ba0   Section        0  main.o(i.HAL_UART_ErrorCallback)
    i.HAL_UART_IRQHandler                    0x08001c0c   Section        0  stm32f4xx_hal_uart.o(i.HAL_UART_IRQHandler)
    i.HAL_UART_Init                          0x08001e74   Section        0  stm32f4xx_hal_uart.o(i.HAL_UART_Init)
    i.HAL_UART_MspInit                       0x08001ed8   Section        0  usart.o(i.HAL_UART_MspInit)
    i.HAL_UART_Receive                       0x080022ac   Section        0  stm32f4xx_hal_uart.o(i.HAL_UART_Receive)
    i.HAL_UART_Receive_IT                    0x0800236c   Section        0  stm32f4xx_hal_uart.o(i.HAL_UART_Receive_IT)
    i.HAL_UART_RxCpltCallback                0x08002398   Section        0  main.o(i.HAL_UART_RxCpltCallback)
    i.HAL_UART_Transmit                      0x0800241c   Section        0  stm32f4xx_hal_uart.o(i.HAL_UART_Transmit)
    i.HAL_UART_Transmit_DMA                  0x080024d0   Section        0  stm32f4xx_hal_uart.o(i.HAL_UART_Transmit_DMA)
    i.HAL_UART_TxCpltCallback                0x0800255c   Section        0  stm32f4xx_hal_uart.o(i.HAL_UART_TxCpltCallback)
    i.HAL_UART_TxHalfCpltCallback            0x0800255e   Section        0  stm32f4xx_hal_uart.o(i.HAL_UART_TxHalfCpltCallback)
    i.HardFault_Handler                      0x08002560   Section        0  stm32f4xx_it.o(i.HardFault_Handler)
    i.MX_DMA_Init                            0x08002564   Section        0  dma.o(i.MX_DMA_Init)
    i.MX_GPIO_Init                           0x08002610   Section        0  gpio.o(i.MX_GPIO_Init)
    i.MX_TIM2_Init                           0x080026ac   Section        0  tim.o(i.MX_TIM2_Init)
    i.MX_UART5_Init                          0x08002710   Section        0  usart.o(i.MX_UART5_Init)
    i.MX_USART1_UART_Init                    0x0800274c   Section        0  usart.o(i.MX_USART1_UART_Init)
    i.MX_USART2_UART_Init                    0x08002788   Section        0  usart.o(i.MX_USART2_UART_Init)
    i.MX_USART3_UART_Init                    0x080027c4   Section        0  usart.o(i.MX_USART3_UART_Init)
    i.MX_USART6_UART_Init                    0x08002800   Section        0  usart.o(i.MX_USART6_UART_Init)
    i.MemManage_Handler                      0x0800283c   Section        0  stm32f4xx_it.o(i.MemManage_Handler)
    i.NMI_Handler                            0x0800283e   Section        0  stm32f4xx_it.o(i.NMI_Handler)
    i.PendSV_Handler                         0x08002840   Section        0  stm32f4xx_it.o(i.PendSV_Handler)
    i.SVC_Handler                            0x08002842   Section        0  stm32f4xx_it.o(i.SVC_Handler)
    i.SysTick_Handler                        0x08002844   Section        0  stm32f4xx_it.o(i.SysTick_Handler)
    i.SystemClock_Config                     0x08002848   Section        0  main.o(i.SystemClock_Config)
    i.SystemInit                             0x080028dc   Section        0  system_stm32f4xx.o(i.SystemInit)
    i.TIM_Base_SetConfig                     0x080028ec   Section        0  stm32f4xx_hal_tim.o(i.TIM_Base_SetConfig)
    i.TIM_ETR_SetConfig                      0x080029b4   Section        0  stm32f4xx_hal_tim.o(i.TIM_ETR_SetConfig)
    i.TIM_ITRx_SetConfig                     0x080029c8   Section        0  stm32f4xx_hal_tim.o(i.TIM_ITRx_SetConfig)
    TIM_ITRx_SetConfig                       0x080029c9   Thumb Code    16  stm32f4xx_hal_tim.o(i.TIM_ITRx_SetConfig)
    i.TIM_TI1_ConfigInputStage               0x080029d8   Section        0  stm32f4xx_hal_tim.o(i.TIM_TI1_ConfigInputStage)
    TIM_TI1_ConfigInputStage                 0x080029d9   Thumb Code    34  stm32f4xx_hal_tim.o(i.TIM_TI1_ConfigInputStage)
    i.TIM_TI2_ConfigInputStage               0x080029fa   Section        0  stm32f4xx_hal_tim.o(i.TIM_TI2_ConfigInputStage)
    TIM_TI2_ConfigInputStage                 0x080029fb   Thumb Code    36  stm32f4xx_hal_tim.o(i.TIM_TI2_ConfigInputStage)
    i.UART_DMAAbortOnError                   0x08002a1e   Section        0  stm32f4xx_hal_uart.o(i.UART_DMAAbortOnError)
    UART_DMAAbortOnError                     0x08002a1f   Thumb Code    16  stm32f4xx_hal_uart.o(i.UART_DMAAbortOnError)
    i.UART_DMAError                          0x08002a2e   Section        0  stm32f4xx_hal_uart.o(i.UART_DMAError)
    UART_DMAError                            0x08002a2f   Thumb Code    74  stm32f4xx_hal_uart.o(i.UART_DMAError)
    i.UART_DMATransmitCplt                   0x08002a78   Section        0  stm32f4xx_hal_uart.o(i.UART_DMATransmitCplt)
    UART_DMATransmitCplt                     0x08002a79   Thumb Code    66  stm32f4xx_hal_uart.o(i.UART_DMATransmitCplt)
    i.UART_DMATxHalfCplt                     0x08002aba   Section        0  stm32f4xx_hal_uart.o(i.UART_DMATxHalfCplt)
    UART_DMATxHalfCplt                       0x08002abb   Thumb Code    10  stm32f4xx_hal_uart.o(i.UART_DMATxHalfCplt)
    i.UART_EndRxTransfer                     0x08002ac4   Section        0  stm32f4xx_hal_uart.o(i.UART_EndRxTransfer)
    UART_EndRxTransfer                       0x08002ac5   Thumb Code    78  stm32f4xx_hal_uart.o(i.UART_EndRxTransfer)
    i.UART_EndTxTransfer                     0x08002b12   Section        0  stm32f4xx_hal_uart.o(i.UART_EndTxTransfer)
    UART_EndTxTransfer                       0x08002b13   Thumb Code    28  stm32f4xx_hal_uart.o(i.UART_EndTxTransfer)
    i.UART_Receive_IT                        0x08002b2e   Section        0  stm32f4xx_hal_uart.o(i.UART_Receive_IT)
    UART_Receive_IT                          0x08002b2f   Thumb Code   192  stm32f4xx_hal_uart.o(i.UART_Receive_IT)
    i.UART_SetConfig                         0x08002bf0   Section        0  stm32f4xx_hal_uart.o(i.UART_SetConfig)
    UART_SetConfig                           0x08002bf1   Thumb Code   258  stm32f4xx_hal_uart.o(i.UART_SetConfig)
    i.UART_Start_Receive_IT                  0x08002cfc   Section        0  stm32f4xx_hal_uart.o(i.UART_Start_Receive_IT)
    i.UART_WaitOnFlagUntilTimeout            0x08002d36   Section        0  stm32f4xx_hal_uart.o(i.UART_WaitOnFlagUntilTimeout)
    UART_WaitOnFlagUntilTimeout              0x08002d37   Thumb Code   120  stm32f4xx_hal_uart.o(i.UART_WaitOnFlagUntilTimeout)
    i.USART1_IRQHandler                      0x08002db0   Section        0  stm32f4xx_it.o(i.USART1_IRQHandler)
    i.USART2_IRQHandler                      0x08002dbc   Section        0  stm32f4xx_it.o(i.USART2_IRQHandler)
    i.USART3_IRQHandler                      0x08002dc8   Section        0  stm32f4xx_it.o(i.USART3_IRQHandler)
    i.USART6_IRQHandler                      0x08002dd4   Section        0  stm32f4xx_it.o(i.USART6_IRQHandler)
    i.UsageFault_Handler                     0x08002de0   Section        0  stm32f4xx_it.o(i.UsageFault_Handler)
    i.__NVIC_SetPriority                     0x08002de2   Section        0  stm32f4xx_hal_cortex.o(i.__NVIC_SetPriority)
    __NVIC_SetPriority                       0x08002de3   Thumb Code    32  stm32f4xx_hal_cortex.o(i.__NVIC_SetPriority)
    i.attempt_repair_area                    0x08002e04   Section        0  receive_from_pi.o(i.attempt_repair_area)
    attempt_repair_area                      0x08002e05   Thumb Code   116  receive_from_pi.o(i.attempt_repair_area)
    i.attempt_repair_shelf                   0x08002e78   Section        0  receive_from_pi.o(i.attempt_repair_shelf)
    attempt_repair_shelf                     0x08002e79   Thumb Code    78  receive_from_pi.o(i.attempt_repair_shelf)
    i.calculateDuration                      0x08002ec8   Section        0  task_planner.o(i.calculateDuration)
    i.finalize_column_and_prepare_for_next   0x08002f18   Section        0  task_planner.o(i.finalize_column_and_prepare_for_next)
    i.find_best_target_for_orphan            0x08002f54   Section        0  task_planner.o(i.find_best_target_for_orphan)
    i.force_repair_to_perfect                0x0800300c   Section        0  receive_from_pi.o(i.force_repair_to_perfect)
    force_repair_to_perfect                  0x0800300d   Thumb Code   208  receive_from_pi.o(i.force_repair_to_perfect)
    i.get_column_from_shelf_slot             0x080030dc   Section        0  task_planner.o(i.get_column_from_shelf_slot)
    i.is_result_perfect                      0x08003104   Section        0  receive_from_pi.o(i.is_result_perfect)
    is_result_perfect                        0x08003105   Thumb Code   104  receive_from_pi.o(i.is_result_perfect)
    i.main                                   0x0800316c   Section        0  main.o(i.main)
    i.parse_string_to_result                 0x08003908   Section        0  receive_from_pi.o(i.parse_string_to_result)
    parse_string_to_result                   0x08003909   Thumb Code   144  receive_from_pi.o(i.parse_string_to_result)
    i.process_and_plan_task                  0x080039a4   Section        0  task_planner.o(i.process_and_plan_task)
    i.rpi_dual_signal_request_and_receive_polling 0x08003a80   Section        0  receive_from_pi.o(i.rpi_dual_signal_request_and_receive_polling)
    i.rpi_init_polling                       0x08003bc0   Section        0  receive_from_pi.o(i.rpi_init_polling)
    i.rpi_send_signal                        0x08003bcc   Section        0  receive_from_pi.o(i.rpi_send_signal)
    rpi_send_signal                          0x08003bcd   Thumb Code    40  receive_from_pi.o(i.rpi_send_signal)
    i.sendCommand_ArmRegrab                  0x08003bf8   Section        0  robot_actions.o(i.sendCommand_ArmRegrab)
    i.sendCommand_MoveTargetToTarget         0x08003c68   Section        0  robot_actions.o(i.sendCommand_MoveTargetToTarget)
    i.sendCommand_MoveToShelf                0x08003cbc   Section        0  robot_actions.o(i.sendCommand_MoveToShelf)
    i.sendCommand_MoveToStart                0x08003db4   Section        0  robot_actions.o(i.sendCommand_MoveToStart)
    i.sendCommand_PickBox                    0x08003de0   Section        0  robot_actions.o(i.sendCommand_PickBox)
    i.sendCommand_PlaceBox                   0x08003e2c   Section        0  robot_actions.o(i.sendCommand_PlaceBox)
    i.start_clock                            0x08003f84   Section        0  task_planner.o(i.start_clock)
    locale$$code                             0x08003fb0   Section       44  lc_ctype_c.o(locale$$code)
    x$fpl$dadd                               0x08003fdc   Section      336  daddsub_clz.o(x$fpl$dadd)
    $v0                                      0x08003fdc   Number         0  daddsub_clz.o(x$fpl$dadd)
    _dadd1                                   0x08003fed   Thumb Code     0  daddsub_clz.o(x$fpl$dadd)
    x$fpl$dcmpinf                            0x0800412c   Section       24  dcmpi.o(x$fpl$dcmpinf)
    $v0                                      0x0800412c   Number         0  dcmpi.o(x$fpl$dcmpinf)
    x$fpl$ddiv                               0x08004144   Section      688  ddiv.o(x$fpl$ddiv)
    $v0                                      0x08004144   Number         0  ddiv.o(x$fpl$ddiv)
    ddiv_entry                               0x0800414b   Thumb Code     0  ddiv.o(x$fpl$ddiv)
    x$fpl$dfltu                              0x080043f4   Section       38  dflt_clz.o(x$fpl$dfltu)
    $v0                                      0x080043f4   Number         0  dflt_clz.o(x$fpl$dfltu)
    x$fpl$dleqf                              0x0800441c   Section      120  dleqf.o(x$fpl$dleqf)
    $v0                                      0x0800441c   Number         0  dleqf.o(x$fpl$dleqf)
    x$fpl$dnaninf                            0x08004494   Section      156  dnaninf.o(x$fpl$dnaninf)
    $v0                                      0x08004494   Number         0  dnaninf.o(x$fpl$dnaninf)
    x$fpl$dretinf                            0x08004530   Section       12  dretinf.o(x$fpl$dretinf)
    $v0                                      0x08004530   Number         0  dretinf.o(x$fpl$dretinf)
    x$fpl$drleqf                             0x0800453c   Section      108  drleqf.o(x$fpl$drleqf)
    $v0                                      0x0800453c   Number         0  drleqf.o(x$fpl$drleqf)
    x$fpl$dsub                               0x080045a8   Section      468  daddsub_clz.o(x$fpl$dsub)
    $v0                                      0x080045a8   Number         0  daddsub_clz.o(x$fpl$dsub)
    _dsub1                                   0x080045b9   Thumb Code     0  daddsub_clz.o(x$fpl$dsub)
    x$fpl$fpinit                             0x0800477c   Section       10  fpinit.o(x$fpl$fpinit)
    $v0                                      0x0800477c   Number         0  fpinit.o(x$fpl$fpinit)
    .constdata                               0x08004786   Section        8  stm32f4xx_hal_dma.o(.constdata)
    x$fpl$usenofp                            0x08004786   Section        0  usenofp.o(x$fpl$usenofp)
    flagBitshiftOffset                       0x08004786   Data           8  stm32f4xx_hal_dma.o(.constdata)
    .constdata                               0x0800478e   Section       16  system_stm32f4xx.o(.constdata)
    .constdata                               0x0800479e   Section        8  system_stm32f4xx.o(.constdata)
    .constdata                               0x080047a8   Section       28  task_planner.o(.constdata)
    locale$$data                             0x080047e4   Section      272  lc_ctype_c.o(locale$$data)
    __lcctype_c_name                         0x080047e8   Data           2  lc_ctype_c.o(locale$$data)
    __lcctype_c_start                        0x080047f0   Data           0  lc_ctype_c.o(locale$$data)
    __lcctype_c_end                          0x080048f4   Data           0  lc_ctype_c.o(locale$$data)
    .data                                    0x20000000   Section       32  main.o(.data)
    .data                                    0x20000020   Section        8  main.o(.data)
    .data                                    0x20000028   Section        8  main.o(.data)
    .data                                    0x20000030   Section       12  stm32f4xx_hal.o(.data)
    .data                                    0x2000003c   Section        4  system_stm32f4xx.o(.data)
    .data                                    0x20000040   Section        4  receive_from_pi.o(.data)
    uart_handle_polling                      0x20000040   Data           4  receive_from_pi.o(.data)
    .data                                    0x20000044   Section        4  strtok.o(.data)
    _strtok_saves1                           0x20000044   Data           4  strtok.o(.data)
    .bss                                     0x20000048   Section      192  main.o(.bss)
    .bss                                     0x20000108   Section       72  tim.o(.bss)
    .bss                                     0x20000150   Section     1108  usart.o(.bss)
    .bss                                     0x200005a4   Section       96  libspace.o(.bss)
    HEAP                                     0x20000608   Section      512  startup_stm32f407xx.o(HEAP)
    Heap_Mem                                 0x20000608   Data         512  startup_stm32f407xx.o(HEAP)
    STACK                                    0x20000808   Section     1024  startup_stm32f407xx.o(STACK)
    Stack_Mem                                0x20000808   Data        1024  startup_stm32f407xx.o(STACK)
    __initial_sp                             0x20000c08   Data           0  startup_stm32f407xx.o(STACK)

    Global Symbols

    Symbol Name                              Value     Ov Type        Size  Object(Section)

    BuildAttributes$$THM_ISAv4$E$P$D$K$B$S$7EM$VFPi3$EXTD16$VFPS$VFMA$PE$A:L22UL41UL21$X:L11$S22US41US21$IEEE1$IW$USESV6$~STKCKD$USESV7$~SHL$OSPACE$ROPI$EBA8$UX$STANDARDLIB$REQ8$PRES8$EABIv2 0x00000000   Number         0  anon$$obj.o ABSOLUTE
    __ARM_use_no_argv                        0x00000000   Number         0  main.o ABSOLUTE
    __ARM_exceptions_init                     - Undefined Weak Reference
    __alloca_initialize                       - Undefined Weak Reference
    __arm_fini_                               - Undefined Weak Reference
    __arm_preinit_                            - Undefined Weak Reference
    __cpp_initialize__aeabi_                  - Undefined Weak Reference
    __cxa_finalize                            - Undefined Weak Reference
    __sigvec_lookup                           - Undefined Weak Reference
    _atexit_init                              - Undefined Weak Reference
    _call_atexit_fns                          - Undefined Weak Reference
    _clock_init                               - Undefined Weak Reference
    _fp_trap_init                             - Undefined Weak Reference
    _fp_trap_shutdown                         - Undefined Weak Reference
    _get_lc_collate                           - Undefined Weak Reference
    _get_lc_monetary                          - Undefined Weak Reference
    _get_lc_numeric                           - Undefined Weak Reference
    _get_lc_time                              - Undefined Weak Reference
    _getenv_init                              - Undefined Weak Reference
    _handle_redirection                       - Undefined Weak Reference
    _init_alloc                               - Undefined Weak Reference
    _init_user_alloc                          - Undefined Weak Reference
    _initio                                   - Undefined Weak Reference
    _rand_init                                - Undefined Weak Reference
    _scanf_int                                - Undefined Weak Reference
    _scanf_longlong                           - Undefined Weak Reference
    _scanf_mbtowc                             - Undefined Weak Reference
    _scanf_real                               - Undefined Weak Reference
    _scanf_wctomb                             - Undefined Weak Reference
    _scanf_wstring                            - Undefined Weak Reference
    _signal_finish                            - Undefined Weak Reference
    _signal_init                              - Undefined Weak Reference
    _terminate_alloc                          - Undefined Weak Reference
    _terminate_user_alloc                     - Undefined Weak Reference
    _terminateio                              - Undefined Weak Reference
    __Vectors_Size                           0x00000188   Number         0  startup_stm32f407xx.o ABSOLUTE
    __Vectors                                0x08000000   Data           4  startup_stm32f407xx.o(RESET)
    __Vectors_End                            0x08000188   Data           0  startup_stm32f407xx.o(RESET)
    __main                                   0x08000189   Thumb Code     8  __main.o(!!!main)
    __scatterload                            0x08000191   Thumb Code     0  __scatter.o(!!!scatter)
    __scatterload_rt2                        0x08000191   Thumb Code    44  __scatter.o(!!!scatter)
    __scatterload_rt2_thumb_only             0x08000191   Thumb Code     0  __scatter.o(!!!scatter)
    __scatterload_null                       0x0800019f   Thumb Code     0  __scatter.o(!!!scatter)
    __scatterload_copy                       0x080001c5   Thumb Code    26  __scatter_copy.o(!!handler_copy)
    __scatterload_zeroinit                   0x080001e1   Thumb Code    28  __scatter_zi.o(!!handler_zi)
    __rt_lib_init                            0x080001fd   Thumb Code     0  libinit.o(.ARM.Collect$$libinit$$00000000)
    __rt_lib_init_fp_1                       0x080001ff   Thumb Code     0  libinit2.o(.ARM.Collect$$libinit$$00000001)
    __rt_lib_init_heap_1                     0x08000203   Thumb Code     0  libinit2.o(.ARM.Collect$$libinit$$0000000A)
    __rt_lib_init_lc_common                  0x08000203   Thumb Code     0  libinit2.o(.ARM.Collect$$libinit$$0000000F)
    __rt_lib_init_preinit_1                  0x08000203   Thumb Code     0  libinit2.o(.ARM.Collect$$libinit$$00000004)
    __rt_lib_init_rand_1                     0x08000203   Thumb Code     0  libinit2.o(.ARM.Collect$$libinit$$0000000E)
    __rt_lib_init_user_alloc_1               0x08000203   Thumb Code     0  libinit2.o(.ARM.Collect$$libinit$$0000000C)
    __rt_lib_init_lc_collate_1               0x08000209   Thumb Code     0  libinit2.o(.ARM.Collect$$libinit$$00000011)
    __rt_lib_init_lc_ctype_2                 0x08000209   Thumb Code     0  libinit2.o(.ARM.Collect$$libinit$$00000012)
    __rt_lib_init_alloca_1                   0x08000215   Thumb Code     0  libinit2.o(.ARM.Collect$$libinit$$0000002E)
    __rt_lib_init_argv_1                     0x08000215   Thumb Code     0  libinit2.o(.ARM.Collect$$libinit$$0000002C)
    __rt_lib_init_atexit_1                   0x08000215   Thumb Code     0  libinit2.o(.ARM.Collect$$libinit$$0000001B)
    __rt_lib_init_clock_1                    0x08000215   Thumb Code     0  libinit2.o(.ARM.Collect$$libinit$$00000021)
    __rt_lib_init_cpp_1                      0x08000215   Thumb Code     0  libinit2.o(.ARM.Collect$$libinit$$00000032)
    __rt_lib_init_exceptions_1               0x08000215   Thumb Code     0  libinit2.o(.ARM.Collect$$libinit$$00000030)
    __rt_lib_init_fp_trap_1                  0x08000215   Thumb Code     0  libinit2.o(.ARM.Collect$$libinit$$0000001F)
    __rt_lib_init_getenv_1                   0x08000215   Thumb Code     0  libinit2.o(.ARM.Collect$$libinit$$00000023)
    __rt_lib_init_lc_ctype_1                 0x08000215   Thumb Code     0  libinit2.o(.ARM.Collect$$libinit$$00000013)
    __rt_lib_init_lc_monetary_1              0x08000215   Thumb Code     0  libinit2.o(.ARM.Collect$$libinit$$00000015)
    __rt_lib_init_lc_numeric_1               0x08000215   Thumb Code     0  libinit2.o(.ARM.Collect$$libinit$$00000017)
    __rt_lib_init_lc_time_1                  0x08000215   Thumb Code     0  libinit2.o(.ARM.Collect$$libinit$$00000019)
    __rt_lib_init_return                     0x08000215   Thumb Code     0  libinit2.o(.ARM.Collect$$libinit$$00000033)
    __rt_lib_init_signal_1                   0x08000215   Thumb Code     0  libinit2.o(.ARM.Collect$$libinit$$0000001D)
    __rt_lib_init_stdio_1                    0x08000215   Thumb Code     0  libinit2.o(.ARM.Collect$$libinit$$00000025)
    __rt_lib_shutdown                        0x08000217   Thumb Code     0  libshutdown.o(.ARM.Collect$$libshutdown$$00000000)
    __rt_lib_shutdown_cpp_1                  0x08000219   Thumb Code     0  libshutdown2.o(.ARM.Collect$$libshutdown$$00000004)
    __rt_lib_shutdown_fini_1                 0x08000219   Thumb Code     0  libshutdown2.o(.ARM.Collect$$libshutdown$$00000002)
    __rt_lib_shutdown_fp_trap_1              0x08000219   Thumb Code     0  libshutdown2.o(.ARM.Collect$$libshutdown$$00000009)
    __rt_lib_shutdown_heap_1                 0x08000219   Thumb Code     0  libshutdown2.o(.ARM.Collect$$libshutdown$$00000011)
    __rt_lib_shutdown_return                 0x08000219   Thumb Code     0  libshutdown2.o(.ARM.Collect$$libshutdown$$00000012)
    __rt_lib_shutdown_signal_1               0x08000219   Thumb Code     0  libshutdown2.o(.ARM.Collect$$libshutdown$$0000000C)
    __rt_lib_shutdown_stdio_1                0x08000219   Thumb Code     0  libshutdown2.o(.ARM.Collect$$libshutdown$$00000006)
    __rt_lib_shutdown_user_alloc_1           0x08000219   Thumb Code     0  libshutdown2.o(.ARM.Collect$$libshutdown$$0000000E)
    __rt_entry                               0x0800021b   Thumb Code     0  __rtentry.o(.ARM.Collect$$rtentry$$00000000)
    __rt_entry_presh_1                       0x0800021b   Thumb Code     0  __rtentry2.o(.ARM.Collect$$rtentry$$00000002)
    __rt_entry_sh                            0x0800021b   Thumb Code     0  __rtentry4.o(.ARM.Collect$$rtentry$$00000004)
    __rt_entry_li                            0x08000221   Thumb Code     0  __rtentry2.o(.ARM.Collect$$rtentry$$0000000A)
    __rt_entry_postsh_1                      0x08000221   Thumb Code     0  __rtentry2.o(.ARM.Collect$$rtentry$$00000009)
    __rt_entry_main                          0x08000225   Thumb Code     0  __rtentry2.o(.ARM.Collect$$rtentry$$0000000D)
    __rt_entry_postli_1                      0x08000225   Thumb Code     0  __rtentry2.o(.ARM.Collect$$rtentry$$0000000C)
    __rt_exit                                0x0800022d   Thumb Code     0  rtexit.o(.ARM.Collect$$rtexit$$00000000)
    __rt_exit_ls                             0x0800022f   Thumb Code     0  rtexit2.o(.ARM.Collect$$rtexit$$00000003)
    __rt_exit_prels_1                        0x0800022f   Thumb Code     0  rtexit2.o(.ARM.Collect$$rtexit$$00000002)
    __rt_exit_exit                           0x08000233   Thumb Code     0  rtexit2.o(.ARM.Collect$$rtexit$$00000004)
    Reset_Handler                            0x08000239   Thumb Code     8  startup_stm32f407xx.o(.text)
    ADC_IRQHandler                           0x08000253   Thumb Code     0  startup_stm32f407xx.o(.text)
    CAN1_RX0_IRQHandler                      0x08000253   Thumb Code     0  startup_stm32f407xx.o(.text)
    CAN1_RX1_IRQHandler                      0x08000253   Thumb Code     0  startup_stm32f407xx.o(.text)
    CAN1_SCE_IRQHandler                      0x08000253   Thumb Code     0  startup_stm32f407xx.o(.text)
    CAN1_TX_IRQHandler                       0x08000253   Thumb Code     0  startup_stm32f407xx.o(.text)
    CAN2_RX0_IRQHandler                      0x08000253   Thumb Code     0  startup_stm32f407xx.o(.text)
    CAN2_RX1_IRQHandler                      0x08000253   Thumb Code     0  startup_stm32f407xx.o(.text)
    CAN2_SCE_IRQHandler                      0x08000253   Thumb Code     0  startup_stm32f407xx.o(.text)
    CAN2_TX_IRQHandler                       0x08000253   Thumb Code     0  startup_stm32f407xx.o(.text)
    DCMI_IRQHandler                          0x08000253   Thumb Code     0  startup_stm32f407xx.o(.text)
    DMA1_Stream0_IRQHandler                  0x08000253   Thumb Code     0  startup_stm32f407xx.o(.text)
    DMA1_Stream2_IRQHandler                  0x08000253   Thumb Code     0  startup_stm32f407xx.o(.text)
    DMA1_Stream4_IRQHandler                  0x08000253   Thumb Code     0  startup_stm32f407xx.o(.text)
    DMA1_Stream7_IRQHandler                  0x08000253   Thumb Code     0  startup_stm32f407xx.o(.text)
    DMA2_Stream0_IRQHandler                  0x08000253   Thumb Code     0  startup_stm32f407xx.o(.text)
    DMA2_Stream3_IRQHandler                  0x08000253   Thumb Code     0  startup_stm32f407xx.o(.text)
    DMA2_Stream4_IRQHandler                  0x08000253   Thumb Code     0  startup_stm32f407xx.o(.text)
    DMA2_Stream5_IRQHandler                  0x08000253   Thumb Code     0  startup_stm32f407xx.o(.text)
    ETH_IRQHandler                           0x08000253   Thumb Code     0  startup_stm32f407xx.o(.text)
    ETH_WKUP_IRQHandler                      0x08000253   Thumb Code     0  startup_stm32f407xx.o(.text)
    EXTI0_IRQHandler                         0x08000253   Thumb Code     0  startup_stm32f407xx.o(.text)
    EXTI15_10_IRQHandler                     0x08000253   Thumb Code     0  startup_stm32f407xx.o(.text)
    EXTI1_IRQHandler                         0x08000253   Thumb Code     0  startup_stm32f407xx.o(.text)
    EXTI2_IRQHandler                         0x08000253   Thumb Code     0  startup_stm32f407xx.o(.text)
    EXTI3_IRQHandler                         0x08000253   Thumb Code     0  startup_stm32f407xx.o(.text)
    EXTI4_IRQHandler                         0x08000253   Thumb Code     0  startup_stm32f407xx.o(.text)
    EXTI9_5_IRQHandler                       0x08000253   Thumb Code     0  startup_stm32f407xx.o(.text)
    FLASH_IRQHandler                         0x08000253   Thumb Code     0  startup_stm32f407xx.o(.text)
    FMC_IRQHandler                           0x08000253   Thumb Code     0  startup_stm32f407xx.o(.text)
    FPU_IRQHandler                           0x08000253   Thumb Code     0  startup_stm32f407xx.o(.text)
    HASH_RNG_IRQHandler                      0x08000253   Thumb Code     0  startup_stm32f407xx.o(.text)
    I2C1_ER_IRQHandler                       0x08000253   Thumb Code     0  startup_stm32f407xx.o(.text)
    I2C1_EV_IRQHandler                       0x08000253   Thumb Code     0  startup_stm32f407xx.o(.text)
    I2C2_ER_IRQHandler                       0x08000253   Thumb Code     0  startup_stm32f407xx.o(.text)
    I2C2_EV_IRQHandler                       0x08000253   Thumb Code     0  startup_stm32f407xx.o(.text)
    I2C3_ER_IRQHandler                       0x08000253   Thumb Code     0  startup_stm32f407xx.o(.text)
    I2C3_EV_IRQHandler                       0x08000253   Thumb Code     0  startup_stm32f407xx.o(.text)
    OTG_FS_IRQHandler                        0x08000253   Thumb Code     0  startup_stm32f407xx.o(.text)
    OTG_FS_WKUP_IRQHandler                   0x08000253   Thumb Code     0  startup_stm32f407xx.o(.text)
    OTG_HS_EP1_IN_IRQHandler                 0x08000253   Thumb Code     0  startup_stm32f407xx.o(.text)
    OTG_HS_EP1_OUT_IRQHandler                0x08000253   Thumb Code     0  startup_stm32f407xx.o(.text)
    OTG_HS_IRQHandler                        0x08000253   Thumb Code     0  startup_stm32f407xx.o(.text)
    OTG_HS_WKUP_IRQHandler                   0x08000253   Thumb Code     0  startup_stm32f407xx.o(.text)
    PVD_IRQHandler                           0x08000253   Thumb Code     0  startup_stm32f407xx.o(.text)
    RCC_IRQHandler                           0x08000253   Thumb Code     0  startup_stm32f407xx.o(.text)
    RTC_Alarm_IRQHandler                     0x08000253   Thumb Code     0  startup_stm32f407xx.o(.text)
    RTC_WKUP_IRQHandler                      0x08000253   Thumb Code     0  startup_stm32f407xx.o(.text)
    SDIO_IRQHandler                          0x08000253   Thumb Code     0  startup_stm32f407xx.o(.text)
    SPI1_IRQHandler                          0x08000253   Thumb Code     0  startup_stm32f407xx.o(.text)
    SPI2_IRQHandler                          0x08000253   Thumb Code     0  startup_stm32f407xx.o(.text)
    SPI3_IRQHandler                          0x08000253   Thumb Code     0  startup_stm32f407xx.o(.text)
    TAMP_STAMP_IRQHandler                    0x08000253   Thumb Code     0  startup_stm32f407xx.o(.text)
    TIM1_BRK_TIM9_IRQHandler                 0x08000253   Thumb Code     0  startup_stm32f407xx.o(.text)
    TIM1_CC_IRQHandler                       0x08000253   Thumb Code     0  startup_stm32f407xx.o(.text)
    TIM1_TRG_COM_TIM11_IRQHandler            0x08000253   Thumb Code     0  startup_stm32f407xx.o(.text)
    TIM1_UP_TIM10_IRQHandler                 0x08000253   Thumb Code     0  startup_stm32f407xx.o(.text)
    TIM2_IRQHandler                          0x08000253   Thumb Code     0  startup_stm32f407xx.o(.text)
    TIM3_IRQHandler                          0x08000253   Thumb Code     0  startup_stm32f407xx.o(.text)
    TIM4_IRQHandler                          0x08000253   Thumb Code     0  startup_stm32f407xx.o(.text)
    TIM5_IRQHandler                          0x08000253   Thumb Code     0  startup_stm32f407xx.o(.text)
    TIM6_DAC_IRQHandler                      0x08000253   Thumb Code     0  startup_stm32f407xx.o(.text)
    TIM7_IRQHandler                          0x08000253   Thumb Code     0  startup_stm32f407xx.o(.text)
    TIM8_BRK_TIM12_IRQHandler                0x08000253   Thumb Code     0  startup_stm32f407xx.o(.text)
    TIM8_CC_IRQHandler                       0x08000253   Thumb Code     0  startup_stm32f407xx.o(.text)
    TIM8_TRG_COM_TIM14_IRQHandler            0x08000253   Thumb Code     0  startup_stm32f407xx.o(.text)
    TIM8_UP_TIM13_IRQHandler                 0x08000253   Thumb Code     0  startup_stm32f407xx.o(.text)
    UART4_IRQHandler                         0x08000253   Thumb Code     0  startup_stm32f407xx.o(.text)
    UART5_IRQHandler                         0x08000253   Thumb Code     0  startup_stm32f407xx.o(.text)
    WWDG_IRQHandler                          0x08000253   Thumb Code     0  startup_stm32f407xx.o(.text)
    __user_initial_stackheap                 0x08000255   Thumb Code     0  startup_stm32f407xx.o(.text)
    __aeabi_uldivmod                         0x08000279   Thumb Code     0  lludivv7m.o(.text)
    _ll_udiv                                 0x08000279   Thumb Code   238  lludivv7m.o(.text)
    __0sscanf                                0x08000369   Thumb Code    52  __0sscanf.o(.text)
    _scanf_string                            0x080003a5   Thumb Code   224  _scanf_str.o(.text)
    strtok                                   0x08000485   Thumb Code     6  strtok.o(.text)
    strlen                                   0x08000491   Thumb Code    62  strlen.o(.text)
    __aeabi_memcpy4                          0x080004cf   Thumb Code     0  rt_memcpy_w.o(.text)
    __aeabi_memcpy8                          0x080004cf   Thumb Code     0  rt_memcpy_w.o(.text)
    __rt_memcpy_w                            0x080004cf   Thumb Code   100  rt_memcpy_w.o(.text)
    _memcpy_lastbytes_aligned                0x08000517   Thumb Code     0  rt_memcpy_w.o(.text)
    __aeabi_memset                           0x08000533   Thumb Code    16  aeabi_memset.o(.text)
    __aeabi_memclr4                          0x08000543   Thumb Code     0  rt_memclr_w.o(.text)
    __aeabi_memclr8                          0x08000543   Thumb Code     0  rt_memclr_w.o(.text)
    __rt_memclr_w                            0x08000543   Thumb Code    78  rt_memclr_w.o(.text)
    _memset_w                                0x08000547   Thumb Code     0  rt_memclr_w.o(.text)
    strncpy                                  0x08000591   Thumb Code    86  strncpy.o(.text)
    __use_two_region_memory                  0x080005e7   Thumb Code     2  heapauxi.o(.text)
    __rt_heap_escrow$2region                 0x080005e9   Thumb Code     2  heapauxi.o(.text)
    __rt_heap_expand$2region                 0x080005eb   Thumb Code     2  heapauxi.o(.text)
    __vfscanf_char                           0x080005f9   Thumb Code    24  scanf_char.o(.text)
    _sgetc                                   0x08000619   Thumb Code    30  _sgetc.o(.text)
    _sbackspace                              0x08000637   Thumb Code    34  _sgetc.o(.text)
    __strtok_internal                        0x08000659   Thumb Code    64  strtok_int.o(.text)
    __aeabi_memclr                           0x0800069d   Thumb Code     0  rt_memclr.o(.text)
    __rt_memclr                              0x0800069d   Thumb Code    68  rt_memclr.o(.text)
    _memset                                  0x080006a1   Thumb Code     0  rt_memclr.o(.text)
    isspace                                  0x080006e1   Thumb Code    18  isspace.o(.text)
    __vfscanf                                0x080006f5   Thumb Code   880  _scanf.o(.text)
    strcspn                                  0x08000a69   Thumb Code    32  strcspn.o(.text)
    strspn                                   0x08000a89   Thumb Code    28  strspn.o(.text)
    __user_setup_stackheap                   0x08000aa5   Thumb Code    74  sys_stackheap_outer.o(.text)
    __rt_ctype_table                         0x08000af1   Thumb Code    16  rt_ctype_table.o(.text)
    exit                                     0x08000b01   Thumb Code    18  exit.o(.text)
    __user_libspace                          0x08000b15   Thumb Code     8  libspace.o(.text)
    __user_perproc_libspace                  0x08000b15   Thumb Code     0  libspace.o(.text)
    __user_perthread_libspace                0x08000b15   Thumb Code     0  libspace.o(.text)
    __rt_locale                              0x08000b1d   Thumb Code     8  rt_locale_intlibspace.o(.text)
    _sys_exit                                0x08000b25   Thumb Code     8  sys_exit.o(.text)
    strcmp                                   0x08000b31   Thumb Code   128  strcmpv7m.o(.text)
    __I$use$semihosting                      0x08000bb1   Thumb Code     0  use_no_semi.o(.text)
    __use_no_semihosting_swi                 0x08000bb1   Thumb Code     2  use_no_semi.o(.text)
    BusFault_Handler                         0x08000bb3   Thumb Code     2  stm32f4xx_it.o(i.BusFault_Handler)
    __semihosting_library_function           0x08000bb3   Thumb Code     0  indicate_semi.o(.text)
    DMA1_Stream1_IRQHandler                  0x08000bb5   Thumb Code     6  stm32f4xx_it.o(i.DMA1_Stream1_IRQHandler)
    DMA1_Stream3_IRQHandler                  0x08000bc1   Thumb Code     6  stm32f4xx_it.o(i.DMA1_Stream3_IRQHandler)
    DMA1_Stream5_IRQHandler                  0x08000bcd   Thumb Code     6  stm32f4xx_it.o(i.DMA1_Stream5_IRQHandler)
    DMA1_Stream6_IRQHandler                  0x08000bd9   Thumb Code     6  stm32f4xx_it.o(i.DMA1_Stream6_IRQHandler)
    DMA2_Stream1_IRQHandler                  0x08000be5   Thumb Code     6  stm32f4xx_it.o(i.DMA2_Stream1_IRQHandler)
    DMA2_Stream2_IRQHandler                  0x08000bf1   Thumb Code     6  stm32f4xx_it.o(i.DMA2_Stream2_IRQHandler)
    DMA2_Stream6_IRQHandler                  0x08000bfd   Thumb Code     6  stm32f4xx_it.o(i.DMA2_Stream6_IRQHandler)
    DMA2_Stream7_IRQHandler                  0x08000c09   Thumb Code     6  stm32f4xx_it.o(i.DMA2_Stream7_IRQHandler)
    DebugMon_Handler                         0x08000cb9   Thumb Code     2  stm32f4xx_it.o(i.DebugMon_Handler)
    Error_Handler                            0x08000cbb   Thumb Code     4  main.o(i.Error_Handler)
    HAL_DMA_Abort                            0x08000cbf   Thumb Code   146  stm32f4xx_hal_dma.o(i.HAL_DMA_Abort)
    HAL_DMA_Abort_IT                         0x08000d51   Thumb Code    36  stm32f4xx_hal_dma.o(i.HAL_DMA_Abort_IT)
    HAL_DMA_IRQHandler                       0x08000d75   Thumb Code   412  stm32f4xx_hal_dma.o(i.HAL_DMA_IRQHandler)
    HAL_DMA_Init                             0x08000f15   Thumb Code   206  stm32f4xx_hal_dma.o(i.HAL_DMA_Init)
    HAL_DMA_Start_IT                         0x08000fe9   Thumb Code   110  stm32f4xx_hal_dma.o(i.HAL_DMA_Start_IT)
    HAL_Delay                                0x08001059   Thumb Code    32  stm32f4xx_hal.o(i.HAL_Delay)
    HAL_GPIO_Init                            0x0800107d   Thumb Code   450  stm32f4xx_hal_gpio.o(i.HAL_GPIO_Init)
    HAL_GPIO_ReadPin                         0x0800126d   Thumb Code    10  stm32f4xx_hal_gpio.o(i.HAL_GPIO_ReadPin)
    HAL_GPIO_TogglePin                       0x08001277   Thumb Code    16  stm32f4xx_hal_gpio.o(i.HAL_GPIO_TogglePin)
    HAL_GPIO_WritePin                        0x08001287   Thumb Code    10  stm32f4xx_hal_gpio.o(i.HAL_GPIO_WritePin)
    HAL_GetTick                              0x08001291   Thumb Code     6  stm32f4xx_hal.o(i.HAL_GetTick)
    HAL_IncTick                              0x0800129d   Thumb Code    12  stm32f4xx_hal.o(i.HAL_IncTick)
    HAL_Init                                 0x080012ad   Thumb Code    48  stm32f4xx_hal.o(i.HAL_Init)
    HAL_InitTick                             0x080012e1   Thumb Code    54  stm32f4xx_hal.o(i.HAL_InitTick)
    HAL_MspInit                              0x08001321   Thumb Code    42  stm32f4xx_hal_msp.o(i.HAL_MspInit)
    HAL_NVIC_EnableIRQ                       0x08001351   Thumb Code    26  stm32f4xx_hal_cortex.o(i.HAL_NVIC_EnableIRQ)
    HAL_NVIC_SetPriority                     0x0800136d   Thumb Code    60  stm32f4xx_hal_cortex.o(i.HAL_NVIC_SetPriority)
    HAL_NVIC_SetPriorityGrouping             0x080013ad   Thumb Code    26  stm32f4xx_hal_cortex.o(i.HAL_NVIC_SetPriorityGrouping)
    HAL_RCC_ClockConfig                      0x080013d1   Thumb Code   288  stm32f4xx_hal_rcc.o(i.HAL_RCC_ClockConfig)
    HAL_RCC_GetPCLK1Freq                     0x08001505   Thumb Code    20  stm32f4xx_hal_rcc.o(i.HAL_RCC_GetPCLK1Freq)
    HAL_RCC_GetPCLK2Freq                     0x08001525   Thumb Code    20  stm32f4xx_hal_rcc.o(i.HAL_RCC_GetPCLK2Freq)
    HAL_RCC_GetSysClockFreq                  0x08001545   Thumb Code    88  stm32f4xx_hal_rcc.o(i.HAL_RCC_GetSysClockFreq)
    HAL_RCC_OscConfig                        0x080015a5   Thumb Code   856  stm32f4xx_hal_rcc.o(i.HAL_RCC_OscConfig)
    HAL_SYSTICK_Config                       0x08001911   Thumb Code    40  stm32f4xx_hal_cortex.o(i.HAL_SYSTICK_Config)
    HAL_TIMEx_MasterConfigSynchronization    0x08001939   Thumb Code   116  stm32f4xx_hal_tim_ex.o(i.HAL_TIMEx_MasterConfigSynchronization)
    HAL_TIM_Base_Init                        0x080019c9   Thumb Code    90  stm32f4xx_hal_tim.o(i.HAL_TIM_Base_Init)
    HAL_TIM_Base_MspInit                     0x08001a25   Thumb Code    30  tim.o(i.HAL_TIM_Base_MspInit)
    HAL_TIM_Base_Start                       0x08001a49   Thumb Code    90  stm32f4xx_hal_tim.o(i.HAL_TIM_Base_Start)
    HAL_TIM_ConfigClockSource                0x08001ac1   Thumb Code   220  stm32f4xx_hal_tim.o(i.HAL_TIM_ConfigClockSource)
    HAL_UARTEx_RxEventCallback               0x08001b9d   Thumb Code     2  stm32f4xx_hal_uart.o(i.HAL_UARTEx_RxEventCallback)
    HAL_UART_ErrorCallback                   0x08001ba1   Thumb Code    80  main.o(i.HAL_UART_ErrorCallback)
    HAL_UART_IRQHandler                      0x08001c0d   Thumb Code   610  stm32f4xx_hal_uart.o(i.HAL_UART_IRQHandler)
    HAL_UART_Init                            0x08001e75   Thumb Code    98  stm32f4xx_hal_uart.o(i.HAL_UART_Init)
    HAL_UART_MspInit                         0x08001ed9   Thumb Code   918  usart.o(i.HAL_UART_MspInit)
    HAL_UART_Receive                         0x080022ad   Thumb Code   192  stm32f4xx_hal_uart.o(i.HAL_UART_Receive)
    HAL_UART_Receive_IT                      0x0800236d   Thumb Code    42  stm32f4xx_hal_uart.o(i.HAL_UART_Receive_IT)
    HAL_UART_RxCpltCallback                  0x08002399   Thumb Code   102  main.o(i.HAL_UART_RxCpltCallback)
    HAL_UART_Transmit                        0x0800241d   Thumb Code   178  stm32f4xx_hal_uart.o(i.HAL_UART_Transmit)
    HAL_UART_Transmit_DMA                    0x080024d1   Thumb Code   126  stm32f4xx_hal_uart.o(i.HAL_UART_Transmit_DMA)
    HAL_UART_TxCpltCallback                  0x0800255d   Thumb Code     2  stm32f4xx_hal_uart.o(i.HAL_UART_TxCpltCallback)
    HAL_UART_TxHalfCpltCallback              0x0800255f   Thumb Code     2  stm32f4xx_hal_uart.o(i.HAL_UART_TxHalfCpltCallback)
    HardFault_Handler                        0x08002561   Thumb Code     2  stm32f4xx_it.o(i.HardFault_Handler)
    MX_DMA_Init                              0x08002565   Thumb Code   168  dma.o(i.MX_DMA_Init)
    MX_GPIO_Init                             0x08002611   Thumb Code   146  gpio.o(i.MX_GPIO_Init)
    MX_TIM2_Init                             0x080026ad   Thumb Code    96  tim.o(i.MX_TIM2_Init)
    MX_UART5_Init                            0x08002711   Thumb Code    52  usart.o(i.MX_UART5_Init)
    MX_USART1_UART_Init                      0x0800274d   Thumb Code    52  usart.o(i.MX_USART1_UART_Init)
    MX_USART2_UART_Init                      0x08002789   Thumb Code    52  usart.o(i.MX_USART2_UART_Init)
    MX_USART3_UART_Init                      0x080027c5   Thumb Code    52  usart.o(i.MX_USART3_UART_Init)
    MX_USART6_UART_Init                      0x08002801   Thumb Code    52  usart.o(i.MX_USART6_UART_Init)
    MemManage_Handler                        0x0800283d   Thumb Code     2  stm32f4xx_it.o(i.MemManage_Handler)
    NMI_Handler                              0x0800283f   Thumb Code     2  stm32f4xx_it.o(i.NMI_Handler)
    PendSV_Handler                           0x08002841   Thumb Code     2  stm32f4xx_it.o(i.PendSV_Handler)
    SVC_Handler                              0x08002843   Thumb Code     2  stm32f4xx_it.o(i.SVC_Handler)
    SysTick_Handler                          0x08002845   Thumb Code     4  stm32f4xx_it.o(i.SysTick_Handler)
    SystemClock_Config                       0x08002849   Thumb Code   138  main.o(i.SystemClock_Config)
    SystemInit                               0x080028dd   Thumb Code    12  system_stm32f4xx.o(i.SystemInit)
    TIM_Base_SetConfig                       0x080028ed   Thumb Code   156  stm32f4xx_hal_tim.o(i.TIM_Base_SetConfig)
    TIM_ETR_SetConfig                        0x080029b5   Thumb Code    20  stm32f4xx_hal_tim.o(i.TIM_ETR_SetConfig)
    UART_Start_Receive_IT                    0x08002cfd   Thumb Code    58  stm32f4xx_hal_uart.o(i.UART_Start_Receive_IT)
    USART1_IRQHandler                        0x08002db1   Thumb Code     6  stm32f4xx_it.o(i.USART1_IRQHandler)
    USART2_IRQHandler                        0x08002dbd   Thumb Code     6  stm32f4xx_it.o(i.USART2_IRQHandler)
    USART3_IRQHandler                        0x08002dc9   Thumb Code     6  stm32f4xx_it.o(i.USART3_IRQHandler)
    USART6_IRQHandler                        0x08002dd5   Thumb Code     6  stm32f4xx_it.o(i.USART6_IRQHandler)
    UsageFault_Handler                       0x08002de1   Thumb Code     2  stm32f4xx_it.o(i.UsageFault_Handler)
    calculateDuration                        0x08002ec9   Thumb Code    58  task_planner.o(i.calculateDuration)
    finalize_column_and_prepare_for_next     0x08002f19   Thumb Code    42  task_planner.o(i.finalize_column_and_prepare_for_next)
    find_best_target_for_orphan              0x08002f55   Thumb Code   176  task_planner.o(i.find_best_target_for_orphan)
    get_column_from_shelf_slot               0x080030dd   Thumb Code    40  task_planner.o(i.get_column_from_shelf_slot)
    main                                     0x0800316d   Thumb Code  1900  main.o(i.main)
    process_and_plan_task                    0x080039a5   Thumb Code   214  task_planner.o(i.process_and_plan_task)
    rpi_dual_signal_request_and_receive_polling 0x08003a81   Thumb Code   316  receive_from_pi.o(i.rpi_dual_signal_request_and_receive_polling)
    rpi_init_polling                         0x08003bc1   Thumb Code     6  receive_from_pi.o(i.rpi_init_polling)
    sendCommand_ArmRegrab                    0x08003bf9   Thumb Code    84  robot_actions.o(i.sendCommand_ArmRegrab)
    sendCommand_MoveTargetToTarget           0x08003c69   Thumb Code    54  robot_actions.o(i.sendCommand_MoveTargetToTarget)
    sendCommand_MoveToShelf                  0x08003cbd   Thumb Code   186  robot_actions.o(i.sendCommand_MoveToShelf)
    sendCommand_MoveToStart                  0x08003db5   Thumb Code    32  robot_actions.o(i.sendCommand_MoveToStart)
    sendCommand_PickBox                      0x08003de1   Thumb Code    50  robot_actions.o(i.sendCommand_PickBox)
    sendCommand_PlaceBox                     0x08003e2d   Thumb Code   280  robot_actions.o(i.sendCommand_PlaceBox)
    start_clock                              0x08003f85   Thumb Code    34  task_planner.o(i.start_clock)
    _get_lc_ctype                            0x08003fb1   Thumb Code    44  lc_ctype_c.o(locale$$code)
    __aeabi_dadd                             0x08003fdd   Thumb Code     0  daddsub_clz.o(x$fpl$dadd)
    _dadd                                    0x08003fdd   Thumb Code   332  daddsub_clz.o(x$fpl$dadd)
    __fpl_dcmp_Inf                           0x0800412d   Thumb Code    24  dcmpi.o(x$fpl$dcmpinf)
    __aeabi_ddiv                             0x08004145   Thumb Code     0  ddiv.o(x$fpl$ddiv)
    _ddiv                                    0x08004145   Thumb Code   552  ddiv.o(x$fpl$ddiv)
    __aeabi_ui2d                             0x080043f5   Thumb Code     0  dflt_clz.o(x$fpl$dfltu)
    _dfltu                                   0x080043f5   Thumb Code    38  dflt_clz.o(x$fpl$dfltu)
    __aeabi_cdcmple                          0x0800441d   Thumb Code     0  dleqf.o(x$fpl$dleqf)
    _dcmple                                  0x0800441d   Thumb Code   120  dleqf.o(x$fpl$dleqf)
    __fpl_dcmple_InfNaN                      0x0800447f   Thumb Code     0  dleqf.o(x$fpl$dleqf)
    __fpl_dnaninf                            0x08004495   Thumb Code   156  dnaninf.o(x$fpl$dnaninf)
    __fpl_dretinf                            0x08004531   Thumb Code    12  dretinf.o(x$fpl$dretinf)
    __aeabi_cdrcmple                         0x0800453d   Thumb Code     0  drleqf.o(x$fpl$drleqf)
    _drcmple                                 0x0800453d   Thumb Code   108  drleqf.o(x$fpl$drleqf)
    __aeabi_dsub                             0x080045a9   Thumb Code     0  daddsub_clz.o(x$fpl$dsub)
    _dsub                                    0x080045a9   Thumb Code   464  daddsub_clz.o(x$fpl$dsub)
    _fp_init                                 0x0800477d   Thumb Code    10  fpinit.o(x$fpl$fpinit)
    __fplib_config_fpu_vfp                   0x08004785   Thumb Code     0  fpinit.o(x$fpl$fpinit)
    __fplib_config_pureend_doubles           0x08004785   Thumb Code     0  fpinit.o(x$fpl$fpinit)
    __I$use$fp                               0x08004786   Number         0  usenofp.o(x$fpl$usenofp)
    AHBPrescTable                            0x0800478e   Data          16  system_stm32f4xx.o(.constdata)
    APBPrescTable                            0x0800479e   Data           8  system_stm32f4xx.o(.constdata)
    Region$$Table$$Base                      0x080047c4   Number         0  anon$$obj.o(Region$$Table)
    Region$$Table$$Limit                     0x080047e4   Number         0  anon$$obj.o(Region$$Table)
    __ctype                                  0x080047f1   Data           0  lc_ctype_c.o(locale$$data)
    current_robot_position                   0x20000000   Data           1  main.o(.data)
    current_state                            0x20000001   Data           1  main.o(.data)
    wheel_ack                                0x20000004   Data           4  main.o(.data)
    jixiebi_ack                              0x20000008   Data           4  main.o(.data)
    dajiang_ack                              0x2000000c   Data           4  main.o(.data)
    jixiebi_next_ok                          0x20000010   Data           4  main.o(.data)
    receiveData                              0x20000014   Data           4  main.o(.data)
    duration                                 0x20000018   Data           8  main.o(.data)
    start_time                               0x20000020   Data           8  main.o(.data)
    current_time                             0x20000028   Data           8  main.o(.data)
    uwTickFreq                               0x20000030   Data           1  stm32f4xx_hal.o(.data)
    uwTickPrio                               0x20000034   Data           4  stm32f4xx_hal.o(.data)
    uwTick                                   0x20000038   Data           4  stm32f4xx_hal.o(.data)
    SystemCoreClock                          0x2000003c   Data           4  system_stm32f4xx.o(.data)
    is_area_occupied                         0x20000048   Data          24  main.o(.bss)
    task_info                                0x20000060   Data         120  main.o(.bss)
    recognition_data                         0x200000d8   Data          48  main.o(.bss)
    htim2                                    0x20000108   Data          72  tim.o(.bss)
    huart5                                   0x20000150   Data          68  usart.o(.bss)
    huart1                                   0x20000194   Data          68  usart.o(.bss)
    huart2                                   0x200001d8   Data          68  usart.o(.bss)
    huart3                                   0x2000021c   Data          68  usart.o(.bss)
    huart6                                   0x20000260   Data          68  usart.o(.bss)
    hdma_usart1_tx                           0x200002a4   Data          96  usart.o(.bss)
    hdma_usart1_rx                           0x20000304   Data          96  usart.o(.bss)
    hdma_usart2_tx                           0x20000364   Data          96  usart.o(.bss)
    hdma_usart2_rx                           0x200003c4   Data          96  usart.o(.bss)
    hdma_usart3_rx                           0x20000424   Data          96  usart.o(.bss)
    hdma_usart3_tx                           0x20000484   Data          96  usart.o(.bss)
    hdma_usart6_rx                           0x200004e4   Data          96  usart.o(.bss)
    hdma_usart6_tx                           0x20000544   Data          96  usart.o(.bss)
    __libspace_start                         0x200005a4   Data          96  libspace.o(.bss)
    __temporary_stack_top$libspace           0x20000604   Data           0  libspace.o(.bss)



==============================================================================

Memory Map of the image

  Image Entry point : 0x08000189

  Load Region LR_IROM1 (Base: 0x08000000, Size: 0x0000493c, Max: 0x00100000, ABSOLUTE)

    Execution Region ER_IROM1 (Exec base: 0x08000000, Load base: 0x08000000, Size: 0x000048f4, Max: 0x00100000, ABSOLUTE)

    Exec Addr    Load Addr    Size         Type   Attr      Idx    E Section Name        Object

    0x08000000   0x08000000   0x00000188   Data   RO            3    RESET               startup_stm32f407xx.o
    0x08000188   0x08000188   0x00000008   Code   RO         3260  * !!!main             c_w.l(__main.o)
    0x08000190   0x08000190   0x00000034   Code   RO         3484    !!!scatter          c_w.l(__scatter.o)
    0x080001c4   0x080001c4   0x0000001a   Code   RO         3486    !!handler_copy      c_w.l(__scatter_copy.o)
    0x080001de   0x080001de   0x00000002   PAD
    0x080001e0   0x080001e0   0x0000001c   Code   RO         3488    !!handler_zi        c_w.l(__scatter_zi.o)
    0x080001fc   0x080001fc   0x00000002   Code   RO         3342    .ARM.Collect$$libinit$$00000000  c_w.l(libinit.o)
    0x080001fe   0x080001fe   0x00000004   Code   RO         3362    .ARM.Collect$$libinit$$00000001  c_w.l(libinit2.o)
    0x08000202   0x08000202   0x00000000   Code   RO         3365    .ARM.Collect$$libinit$$00000004  c_w.l(libinit2.o)
    0x08000202   0x08000202   0x00000000   Code   RO         3368    .ARM.Collect$$libinit$$0000000A  c_w.l(libinit2.o)
    0x08000202   0x08000202   0x00000000   Code   RO         3370    .ARM.Collect$$libinit$$0000000C  c_w.l(libinit2.o)
    0x08000202   0x08000202   0x00000000   Code   RO         3372    .ARM.Collect$$libinit$$0000000E  c_w.l(libinit2.o)
    0x08000202   0x08000202   0x00000006   Code   RO         3373    .ARM.Collect$$libinit$$0000000F  c_w.l(libinit2.o)
    0x08000208   0x08000208   0x00000000   Code   RO         3375    .ARM.Collect$$libinit$$00000011  c_w.l(libinit2.o)
    0x08000208   0x08000208   0x0000000c   Code   RO         3376    .ARM.Collect$$libinit$$00000012  c_w.l(libinit2.o)
    0x08000214   0x08000214   0x00000000   Code   RO         3377    .ARM.Collect$$libinit$$00000013  c_w.l(libinit2.o)
    0x08000214   0x08000214   0x00000000   Code   RO         3379    .ARM.Collect$$libinit$$00000015  c_w.l(libinit2.o)
    0x08000214   0x08000214   0x00000000   Code   RO         3381    .ARM.Collect$$libinit$$00000017  c_w.l(libinit2.o)
    0x08000214   0x08000214   0x00000000   Code   RO         3383    .ARM.Collect$$libinit$$00000019  c_w.l(libinit2.o)
    0x08000214   0x08000214   0x00000000   Code   RO         3385    .ARM.Collect$$libinit$$0000001B  c_w.l(libinit2.o)
    0x08000214   0x08000214   0x00000000   Code   RO         3387    .ARM.Collect$$libinit$$0000001D  c_w.l(libinit2.o)
    0x08000214   0x08000214   0x00000000   Code   RO         3389    .ARM.Collect$$libinit$$0000001F  c_w.l(libinit2.o)
    0x08000214   0x08000214   0x00000000   Code   RO         3391    .ARM.Collect$$libinit$$00000021  c_w.l(libinit2.o)
    0x08000214   0x08000214   0x00000000   Code   RO         3393    .ARM.Collect$$libinit$$00000023  c_w.l(libinit2.o)
    0x08000214   0x08000214   0x00000000   Code   RO         3395    .ARM.Collect$$libinit$$00000025  c_w.l(libinit2.o)
    0x08000214   0x08000214   0x00000000   Code   RO         3399    .ARM.Collect$$libinit$$0000002C  c_w.l(libinit2.o)
    0x08000214   0x08000214   0x00000000   Code   RO         3401    .ARM.Collect$$libinit$$0000002E  c_w.l(libinit2.o)
    0x08000214   0x08000214   0x00000000   Code   RO         3403    .ARM.Collect$$libinit$$00000030  c_w.l(libinit2.o)
    0x08000214   0x08000214   0x00000000   Code   RO         3405    .ARM.Collect$$libinit$$00000032  c_w.l(libinit2.o)
    0x08000214   0x08000214   0x00000002   Code   RO         3406    .ARM.Collect$$libinit$$00000033  c_w.l(libinit2.o)
    0x08000216   0x08000216   0x00000002   Code   RO         3439    .ARM.Collect$$libshutdown$$00000000  c_w.l(libshutdown.o)
    0x08000218   0x08000218   0x00000000   Code   RO         3465    .ARM.Collect$$libshutdown$$00000002  c_w.l(libshutdown2.o)
    0x08000218   0x08000218   0x00000000   Code   RO         3467    .ARM.Collect$$libshutdown$$00000004  c_w.l(libshutdown2.o)
    0x08000218   0x08000218   0x00000000   Code   RO         3469    .ARM.Collect$$libshutdown$$00000006  c_w.l(libshutdown2.o)
    0x08000218   0x08000218   0x00000000   Code   RO         3472    .ARM.Collect$$libshutdown$$00000009  c_w.l(libshutdown2.o)
    0x08000218   0x08000218   0x00000000   Code   RO         3475    .ARM.Collect$$libshutdown$$0000000C  c_w.l(libshutdown2.o)
    0x08000218   0x08000218   0x00000000   Code   RO         3477    .ARM.Collect$$libshutdown$$0000000E  c_w.l(libshutdown2.o)
    0x08000218   0x08000218   0x00000000   Code   RO         3480    .ARM.Collect$$libshutdown$$00000011  c_w.l(libshutdown2.o)
    0x08000218   0x08000218   0x00000002   Code   RO         3481    .ARM.Collect$$libshutdown$$00000012  c_w.l(libshutdown2.o)
    0x0800021a   0x0800021a   0x00000000   Code   RO         3280    .ARM.Collect$$rtentry$$00000000  c_w.l(__rtentry.o)
    0x0800021a   0x0800021a   0x00000000   Code   RO         3301    .ARM.Collect$$rtentry$$00000002  c_w.l(__rtentry2.o)
    0x0800021a   0x0800021a   0x00000006   Code   RO         3313    .ARM.Collect$$rtentry$$00000004  c_w.l(__rtentry4.o)
    0x08000220   0x08000220   0x00000000   Code   RO         3303    .ARM.Collect$$rtentry$$00000009  c_w.l(__rtentry2.o)
    0x08000220   0x08000220   0x00000004   Code   RO         3304    .ARM.Collect$$rtentry$$0000000A  c_w.l(__rtentry2.o)
    0x08000224   0x08000224   0x00000000   Code   RO         3306    .ARM.Collect$$rtentry$$0000000C  c_w.l(__rtentry2.o)
    0x08000224   0x08000224   0x00000008   Code   RO         3307    .ARM.Collect$$rtentry$$0000000D  c_w.l(__rtentry2.o)
    0x0800022c   0x0800022c   0x00000002   Code   RO         3346    .ARM.Collect$$rtexit$$00000000  c_w.l(rtexit.o)
    0x0800022e   0x0800022e   0x00000000   Code   RO         3410    .ARM.Collect$$rtexit$$00000002  c_w.l(rtexit2.o)
    0x0800022e   0x0800022e   0x00000004   Code   RO         3411    .ARM.Collect$$rtexit$$00000003  c_w.l(rtexit2.o)
    0x08000232   0x08000232   0x00000006   Code   RO         3412    .ARM.Collect$$rtexit$$00000004  c_w.l(rtexit2.o)
    0x08000238   0x08000238   0x00000040   Code   RO            4    .text               startup_stm32f407xx.o
    0x08000278   0x08000278   0x000000ee   Code   RO         3239    .text               c_w.l(lludivv7m.o)
    0x08000366   0x08000366   0x00000002   PAD
    0x08000368   0x08000368   0x0000003c   Code   RO         3241    .text               c_w.l(__0sscanf.o)
    0x080003a4   0x080003a4   0x000000e0   Code   RO         3243    .text               c_w.l(_scanf_str.o)
    0x08000484   0x08000484   0x0000000c   Code   RO         3245    .text               c_w.l(strtok.o)
    0x08000490   0x08000490   0x0000003e   Code   RO         3248    .text               c_w.l(strlen.o)
    0x080004ce   0x080004ce   0x00000064   Code   RO         3250    .text               c_w.l(rt_memcpy_w.o)
    0x08000532   0x08000532   0x00000010   Code   RO         3252    .text               c_w.l(aeabi_memset.o)
    0x08000542   0x08000542   0x0000004e   Code   RO         3254    .text               c_w.l(rt_memclr_w.o)
    0x08000590   0x08000590   0x00000056   Code   RO         3256    .text               c_w.l(strncpy.o)
    0x080005e6   0x080005e6   0x00000006   Code   RO         3258    .text               c_w.l(heapauxi.o)
    0x080005ec   0x080005ec   0x0000002c   Code   RO         3285    .text               c_w.l(scanf_char.o)
    0x08000618   0x08000618   0x00000040   Code   RO         3287    .text               c_w.l(_sgetc.o)
    0x08000658   0x08000658   0x00000044   Code   RO         3289    .text               c_w.l(strtok_int.o)
    0x0800069c   0x0800069c   0x00000044   Code   RO         3291    .text               c_w.l(rt_memclr.o)
    0x080006e0   0x080006e0   0x00000012   Code   RO         3317    .text               c_w.l(isspace.o)
    0x080006f2   0x080006f2   0x00000002   PAD
    0x080006f4   0x080006f4   0x00000374   Code   RO         3319    .text               c_w.l(_scanf.o)
    0x08000a68   0x08000a68   0x00000020   Code   RO         3321    .text               c_w.l(strcspn.o)
    0x08000a88   0x08000a88   0x0000001c   Code   RO         3323    .text               c_w.l(strspn.o)
    0x08000aa4   0x08000aa4   0x0000004a   Code   RO         3327    .text               c_w.l(sys_stackheap_outer.o)
    0x08000aee   0x08000aee   0x00000002   PAD
    0x08000af0   0x08000af0   0x00000010   Code   RO         3329    .text               c_w.l(rt_ctype_table.o)
    0x08000b00   0x08000b00   0x00000012   Code   RO         3331    .text               c_w.l(exit.o)
    0x08000b12   0x08000b12   0x00000002   PAD
    0x08000b14   0x08000b14   0x00000008   Code   RO         3343    .text               c_w.l(libspace.o)
    0x08000b1c   0x08000b1c   0x00000008   Code   RO         3353    .text               c_w.l(rt_locale_intlibspace.o)
    0x08000b24   0x08000b24   0x0000000c   Code   RO         3407    .text               c_w.l(sys_exit.o)
    0x08000b30   0x08000b30   0x00000080   Code   RO         3420    .text               c_w.l(strcmpv7m.o)
    0x08000bb0   0x08000bb0   0x00000002   Code   RO         3428    .text               c_w.l(use_no_semi.o)
    0x08000bb2   0x08000bb2   0x00000000   Code   RO         3430    .text               c_w.l(indicate_semi.o)
    0x08000bb2   0x08000bb2   0x00000002   Code   RO          359    i.BusFault_Handler  stm32f4xx_it.o
    0x08000bb4   0x08000bb4   0x0000000c   Code   RO          360    i.DMA1_Stream1_IRQHandler  stm32f4xx_it.o
    0x08000bc0   0x08000bc0   0x0000000c   Code   RO          361    i.DMA1_Stream3_IRQHandler  stm32f4xx_it.o
    0x08000bcc   0x08000bcc   0x0000000c   Code   RO          362    i.DMA1_Stream5_IRQHandler  stm32f4xx_it.o
    0x08000bd8   0x08000bd8   0x0000000c   Code   RO          363    i.DMA1_Stream6_IRQHandler  stm32f4xx_it.o
    0x08000be4   0x08000be4   0x0000000c   Code   RO          364    i.DMA2_Stream1_IRQHandler  stm32f4xx_it.o
    0x08000bf0   0x08000bf0   0x0000000c   Code   RO          365    i.DMA2_Stream2_IRQHandler  stm32f4xx_it.o
    0x08000bfc   0x08000bfc   0x0000000c   Code   RO          366    i.DMA2_Stream6_IRQHandler  stm32f4xx_it.o
    0x08000c08   0x08000c08   0x0000000c   Code   RO          367    i.DMA2_Stream7_IRQHandler  stm32f4xx_it.o
    0x08000c14   0x08000c14   0x00000028   Code   RO         1963    i.DMA_CalcBaseAndBitshift  stm32f4xx_hal_dma.o
    0x08000c3c   0x08000c3c   0x00000054   Code   RO         1964    i.DMA_CheckFifoParam  stm32f4xx_hal_dma.o
    0x08000c90   0x08000c90   0x00000028   Code   RO         1965    i.DMA_SetConfig     stm32f4xx_hal_dma.o
    0x08000cb8   0x08000cb8   0x00000002   Code   RO          368    i.DebugMon_Handler  stm32f4xx_it.o
    0x08000cba   0x08000cba   0x00000004   Code   RO           13    i.Error_Handler     main.o
    0x08000cbe   0x08000cbe   0x00000092   Code   RO         1966    i.HAL_DMA_Abort     stm32f4xx_hal_dma.o
    0x08000d50   0x08000d50   0x00000024   Code   RO         1967    i.HAL_DMA_Abort_IT  stm32f4xx_hal_dma.o
    0x08000d74   0x08000d74   0x000001a0   Code   RO         1971    i.HAL_DMA_IRQHandler  stm32f4xx_hal_dma.o
    0x08000f14   0x08000f14   0x000000d4   Code   RO         1972    i.HAL_DMA_Init      stm32f4xx_hal_dma.o
    0x08000fe8   0x08000fe8   0x0000006e   Code   RO         1976    i.HAL_DMA_Start_IT  stm32f4xx_hal_dma.o
    0x08001056   0x08001056   0x00000002   PAD
    0x08001058   0x08001058   0x00000024   Code   RO         2385    i.HAL_Delay         stm32f4xx_hal.o
    0x0800107c   0x0800107c   0x000001f0   Code   RO         1859    i.HAL_GPIO_Init     stm32f4xx_hal_gpio.o
    0x0800126c   0x0800126c   0x0000000a   Code   RO         1861    i.HAL_GPIO_ReadPin  stm32f4xx_hal_gpio.o
    0x08001276   0x08001276   0x00000010   Code   RO         1862    i.HAL_GPIO_TogglePin  stm32f4xx_hal_gpio.o
    0x08001286   0x08001286   0x0000000a   Code   RO         1863    i.HAL_GPIO_WritePin  stm32f4xx_hal_gpio.o
    0x08001290   0x08001290   0x0000000c   Code   RO         2391    i.HAL_GetTick       stm32f4xx_hal.o
    0x0800129c   0x0800129c   0x00000010   Code   RO         2397    i.HAL_IncTick       stm32f4xx_hal.o
    0x080012ac   0x080012ac   0x00000034   Code   RO         2398    i.HAL_Init          stm32f4xx_hal.o
    0x080012e0   0x080012e0   0x00000040   Code   RO         2399    i.HAL_InitTick      stm32f4xx_hal.o
    0x08001320   0x08001320   0x00000030   Code   RO          507    i.HAL_MspInit       stm32f4xx_hal_msp.o
    0x08001350   0x08001350   0x0000001a   Code   RO         2248    i.HAL_NVIC_EnableIRQ  stm32f4xx_hal_cortex.o
    0x0800136a   0x0800136a   0x00000002   PAD
    0x0800136c   0x0800136c   0x00000040   Code   RO         2254    i.HAL_NVIC_SetPriority  stm32f4xx_hal_cortex.o
    0x080013ac   0x080013ac   0x00000024   Code   RO         2255    i.HAL_NVIC_SetPriorityGrouping  stm32f4xx_hal_cortex.o
    0x080013d0   0x080013d0   0x00000134   Code   RO         1505    i.HAL_RCC_ClockConfig  stm32f4xx_hal_rcc.o
    0x08001504   0x08001504   0x00000020   Code   RO         1512    i.HAL_RCC_GetPCLK1Freq  stm32f4xx_hal_rcc.o
    0x08001524   0x08001524   0x00000020   Code   RO         1513    i.HAL_RCC_GetPCLK2Freq  stm32f4xx_hal_rcc.o
    0x08001544   0x08001544   0x00000060   Code   RO         1514    i.HAL_RCC_GetSysClockFreq  stm32f4xx_hal_rcc.o
    0x080015a4   0x080015a4   0x0000036c   Code   RO         1517    i.HAL_RCC_OscConfig  stm32f4xx_hal_rcc.o
    0x08001910   0x08001910   0x00000028   Code   RO         2259    i.HAL_SYSTICK_Config  stm32f4xx_hal_cortex.o
    0x08001938   0x08001938   0x00000090   Code   RO         1256    i.HAL_TIMEx_MasterConfigSynchronization  stm32f4xx_hal_tim_ex.o
    0x080019c8   0x080019c8   0x0000005a   Code   RO          533    i.HAL_TIM_Base_Init  stm32f4xx_hal_tim.o
    0x08001a22   0x08001a22   0x00000002   PAD
    0x08001a24   0x08001a24   0x00000024   Code   RO          252    i.HAL_TIM_Base_MspInit  tim.o
    0x08001a48   0x08001a48   0x00000078   Code   RO          536    i.HAL_TIM_Base_Start  stm32f4xx_hal_tim.o
    0x08001ac0   0x08001ac0   0x000000dc   Code   RO          542    i.HAL_TIM_ConfigClockSource  stm32f4xx_hal_tim.o
    0x08001b9c   0x08001b9c   0x00000002   Code   RO         2647    i.HAL_UARTEx_RxEventCallback  stm32f4xx_hal_uart.o
    0x08001b9e   0x08001b9e   0x00000002   PAD
    0x08001ba0   0x08001ba0   0x0000006c   Code   RO           14    i.HAL_UART_ErrorCallback  main.o
    0x08001c0c   0x08001c0c   0x00000268   Code   RO         2664    i.HAL_UART_IRQHandler  stm32f4xx_hal_uart.o
    0x08001e74   0x08001e74   0x00000062   Code   RO         2665    i.HAL_UART_Init     stm32f4xx_hal_uart.o
    0x08001ed6   0x08001ed6   0x00000002   PAD
    0x08001ed8   0x08001ed8   0x000003d4   Code   RO          294    i.HAL_UART_MspInit  usart.o
    0x080022ac   0x080022ac   0x000000c0   Code   RO         2668    i.HAL_UART_Receive  stm32f4xx_hal_uart.o
    0x0800236c   0x0800236c   0x0000002a   Code   RO         2670    i.HAL_UART_Receive_IT  stm32f4xx_hal_uart.o
    0x08002396   0x08002396   0x00000002   PAD
    0x08002398   0x08002398   0x00000084   Code   RO           15    i.HAL_UART_RxCpltCallback  main.o
    0x0800241c   0x0800241c   0x000000b2   Code   RO         2673    i.HAL_UART_Transmit  stm32f4xx_hal_uart.o
    0x080024ce   0x080024ce   0x00000002   PAD
    0x080024d0   0x080024d0   0x0000008c   Code   RO         2674    i.HAL_UART_Transmit_DMA  stm32f4xx_hal_uart.o
    0x0800255c   0x0800255c   0x00000002   Code   RO         2676    i.HAL_UART_TxCpltCallback  stm32f4xx_hal_uart.o
    0x0800255e   0x0800255e   0x00000002   Code   RO         2677    i.HAL_UART_TxHalfCpltCallback  stm32f4xx_hal_uart.o
    0x08002560   0x08002560   0x00000002   Code   RO          369    i.HardFault_Handler  stm32f4xx_it.o
    0x08002562   0x08002562   0x00000002   PAD
    0x08002564   0x08002564   0x000000ac   Code   RO          227    i.MX_DMA_Init       dma.o
    0x08002610   0x08002610   0x0000009c   Code   RO          203    i.MX_GPIO_Init      gpio.o
    0x080026ac   0x080026ac   0x00000064   Code   RO          253    i.MX_TIM2_Init      tim.o
    0x08002710   0x08002710   0x0000003c   Code   RO          295    i.MX_UART5_Init     usart.o
    0x0800274c   0x0800274c   0x0000003c   Code   RO          296    i.MX_USART1_UART_Init  usart.o
    0x08002788   0x08002788   0x0000003c   Code   RO          297    i.MX_USART2_UART_Init  usart.o
    0x080027c4   0x080027c4   0x0000003c   Code   RO          298    i.MX_USART3_UART_Init  usart.o
    0x08002800   0x08002800   0x0000003c   Code   RO          299    i.MX_USART6_UART_Init  usart.o
    0x0800283c   0x0800283c   0x00000002   Code   RO          370    i.MemManage_Handler  stm32f4xx_it.o
    0x0800283e   0x0800283e   0x00000002   Code   RO          371    i.NMI_Handler       stm32f4xx_it.o
    0x08002840   0x08002840   0x00000002   Code   RO          372    i.PendSV_Handler    stm32f4xx_it.o
    0x08002842   0x08002842   0x00000002   Code   RO          373    i.SVC_Handler       stm32f4xx_it.o
    0x08002844   0x08002844   0x00000004   Code   RO          374    i.SysTick_Handler   stm32f4xx_it.o
    0x08002848   0x08002848   0x00000094   Code   RO           16    i.SystemClock_Config  main.o
    0x080028dc   0x080028dc   0x00000010   Code   RO         2994    i.SystemInit        system_stm32f4xx.o
    0x080028ec   0x080028ec   0x000000c8   Code   RO          626    i.TIM_Base_SetConfig  stm32f4xx_hal_tim.o
    0x080029b4   0x080029b4   0x00000014   Code   RO          637    i.TIM_ETR_SetConfig  stm32f4xx_hal_tim.o
    0x080029c8   0x080029c8   0x00000010   Code   RO          638    i.TIM_ITRx_SetConfig  stm32f4xx_hal_tim.o
    0x080029d8   0x080029d8   0x00000022   Code   RO          644    i.TIM_TI1_ConfigInputStage  stm32f4xx_hal_tim.o
    0x080029fa   0x080029fa   0x00000024   Code   RO          646    i.TIM_TI2_ConfigInputStage  stm32f4xx_hal_tim.o
    0x08002a1e   0x08002a1e   0x00000010   Code   RO         2678    i.UART_DMAAbortOnError  stm32f4xx_hal_uart.o
    0x08002a2e   0x08002a2e   0x0000004a   Code   RO         2679    i.UART_DMAError     stm32f4xx_hal_uart.o
    0x08002a78   0x08002a78   0x00000042   Code   RO         2684    i.UART_DMATransmitCplt  stm32f4xx_hal_uart.o
    0x08002aba   0x08002aba   0x0000000a   Code   RO         2686    i.UART_DMATxHalfCplt  stm32f4xx_hal_uart.o
    0x08002ac4   0x08002ac4   0x0000004e   Code   RO         2688    i.UART_EndRxTransfer  stm32f4xx_hal_uart.o
    0x08002b12   0x08002b12   0x0000001c   Code   RO         2689    i.UART_EndTxTransfer  stm32f4xx_hal_uart.o
    0x08002b2e   0x08002b2e   0x000000c0   Code   RO         2690    i.UART_Receive_IT   stm32f4xx_hal_uart.o
    0x08002bee   0x08002bee   0x00000002   PAD
    0x08002bf0   0x08002bf0   0x0000010c   Code   RO         2691    i.UART_SetConfig    stm32f4xx_hal_uart.o
    0x08002cfc   0x08002cfc   0x0000003a   Code   RO         2693    i.UART_Start_Receive_IT  stm32f4xx_hal_uart.o
    0x08002d36   0x08002d36   0x00000078   Code   RO         2694    i.UART_WaitOnFlagUntilTimeout  stm32f4xx_hal_uart.o
    0x08002dae   0x08002dae   0x00000002   PAD
    0x08002db0   0x08002db0   0x0000000c   Code   RO          375    i.USART1_IRQHandler  stm32f4xx_it.o
    0x08002dbc   0x08002dbc   0x0000000c   Code   RO          376    i.USART2_IRQHandler  stm32f4xx_it.o
    0x08002dc8   0x08002dc8   0x0000000c   Code   RO          377    i.USART3_IRQHandler  stm32f4xx_it.o
    0x08002dd4   0x08002dd4   0x0000000c   Code   RO          378    i.USART6_IRQHandler  stm32f4xx_it.o
    0x08002de0   0x08002de0   0x00000002   Code   RO          379    i.UsageFault_Handler  stm32f4xx_it.o
    0x08002de2   0x08002de2   0x00000020   Code   RO         2261    i.__NVIC_SetPriority  stm32f4xx_hal_cortex.o
    0x08002e02   0x08002e02   0x00000002   PAD
    0x08002e04   0x08002e04   0x00000074   Code   RO         3031    i.attempt_repair_area  receive_from_pi.o
    0x08002e78   0x08002e78   0x0000004e   Code   RO         3032    i.attempt_repair_shelf  receive_from_pi.o
    0x08002ec6   0x08002ec6   0x00000002   PAD
    0x08002ec8   0x08002ec8   0x00000050   Code   RO         3185    i.calculateDuration  task_planner.o
    0x08002f18   0x08002f18   0x0000003c   Code   RO         3186    i.finalize_column_and_prepare_for_next  task_planner.o
    0x08002f54   0x08002f54   0x000000b8   Code   RO         3187    i.find_best_target_for_orphan  task_planner.o
    0x0800300c   0x0800300c   0x000000d0   Code   RO         3033    i.force_repair_to_perfect  receive_from_pi.o
    0x080030dc   0x080030dc   0x00000028   Code   RO         3188    i.get_column_from_shelf_slot  task_planner.o
    0x08003104   0x08003104   0x00000068   Code   RO         3034    i.is_result_perfect  receive_from_pi.o
    0x0800316c   0x0800316c   0x0000079c   Code   RO           17    i.main              main.o
    0x08003908   0x08003908   0x0000009c   Code   RO         3035    i.parse_string_to_result  receive_from_pi.o
    0x080039a4   0x080039a4   0x000000dc   Code   RO         3189    i.process_and_plan_task  task_planner.o
    0x08003a80   0x08003a80   0x00000140   Code   RO         3036    i.rpi_dual_signal_request_and_receive_polling  receive_from_pi.o
    0x08003bc0   0x08003bc0   0x0000000c   Code   RO         3037    i.rpi_init_polling  receive_from_pi.o
    0x08003bcc   0x08003bcc   0x0000002c   Code   RO         3041    i.rpi_send_signal   receive_from_pi.o
    0x08003bf8   0x08003bf8   0x00000070   Code   RO         3118    i.sendCommand_ArmRegrab  robot_actions.o
    0x08003c68   0x08003c68   0x00000054   Code   RO         3119    i.sendCommand_MoveTargetToTarget  robot_actions.o
    0x08003cbc   0x08003cbc   0x000000f8   Code   RO         3120    i.sendCommand_MoveToShelf  robot_actions.o
    0x08003db4   0x08003db4   0x0000002c   Code   RO         3121    i.sendCommand_MoveToStart  robot_actions.o
    0x08003de0   0x08003de0   0x0000004c   Code   RO         3122    i.sendCommand_PickBox  robot_actions.o
    0x08003e2c   0x08003e2c   0x00000158   Code   RO         3123    i.sendCommand_PlaceBox  robot_actions.o
    0x08003f84   0x08003f84   0x0000002c   Code   RO         3190    i.start_clock       task_planner.o
    0x08003fb0   0x08003fb0   0x0000002c   Code   RO         3356    locale$$code        c_w.l(lc_ctype_c.o)
    0x08003fdc   0x08003fdc   0x00000150   Code   RO         3262    x$fpl$dadd          fz_wm.l(daddsub_clz.o)
    0x0800412c   0x0800412c   0x00000018   Code   RO         3325    x$fpl$dcmpinf       fz_wm.l(dcmpi.o)
    0x08004144   0x08004144   0x000002b0   Code   RO         3269    x$fpl$ddiv          fz_wm.l(ddiv.o)
    0x080043f4   0x080043f4   0x00000026   Code   RO         3272    x$fpl$dfltu         fz_wm.l(dflt_clz.o)
    0x0800441a   0x0800441a   0x00000002   PAD
    0x0800441c   0x0800441c   0x00000078   Code   RO         3293    x$fpl$dleqf         fz_wm.l(dleqf.o)
    0x08004494   0x08004494   0x0000009c   Code   RO         3295    x$fpl$dnaninf       fz_wm.l(dnaninf.o)
    0x08004530   0x08004530   0x0000000c   Code   RO         3297    x$fpl$dretinf       fz_wm.l(dretinf.o)
    0x0800453c   0x0800453c   0x0000006c   Code   RO         3278    x$fpl$drleqf        fz_wm.l(drleqf.o)
    0x080045a8   0x080045a8   0x000001d4   Code   RO         3264    x$fpl$dsub          fz_wm.l(daddsub_clz.o)
    0x0800477c   0x0800477c   0x0000000a   Code   RO         3424    x$fpl$fpinit        fz_wm.l(fpinit.o)
    0x08004786   0x08004786   0x00000000   Code   RO         3299    x$fpl$usenofp       fz_wm.l(usenofp.o)
    0x08004786   0x08004786   0x00000008   Data   RO         1978    .constdata          stm32f4xx_hal_dma.o
    0x0800478e   0x0800478e   0x00000010   Data   RO         2995    .constdata          system_stm32f4xx.o
    0x0800479e   0x0800479e   0x00000008   Data   RO         2996    .constdata          system_stm32f4xx.o
    0x080047a6   0x080047a6   0x00000002   PAD
    0x080047a8   0x080047a8   0x0000001c   Data   RO         3191    .constdata          task_planner.o
    0x080047c4   0x080047c4   0x00000020   Data   RO         3482    Region$$Table       anon$$obj.o
    0x080047e4   0x080047e4   0x00000110   Data   RO         3355    locale$$data        c_w.l(lc_ctype_c.o)


    Execution Region RW_IRAM1 (Exec base: 0x20000000, Load base: 0x080048f4, Size: 0x00000c08, Max: 0x001c0000, ABSOLUTE)

    Exec Addr    Load Addr    Size         Type   Attr      Idx    E Section Name        Object

    0x20000000   0x080048f4   0x00000020   Data   RW           19    .data               main.o
    0x20000020   0x08004914   0x00000008   Data   RW           20    .data               main.o
    0x20000028   0x0800491c   0x00000008   Data   RW           21    .data               main.o
    0x20000030   0x08004924   0x0000000c   Data   RW         2405    .data               stm32f4xx_hal.o
    0x2000003c   0x08004930   0x00000004   Data   RW         2997    .data               system_stm32f4xx.o
    0x20000040   0x08004934   0x00000004   Data   RW         3042    .data               receive_from_pi.o
    0x20000044   0x08004938   0x00000004   Data   RW         3246    .data               c_w.l(strtok.o)
    0x20000048        -       0x000000c0   Zero   RW           18    .bss                main.o
    0x20000108        -       0x00000048   Zero   RW          254    .bss                tim.o
    0x20000150        -       0x00000454   Zero   RW          300    .bss                usart.o
    0x200005a4        -       0x00000060   Zero   RW         3344    .bss                c_w.l(libspace.o)
    0x20000604   0x0800493c   0x00000004   PAD
    0x20000608        -       0x00000200   Zero   RW            2    HEAP                startup_stm32f407xx.o
    0x20000808        -       0x00000400   Zero   RW            1    STACK               startup_stm32f407xx.o


    Execution Region RW_IRAM2 (Exec base: 0x201c0000, Load base: 0x0800493c, Size: 0x00000000, Max: 0x00040000, ABSOLUTE)

    **** No section assigned to this execution region ****


==============================================================================

Image component sizes


      Code (inc. data)   RO Data    RW Data    ZI Data      Debug   Object Name

       172          4          0          0          0        902   dma.o
       156         10          0          0          0       1031   gpio.o
      2340        286          0         48        192     699637   main.o
      1038         26          0          4          0      10121   receive_from_pi.o
       908        222          0          0          0       6896   robot_actions.o
        64         26        392          0       1536        856   startup_stm32f407xx.o
       180         28          0         12          0       9549   stm32f4xx_hal.o
       198         14          0          0          0      34071   stm32f4xx_hal_cortex.o
      1084         16          8          0          0       7510   stm32f4xx_hal_dma.o
       532         46          0          0          0       3588   stm32f4xx_hal_gpio.o
        48          6          0          0          0        890   stm32f4xx_hal_msp.o
      1344         72          0          0          0       5348   stm32f4xx_hal_rcc.o
       736         74          0          0          0       7144   stm32f4xx_hal_tim.o
       144         28          0          0          0       1380   stm32f4xx_hal_tim_ex.o
      2182         30          0          0          0      16344   stm32f4xx_hal_uart.o
       164         72          0          0          0      10254   stm32f4xx_it.o
        16          4         24          4          0       1183   system_stm32f4xx.o
       628         64         28          0          0       5512   task_planner.o
       136         10          0          0         72       1730   tim.o
      1280        102          0          0       1108       5484   usart.o

    ----------------------------------------------------------------------
     13374       1140        486         68       2908     829430   Object Totals
         0          0         32          0          0          0   (incl. Generated)
        24          0          2          0          0          0   (incl. Padding)

    ----------------------------------------------------------------------

      Code (inc. data)   RO Data    RW Data    ZI Data      Debug   Library Member Name

        60          8          0          0          0         84   __0sscanf.o
         8          0          0          0          0         68   __main.o
         0          0          0          0          0          0   __rtentry.o
        12          0          0          0          0          0   __rtentry2.o
         6          0          0          0          0          0   __rtentry4.o
        52          8          0          0          0          0   __scatter.o
        26          0          0          0          0          0   __scatter_copy.o
        28          0          0          0          0          0   __scatter_zi.o
       884          4          0          0          0        100   _scanf.o
       224          0          0          0          0         96   _scanf_str.o
        64          0          0          0          0         84   _sgetc.o
        16          0          0          0          0         68   aeabi_memset.o
        18          0          0          0          0         80   exit.o
         6          0          0          0          0        152   heapauxi.o
         0          0          0          0          0          0   indicate_semi.o
        18          0          0          0          0         76   isspace.o
        44         10        272          0          0         76   lc_ctype_c.o
         2          0          0          0          0          0   libinit.o
        24          0          0          0          0          0   libinit2.o
         2          0          0          0          0          0   libshutdown.o
         2          0          0          0          0          0   libshutdown2.o
         8          4          0          0         96         68   libspace.o
       238          0          0          0          0        100   lludivv7m.o
        16          4          0          0          0         76   rt_ctype_table.o
         8          4          0          0          0         68   rt_locale_intlibspace.o
        68          0          0          0          0         68   rt_memclr.o
        78          0          0          0          0         80   rt_memclr_w.o
       100          0          0          0          0         80   rt_memcpy_w.o
         2          0          0          0          0          0   rtexit.o
        10          0          0          0          0          0   rtexit2.o
        44          8          0          0          0         84   scanf_char.o
       128          0          0          0          0         68   strcmpv7m.o
        32          0          0          0          0         80   strcspn.o
        62          0          0          0          0         76   strlen.o
        86          0          0          0          0         76   strncpy.o
        28          0          0          0          0         80   strspn.o
        12          6          0          4          0         68   strtok.o
        68          4          0          0          0         84   strtok_int.o
        12          4          0          0          0         68   sys_exit.o
        74          0          0          0          0         80   sys_stackheap_outer.o
         2          0          0          0          0         68   use_no_semi.o
       804         16          0          0          0        368   daddsub_clz.o
        24          0          0          0          0        116   dcmpi.o
       688        140          0          0          0        256   ddiv.o
        38          0          0          0          0        116   dflt_clz.o
       120          4          0          0          0        140   dleqf.o
       156          4          0          0          0        140   dnaninf.o
        12          0          0          0          0        116   dretinf.o
       108          0          0          0          0        128   drleqf.o
        10          0          0          0          0        116   fpinit.o
         0          0          0          0          0          0   usenofp.o

    ----------------------------------------------------------------------
      4544        228        272          4        100       3752   Library Totals
        12          0          0          0          4          0   (incl. Padding)

    ----------------------------------------------------------------------

      Code (inc. data)   RO Data    RW Data    ZI Data      Debug   Library Name

      2572         64        272          4         96       2256   c_w.l
      1960        164          0          0          0       1496   fz_wm.l

    ----------------------------------------------------------------------
      4544        228        272          4        100       3752   Library Totals

    ----------------------------------------------------------------------

==============================================================================


      Code (inc. data)   RO Data    RW Data    ZI Data      Debug   

     17918       1368        758         72       3008     820534   Grand Totals
     17918       1368        758         72       3008     820534   ELF Image Totals
     17918       1368        758         72          0          0   ROM Totals

==============================================================================

    Total RO  Size (Code + RO Data)                18676 (  18.24kB)
    Total RW  Size (RW Data + ZI Data)              3080 (   3.01kB)
    Total ROM Size (Code + RO Data + RW Data)      18748 (  18.31kB)

==============================================================================

