Component: ARM Compiler 5.06 update 7 (build 960) Tool: armlink [4d3601]

==============================================================================

Section Cross References

    startup_stm32f103xb.o(STACK) refers (Special) to heapauxi.o(.text) for __use_two_region_memory
    startup_stm32f103xb.o(HEAP) refers (Special) to heapauxi.o(.text) for __use_two_region_memory
    startup_stm32f103xb.o(RESET) refers (Special) to heapauxi.o(.text) for __use_two_region_memory
    startup_stm32f103xb.o(RESET) refers to startup_stm32f103xb.o(STACK) for __initial_sp
    startup_stm32f103xb.o(RESET) refers to startup_stm32f103xb.o(.text) for Reset_Handler
    startup_stm32f103xb.o(RESET) refers to stm32f1xx_it.o(i.NMI_Handler) for NMI_Handler
    startup_stm32f103xb.o(RESET) refers to stm32f1xx_it.o(i.HardFault_Handler) for HardFault_Handler
    startup_stm32f103xb.o(RESET) refers to stm32f1xx_it.o(i.MemManage_Handler) for MemManage_Handler
    startup_stm32f103xb.o(RESET) refers to stm32f1xx_it.o(i.BusFault_Handler) for BusFault_Handler
    startup_stm32f103xb.o(RESET) refers to stm32f1xx_it.o(i.UsageFault_Handler) for UsageFault_Handler
    startup_stm32f103xb.o(RESET) refers to stm32f1xx_it.o(i.SVC_Handler) for SVC_Handler
    startup_stm32f103xb.o(RESET) refers to stm32f1xx_it.o(i.DebugMon_Handler) for DebugMon_Handler
    startup_stm32f103xb.o(RESET) refers to stm32f1xx_it.o(i.PendSV_Handler) for PendSV_Handler
    startup_stm32f103xb.o(RESET) refers to stm32f1xx_it.o(i.SysTick_Handler) for SysTick_Handler
    startup_stm32f103xb.o(RESET) refers to stm32f1xx_it.o(i.DMA1_Channel2_IRQHandler) for DMA1_Channel2_IRQHandler
    startup_stm32f103xb.o(RESET) refers to stm32f1xx_it.o(i.DMA1_Channel3_IRQHandler) for DMA1_Channel3_IRQHandler
    startup_stm32f103xb.o(RESET) refers to stm32f1xx_it.o(i.TIM1_UP_IRQHandler) for TIM1_UP_IRQHandler
    startup_stm32f103xb.o(RESET) refers to stm32f1xx_it.o(i.TIM2_IRQHandler) for TIM2_IRQHandler
    startup_stm32f103xb.o(RESET) refers to stm32f1xx_it.o(i.TIM3_IRQHandler) for TIM3_IRQHandler
    startup_stm32f103xb.o(RESET) refers to stm32f1xx_it.o(i.USART1_IRQHandler) for USART1_IRQHandler
    startup_stm32f103xb.o(RESET) refers to stm32f1xx_it.o(i.USART2_IRQHandler) for USART2_IRQHandler
    startup_stm32f103xb.o(RESET) refers to stm32f1xx_it.o(i.USART3_IRQHandler) for USART3_IRQHandler
    startup_stm32f103xb.o(.text) refers (Special) to heapauxi.o(.text) for __use_two_region_memory
    startup_stm32f103xb.o(.text) refers to system_stm32f1xx.o(i.SystemInit) for SystemInit
    startup_stm32f103xb.o(.text) refers to __main.o(!!!main) for __main
    startup_stm32f103xb.o(.text) refers to startup_stm32f103xb.o(HEAP) for Heap_Mem
    startup_stm32f103xb.o(.text) refers to startup_stm32f103xb.o(STACK) for Stack_Mem
    main.o(i.HAL_TIM_PeriodElapsedCallback) refers to motor.o(i.motor_pid_control) for motor_pid_control
    main.o(i.HAL_TIM_PeriodElapsedCallback) refers to tim.o(.bss) for htim1
    main.o(i.HAL_UARTEx_RxEventCallback) refers to stm32f1xx_hal_uart.o(i.HAL_UARTEx_ReceiveToIdle_DMA) for HAL_UARTEx_ReceiveToIdle_DMA
    main.o(i.HAL_UARTEx_RxEventCallback) refers to atof.o(i.atof) for atof
    main.o(i.HAL_UARTEx_RxEventCallback) refers to main.o(.bss) for receiveData
    main.o(i.HAL_UARTEx_RxEventCallback) refers to usart.o(.bss) for huart3
    main.o(i.HAL_UARTEx_RxEventCallback) refers to main.o(.data) for ref
    main.o(i.HAL_UART_ErrorCallback) refers to stm32f1xx_hal_uart.o(i.HAL_UART_Receive_IT) for HAL_UART_Receive_IT
    main.o(i.HAL_UART_ErrorCallback) refers to stm32f1xx_hal_uart.o(i.HAL_UART_DMAStop) for HAL_UART_DMAStop
    main.o(i.HAL_UART_ErrorCallback) refers to stm32f1xx_hal_uart.o(i.HAL_UARTEx_ReceiveToIdle_DMA) for HAL_UARTEx_ReceiveToIdle_DMA
    main.o(i.HAL_UART_ErrorCallback) refers to main.o(.data) for stp_Receive_buf1
    main.o(i.HAL_UART_ErrorCallback) refers to usart.o(.bss) for huart1
    main.o(i.HAL_UART_ErrorCallback) refers to main.o(.bss) for receiveData
    main.o(i.HAL_UART_RxCpltCallback) refers to stm32f1xx_hal_uart.o(i.HAL_UART_Receive_IT) for HAL_UART_Receive_IT
    main.o(i.HAL_UART_RxCpltCallback) refers to lidar_processing.o(.bss) for uart1_rx_buffer
    main.o(i.HAL_UART_RxCpltCallback) refers to main.o(.data) for stp_Receive_buf1
    main.o(i.HAL_UART_RxCpltCallback) refers to usart.o(.bss) for huart1
    main.o(i.SystemClock_Config) refers to rt_memclr_w.o(.text) for __aeabi_memclr4
    main.o(i.SystemClock_Config) refers to stm32f1xx_hal_rcc.o(i.HAL_RCC_OscConfig) for HAL_RCC_OscConfig
    main.o(i.SystemClock_Config) refers to main.o(i.Error_Handler) for Error_Handler
    main.o(i.SystemClock_Config) refers to stm32f1xx_hal_rcc.o(i.HAL_RCC_ClockConfig) for HAL_RCC_ClockConfig
    main.o(i.compute_timeout_ticks_cm) refers to drleqf.o(x$fpl$drleqf) for __aeabi_cdrcmple
    main.o(i.compute_timeout_ticks_cm) refers to dmul.o(x$fpl$dmul) for __aeabi_dmul
[...]
    x$fpl$scanf1                             0x08008e4e   Section        4  scanf1.o(x$fpl$scanf1)
    x$fpl$scanf2                             0x08008e52   Section        8  scanf2.o(x$fpl$scanf2)
    x$fpl$trapveneer                         0x08008e5a   Section       48  trapv.o(x$fpl$trapveneer)
    .constdata                               0x08008e8a   Section       18  stm32f1xx_hal_rcc.o(.constdata)
    x$fpl$usenofp                            0x08008e8a   Section        0  usenofp.o(x$fpl$usenofp)
    aPLLMULFactorTable                       0x08008e8a   Data          16  stm32f1xx_hal_rcc.o(.constdata)
    aPredivFactorTable                       0x08008e9a   Data           2  stm32f1xx_hal_rcc.o(.constdata)
    .constdata                               0x08008e9c   Section       24  system_stm32f1xx.o(.constdata)
    .constdata                               0x08008eb4   Section        1  motor.o(.constdata)
    ack                                      0x08008eb4   Data           1  motor.o(.constdata)
    .constdata                               0x08008eb8   Section      136  pow.o(.constdata)
    bp                                       0x08008eb8   Data          16  pow.o(.constdata)
    dp_h                                     0x08008ec8   Data          16  pow.o(.constdata)
    dp_l                                     0x08008ed8   Data          16  pow.o(.constdata)
    L                                        0x08008ee8   Data          48  pow.o(.constdata)
    P                                        0x08008f18   Data          40  pow.o(.constdata)
    .constdata                               0x08008f40   Section        8  qnan.o(.constdata)
    .constdata                               0x08008f48   Section      148  bigflt0.o(.constdata)
    tenpwrs_x                                0x08008f48   Data          60  bigflt0.o(.constdata)
    tenpwrs_i                                0x08008f84   Data          64  bigflt0.o(.constdata)
    c$$dinf                                  0x08008ffc   Section        8  fpconst.o(c$$dinf)
    c$$dmax                                  0x08009004   Section        8  fpconst.o(c$$dmax)
    locale$$data                             0x0800900c   Section       28  lc_numeric_c.o(locale$$data)
    __lcnum_c_name                           0x08009010   Data           2  lc_numeric_c.o(locale$$data)
    __lcnum_c_start                          0x08009018   Data           0  lc_numeric_c.o(locale$$data)
    __lcnum_c_point                          0x08009024   Data           0  lc_numeric_c.o(locale$$data)
    __lcnum_c_thousands                      0x08009026   Data           0  lc_numeric_c.o(locale$$data)
    __lcnum_c_grouping                       0x08009027   Data           0  lc_numeric_c.o(locale$$data)
    locale$$data                             0x08009028   Section      272  lc_ctype_c.o(locale$$data)
    __lcnum_c_end                            0x08009028   Data           0  lc_numeric_c.o(locale$$data)
    __lcctype_c_name                         0x0800902c   Data           2  lc_ctype_c.o(locale$$data)
    __lcctype_c_start                        0x08009034   Data           0  lc_ctype_c.o(locale$$data)
    __lcctype_c_end                          0x08009138   Data           0  lc_ctype_c.o(locale$$data)
    .data                                    0x20000000   Section       72  main.o(.data)
    last_ref                                 0x20000010   Data           8  main.o(.data)
    .data                                    0x20000048   Section        9  stm32f1xx_hal.o(.data)
    .data                                    0x20000054   Section        4  system_stm32f1xx.o(.data)
    .data                                    0x20000058   Section      104  motor.o(.data)
    .data                                    0x200000c0   Section      100  stp_23l.o(.data)
    cnt                                      0x200000e4   Data           1  stp_23l.o(.data)
    count                                    0x200000e6   Data           2  stp_23l.o(.data)
    sum                                      0x200000e8   Data           4  stp_23l.o(.data)
    distance_sum                             0x200000ec   Data           4  stp_23l.o(.data)
    noise_sum                                0x200000f0   Data           4  stp_23l.o(.data)
    peak_sum                                 0x200000f4   Data           4  stp_23l.o(.data)
    confidence_sum                           0x200000f8   Data           4  stp_23l.o(.data)
    intg_sum                                 0x200000fc   Data           4  stp_23l.o(.data)
    reftof_sum                               0x20000100   Data           4  stp_23l.o(.data)
    cnt                                      0x20000104   Data           1  stp_23l.o(.data)
    count                                    0x20000106   Data           2  stp_23l.o(.data)
    sum                                      0x20000108   Data           4  stp_23l.o(.data)
    distance_sum                             0x2000010c   Data           4  stp_23l.o(.data)
    noise_sum                                0x20000110   Data           4  stp_23l.o(.data)
    peak_sum                                 0x20000114   Data           4  stp_23l.o(.data)
    confidence_sum                           0x20000118   Data           4  stp_23l.o(.data)
    intg_sum                                 0x2000011c   Data           4  stp_23l.o(.data)
    reftof_sum                               0x20000120   Data           4  stp_23l.o(.data)
    .data                                    0x20000124   Section       22  lidar_processing.o(.data)
    state1                                   0x20000124   Data           1  lidar_processing.o(.data)
    state2                                   0x20000125   Data           1  lidar_processing.o(.data)
    crc1                                     0x20000126   Data           1  lidar_processing.o(.data)
    crc2                                     0x20000127   Data           1  lidar_processing.o(.data)
    cnt1                                     0x20000128   Data           1  lidar_processing.o(.data)
    cnt2                                     0x20000129   Data           1  lidar_processing.o(.data)
    PACK_FLAG1                               0x2000012a   Data           1  lidar_processing.o(.data)
    PACK_FLAG2                               0x2000012b   Data           1  lidar_processing.o(.data)
    data_len1                                0x2000012c   Data           2  lidar_processing.o(.data)
    data_len2                                0x2000012e   Data           2  lidar_processing.o(.data)
    timestamp1                               0x20000130   Data           4  lidar_processing.o(.data)
    timestamp2                               0x20000134   Data           4  lidar_processing.o(.data)
    state_flag1                              0x20000138   Data           1  lidar_processing.o(.data)
    state_flag2                              0x20000139   Data           1  lidar_processing.o(.data)
    .bss                                     0x20000140   Section      768  main.o(.bss)
    .bss                                     0x20000440   Section      216  tim.o(.bss)
    .bss                                     0x20000518   Section      352  usart.o(.bss)
    .bss                                     0x20000678   Section      112  motor.o(.bss)
    foh1                                     0x20000678   Data          56  motor.o(.bss)
    foh2                                     0x200006b0   Data          56  motor.o(.bss)
    .bss                                     0x200006e8   Section      520  stp_23l.o(.bss)
    .bss                                     0x200008f0   Section      520  lidar_processing.o(.bss)
    .bss                                     0x20000af8   Section       96  libspace.o(.bss)
    HEAP                                     0x20000b58   Section      512  startup_stm32f103xb.o(HEAP)
    Heap_Mem                                 0x20000b58   Data         512  startup_stm32f103xb.o(HEAP)
    STACK                                    0x20000d58   Section     1024  startup_stm32f103xb.o(STACK)
    Stack_Mem                                0x20000d58   Data        1024  startup_stm32f103xb.o(STACK)
    __initial_sp                             0x20001158   Data           0  startup_stm32f103xb.o(STACK)

    Global Symbols

    Symbol Name                              Value     Ov Type        Size  Object(Section)

    BuildAttributes$$THM_ISAv4$P$D$K$B$S$PE$A:L22UL41UL21$X:L11$S22US41US21$IEEE1$IW$USESV6$~STKCKD$USESV7$~SHL$OTIME$ROPI$IEEEX$EBA8$UX$STANDARDLIB$REQ8$PRES8$EABIv2 0x00000000   Number         0  anon$$obj.o ABSOLUTE
    __ARM_use_no_argv                        0x00000000   Number         0  main.o ABSOLUTE
    __ARM_exceptions_init                     - Undefined Weak Reference
    __alloca_initialize                       - Undefined Weak Reference
    __arm_fini_                               - Undefined Weak Reference
    __arm_preinit_                            - Undefined Weak Reference
    __cpp_initialize__aeabi_                  - Undefined Weak Reference
    __cxa_finalize                            - Undefined Weak Reference
    __sigvec_lookup                           - Undefined Weak Reference
    _atexit_init                              - Undefined Weak Reference
    _call_atexit_fns                          - Undefined Weak Reference
    _clock_init                               - Undefined Weak Reference
    _fp_trap_init                             - Undefined Weak Reference
    _fp_trap_shutdown                         - Undefined Weak Reference
    _get_lc_collate                           - Undefined Weak Reference
    _get_lc_monetary                          - Undefined Weak Reference
    _get_lc_time                              - Undefined Weak Reference
    _getenv_init                              - Undefined Weak Reference
    _handle_redirection                       - Undefined Weak Reference
    _init_alloc                               - Undefined Weak Reference
    _init_user_alloc                          - Undefined Weak Reference
    _initio                                   - Undefined Weak Reference
    _rand_init                                - Undefined Weak Reference
    _signal_finish                            - Undefined Weak Reference
    _signal_init                              - Undefined Weak Reference
    _terminate_alloc                          - Undefined Weak Reference
    _terminate_user_alloc                     - Undefined Weak Reference
    _terminateio                              - Undefined Weak Reference
    __Vectors_Size                           0x000000ec   Number         0  startup_stm32f103xb.o ABSOLUTE
    __Vectors                                0x08000000   Data           4  startup_stm32f103xb.o(RESET)
    __Vectors_End                            0x080000ec   Data           0  startup_stm32f103xb.o(RESET)
    __main                                   0x080000ed   Thumb Code     8  __main.o(!!!main)
    __scatterload                            0x080000f5   Thumb Code     0  __scatter.o(!!!scatter)
    __scatterload_rt2                        0x080000f5   Thumb Code    44  __scatter.o(!!!scatter)
    __scatterload_rt2_thumb_only             0x080000f5   Thumb Code     0  __scatter.o(!!!scatter)
    __scatterload_null                       0x08000103   Thumb Code     0  __scatter.o(!!!scatter)
    __decompress                             0x08000129   Thumb Code    90  __dczerorl2.o(!!dczerorl2)
    __decompress1                            0x08000129   Thumb Code     0  __dczerorl2.o(!!dczerorl2)
    __scatterload_zeroinit                   0x08000185   Thumb Code    28  __scatter_zi.o(!!handler_zi)
    __rt_lib_init                            0x080001a1   Thumb Code     0  libinit.o(.ARM.Collect$$libinit$$00000000)
    __rt_lib_init_fp_1                       0x080001a3   Thumb Code     0  libinit2.o(.ARM.Collect$$libinit$$00000002)
    __rt_lib_init_heap_1                     0x080001a3   Thumb Code     0  libinit2.o(.ARM.Collect$$libinit$$0000000A)
    __rt_lib_init_lc_common                  0x080001a3   Thumb Code     0  libinit2.o(.ARM.Collect$$libinit$$0000000F)
    __rt_lib_init_preinit_1                  0x080001a3   Thumb Code     0  libinit2.o(.ARM.Collect$$libinit$$00000004)
    __rt_lib_init_rand_1                     0x080001a3   Thumb Code     0  libinit2.o(.ARM.Collect$$libinit$$0000000E)
    __rt_lib_init_user_alloc_1               0x080001a3   Thumb Code     0  libinit2.o(.ARM.Collect$$libinit$$0000000C)
    __rt_lib_init_lc_collate_1               0x080001a9   Thumb Code     0  libinit2.o(.ARM.Collect$$libinit$$00000011)
    __rt_lib_init_lc_ctype_2                 0x080001a9   Thumb Code     0  libinit2.o(.ARM.Collect$$libinit$$00000012)
    __rt_lib_init_lc_ctype_1                 0x080001b5   Thumb Code     0  libinit2.o(.ARM.Collect$$libinit$$00000013)
    __rt_lib_init_lc_monetary_1              0x080001b5   Thumb Code     0  libinit2.o(.ARM.Collect$$libinit$$00000015)
    __rt_lib_init_lc_numeric_2               0x080001b5   Thumb Code     0  libinit2.o(.ARM.Collect$$libinit$$00000016)
    __rt_lib_init_alloca_1                   0x080001bf   Thumb Code     0  libinit2.o(.ARM.Collect$$libinit$$0000002E)
    __rt_lib_init_argv_1                     0x080001bf   Thumb Code     0  libinit2.o(.ARM.Collect$$libinit$$0000002C)
    __rt_lib_init_atexit_1                   0x080001bf   Thumb Code     0  libinit2.o(.ARM.Collect$$libinit$$0000001B)
    __rt_lib_init_clock_1                    0x080001bf   Thumb Code     0  libinit2.o(.ARM.Collect$$libinit$$00000021)
    __rt_lib_init_cpp_1                      0x080001bf   Thumb Code     0  libinit2.o(.ARM.Collect$$libinit$$00000032)
    __rt_lib_init_exceptions_1               0x080001bf   Thumb Code     0  libinit2.o(.ARM.Collect$$libinit$$00000030)
    __rt_lib_init_fp_trap_1                  0x080001bf   Thumb Code     0  libinit2.o(.ARM.Collect$$libinit$$0000001F)
    __rt_lib_init_getenv_1                   0x080001bf   Thumb Code     0  libinit2.o(.ARM.Collect$$libinit$$00000023)
    __rt_lib_init_lc_numeric_1               0x080001bf   Thumb Code     0  libinit2.o(.ARM.Collect$$libinit$$00000017)
    __rt_lib_init_lc_time_1                  0x080001bf   Thumb Code     0  libinit2.o(.ARM.Collect$$libinit$$00000019)
    __rt_lib_init_return                     0x080001bf   Thumb Code     0  libinit2.o(.ARM.Collect$$libinit$$00000033)
    __rt_lib_init_signal_1                   0x080001bf   Thumb Code     0  libinit2.o(.ARM.Collect$$libinit$$0000001D)
    __rt_lib_init_stdio_1                    0x080001bf   Thumb Code     0  libinit2.o(.ARM.Collect$$libinit$$00000025)
    __rt_lib_shutdown                        0x080001c1   Thumb Code     0  libshutdown.o(.ARM.Collect$$libshutdown$$00000000)
    __rt_lib_shutdown_cpp_1                  0x080001c3   Thumb Code     0  libshutdown2.o(.ARM.Collect$$libshutdown$$00000004)
    __rt_lib_shutdown_fini_1                 0x080001c3   Thumb Code     0  libshutdown2.o(.ARM.Collect$$libshutdown$$00000002)
    __rt_lib_shutdown_fp_trap_1              0x080001c3   Thumb Code     0  libshutdown2.o(.ARM.Collect$$libshutdown$$00000009)
    __rt_lib_shutdown_heap_1                 0x080001c3   Thumb Code     0  libshutdown2.o(.ARM.Collect$$libshutdown$$00000011)
    __rt_lib_shutdown_return                 0x080001c3   Thumb Code     0  libshutdown2.o(.ARM.Collect$$libshutdown$$00000012)
    __rt_lib_shutdown_signal_1               0x080001c3   Thumb Code     0  libshutdown2.o(.ARM.Collect$$libshutdown$$0000000C)
    __rt_lib_shutdown_stdio_1                0x080001c3   Thumb Code     0  libshutdown2.o(.ARM.Collect$$libshutdown$$00000006)
    __rt_lib_shutdown_user_alloc_1           0x080001c3   Thumb Code     0  libshutdown2.o(.ARM.Collect$$libshutdown$$0000000E)
    __rt_entry                               0x080001c5   Thumb Code     0  __rtentry.o(.ARM.Collect$$rtentry$$00000000)
    __rt_entry_presh_1                       0x080001c5   Thumb Code     0  __rtentry2.o(.ARM.Collect$$rtentry$$00000002)
    __rt_entry_sh                            0x080001c5   Thumb Code     0  __rtentry4.o(.ARM.Collect$$rtentry$$00000004)
    __rt_entry_li                            0x080001cb   Thumb Code     0  __rtentry2.o(.ARM.Collect$$rtentry$$0000000A)
    __rt_entry_postsh_1                      0x080001cb   Thumb Code     0  __rtentry2.o(.ARM.Collect$$rtentry$$00000009)
    __rt_entry_main                          0x080001cf   Thumb Code     0  __rtentry2.o(.ARM.Collect$$rtentry$$0000000D)
    __rt_entry_postli_1                      0x080001cf   Thumb Code     0  __rtentry2.o(.ARM.Collect$$rtentry$$0000000C)
    __rt_exit                                0x080001d7   Thumb Code     0  rtexit.o(.ARM.Collect$$rtexit$$00000000)
    __rt_exit_ls                             0x080001d9   Thumb Code     0  rtexit2.o(.ARM.Collect$$rtexit$$00000003)
    __rt_exit_prels_1                        0x080001d9   Thumb Code     0  rtexit2.o(.ARM.Collect$$rtexit$$00000002)
    __rt_exit_exit                           0x080001dd   Thumb Code     0  rtexit2.o(.ARM.Collect$$rtexit$$00000004)
    Reset_Handler                            0x080001e5   Thumb Code     8  startup_stm32f103xb.o(.text)
    ADC1_2_IRQHandler                        0x080001ff   Thumb Code     0  startup_stm32f103xb.o(.text)
    CAN1_RX1_IRQHandler                      0x080001ff   Thumb Code     0  startup_stm32f103xb.o(.text)
    CAN1_SCE_IRQHandler                      0x080001ff   Thumb Code     0  startup_stm32f103xb.o(.text)
    DMA1_Channel1_IRQHandler                 0x080001ff   Thumb Code     0  startup_stm32f103xb.o(.text)
    DMA1_Channel4_IRQHandler                 0x080001ff   Thumb Code     0  startup_stm32f103xb.o(.text)
    DMA1_Channel5_IRQHandler                 0x080001ff   Thumb Code     0  startup_stm32f103xb.o(.text)
    DMA1_Channel6_IRQHandler                 0x080001ff   Thumb Code     0  startup_stm32f103xb.o(.text)
    DMA1_Channel7_IRQHandler                 0x080001ff   Thumb Code     0  startup_stm32f103xb.o(.text)
    EXTI0_IRQHandler                         0x080001ff   Thumb Code     0  startup_stm32f103xb.o(.text)
    EXTI15_10_IRQHandler                     0x080001ff   Thumb Code     0  startup_stm32f103xb.o(.text)
    EXTI1_IRQHandler                         0x080001ff   Thumb Code     0  startup_stm32f103xb.o(.text)
    EXTI2_IRQHandler                         0x080001ff   Thumb Code     0  startup_stm32f103xb.o(.text)
    EXTI3_IRQHandler                         0x080001ff   Thumb Code     0  startup_stm32f103xb.o(.text)
    EXTI4_IRQHandler                         0x080001ff   Thumb Code     0  startup_stm32f103xb.o(.text)
    EXTI9_5_IRQHandler                       0x080001ff   Thumb Code     0  startup_stm32f103xb.o(.text)
    FLASH_IRQHandler                         0x080001ff   Thumb Code     0  startup_stm32f103xb.o(.text)
    I2C1_ER_IRQHandler                       0x080001ff   Thumb Code     0  startup_stm32f103xb.o(.text)
    I2C1_EV_IRQHandler                       0x080001ff   Thumb Code     0  startup_stm32f103xb.o(.text)
    I2C2_ER_IRQHandler                       0x080001ff   Thumb Code     0  startup_stm32f103xb.o(.text)
    I2C2_EV_IRQHandler                       0x080001ff   Thumb Code     0  startup_stm32f103xb.o(.text)
    PVD_IRQHandler                           0x080001ff   Thumb Code     0  startup_stm32f103xb.o(.text)
    RCC_IRQHandler                           0x080001ff   Thumb Code     0  startup_stm32f103xb.o(.text)
    RTC_Alarm_IRQHandler                     0x080001ff   Thumb Code     0  startup_stm32f103xb.o(.text)
    RTC_IRQHandler                           0x080001ff   Thumb Code     0  startup_stm32f103xb.o(.text)
    SPI1_IRQHandler                          0x080001ff   Thumb Code     0  startup_stm32f103xb.o(.text)
    SPI2_IRQHandler                          0x080001ff   Thumb Code     0  startup_stm32f103xb.o(.text)
    TAMPER_IRQHandler                        0x080001ff   Thumb Code     0  startup_stm32f103xb.o(.text)
    TIM1_BRK_IRQHandler                      0x080001ff   Thumb Code     0  startup_stm32f103xb.o(.text)
    TIM1_CC_IRQHandler                       0x080001ff   Thumb Code     0  startup_stm32f103xb.o(.text)
    TIM1_TRG_COM_IRQHandler                  0x080001ff   Thumb Code     0  startup_stm32f103xb.o(.text)
    TIM4_IRQHandler                          0x080001ff   Thumb Code     0  startup_stm32f103xb.o(.text)
    USBWakeUp_IRQHandler                     0x080001ff   Thumb Code     0  startup_stm32f103xb.o(.text)
    USB_HP_CAN1_TX_IRQHandler                0x080001ff   Thumb Code     0  startup_stm32f103xb.o(.text)
    USB_LP_CAN1_RX0_IRQHandler               0x080001ff   Thumb Code     0  startup_stm32f103xb.o(.text)
    WWDG_IRQHandler                          0x080001ff   Thumb Code     0  startup_stm32f103xb.o(.text)
    __user_initial_stackheap                 0x08000201   Thumb Code     0  startup_stm32f103xb.o(.text)
    __aeabi_memcpy4                          0x08000225   Thumb Code     0  rt_memcpy_w.o(.text)
    __aeabi_memcpy8                          0x08000225   Thumb Code     0  rt_memcpy_w.o(.text)
    __rt_memcpy_w                            0x08000225   Thumb Code   100  rt_memcpy_w.o(.text)
    _memcpy_lastbytes_aligned                0x0800026d   Thumb Code     0  rt_memcpy_w.o(.text)
    __aeabi_memclr4                          0x08000289   Thumb Code     0  rt_memclr_w.o(.text)
    __aeabi_memclr8                          0x08000289   Thumb Code     0  rt_memclr_w.o(.text)
    __rt_memclr_w                            0x08000289   Thumb Code    78  rt_memclr_w.o(.text)
    _memset_w                                0x0800028d   Thumb Code     0  rt_memclr_w.o(.text)
    __use_two_region_memory                  0x080002d7   Thumb Code     2  heapauxi.o(.text)
    __rt_heap_escrow$2region                 0x080002d9   Thumb Code     2  heapauxi.o(.text)
    __rt_heap_expand$2region                 0x080002db   Thumb Code     2  heapauxi.o(.text)
    __read_errno                             0x080002dd   Thumb Code    10  _rserrno.o(.text)
    __set_errno                              0x080002e7   Thumb Code    12  _rserrno.o(.text)
    __strtod_int                             0x08000331   Thumb Code    90  strtod.o(.text)
    __aeabi_errno_addr                       0x08000399   Thumb Code     8  rt_errno_addr_intlibspace.o(.text)
    __errno$intlibspace                      0x08000399   Thumb Code     0  rt_errno_addr_intlibspace.o(.text)
    __rt_errno_addr$intlibspace              0x08000399   Thumb Code     0  rt_errno_addr_intlibspace.o(.text)
    isspace                                  0x080003a1   Thumb Code    18  isspace.o(.text)
    _sgetc                                   0x080003b3   Thumb Code    30  _sgetc.o(.text)
    _sbackspace                              0x080003d1   Thumb Code    34  _sgetc.o(.text)
    __user_libspace                          0x080003f5   Thumb Code     8  libspace.o(.text)
    __user_perproc_libspace                  0x080003f5   Thumb Code     0  libspace.o(.text)
    __user_perthread_libspace                0x080003f5   Thumb Code     0  libspace.o(.text)
    __user_setup_stackheap                   0x080003fd   Thumb Code    74  sys_stackheap_outer.o(.text)
    __rt_ctype_table                         0x08000449   Thumb Code    16  rt_ctype_table.o(.text)
    _scanf_really_real                       0x080006a5   Thumb Code   684  scanf_fp.o(.text)
    exit                                     0x08000951   Thumb Code    18  exit.o(.text)
    strcmp                                   0x08000965   Thumb Code   128  strcmpv7m.o(.text)
    __rt_locale                              0x080009e5   Thumb Code     8  rt_locale_intlibspace.o(.text)
    _btod_etento                             0x080009ed   Thumb Code   224  bigflt0.o(.text)
    _scanf_really_hex_real                   0x08000ad1   Thumb Code   786  scanf_hexfp.o(.text)
    _scanf_really_infnan                     0x08000df1   Thumb Code   292  scanf_infnan.o(.text)
    _sys_exit                                0x08000f25   Thumb Code     8  sys_exit.o(.text)
    __aeabi_llsl                             0x08000f31   Thumb Code     0  llshl.o(.text)
    _ll_shift_l                              0x08000f31   Thumb Code    38  llshl.o(.text)
    _chval                                   0x08000f57   Thumb Code    28  _chval.o(.text)
    __I$use$semihosting                      0x08000f73   Thumb Code     0  use_no_semi.o(.text)
    __use_no_semihosting_swi                 0x08000f73   Thumb Code     2  use_no_semi.o(.text)
    __btod_div_common                        0x08000f75   Thumb Code   696  btod.o(CL$$btod_div_common)
    __semihosting_library_function           0x08000f75   Thumb Code     0  indicate_semi.o(.text)
    _e2d                                     0x080012ad   Thumb Code   122  btod.o(CL$$btod_e2d)
    _e2e                                     0x08001331   Thumb Code   220  btod.o(CL$$btod_e2e)
    _btod_ediv                               0x0800140d   Thumb Code    42  btod.o(CL$$btod_ediv)
    _btod_edivd                              0x08001437   Thumb Code    42  btod.o(CL$$btod_edivd)
    _btod_emul                               0x08001461   Thumb Code    42  btod.o(CL$$btod_emul)
    _btod_emuld                              0x0800148b   Thumb Code    42  btod.o(CL$$btod_emuld)
    __btod_mult_common                       0x080014b5   Thumb Code   580  btod.o(CL$$btod_mult_common)
    BusFault_Handler                         0x080016f9   Thumb Code     4  stm32f1xx_it.o(i.BusFault_Handler)
    DMA1_Channel2_IRQHandler                 0x080016fd   Thumb Code    10  stm32f1xx_it.o(i.DMA1_Channel2_IRQHandler)
    DMA1_Channel3_IRQHandler                 0x0800170d   Thumb Code    10  stm32f1xx_it.o(i.DMA1_Channel3_IRQHandler)
    DebugMon_Handler                         0x08001749   Thumb Code     2  stm32f1xx_it.o(i.DebugMon_Handler)
    Error_Handler                            0x0800174b   Thumb Code     6  main.o(i.Error_Handler)
    HAL_DMA_Abort                            0x08001751   Thumb Code    86  stm32f1xx_hal_dma.o(i.HAL_DMA_Abort)
    HAL_DMA_Abort_IT                         0x080017a9   Thumb Code   172  stm32f1xx_hal_dma.o(i.HAL_DMA_Abort_IT)
    HAL_DMA_IRQHandler                       0x08001859   Thumb Code   408  stm32f1xx_hal_dma.o(i.HAL_DMA_IRQHandler)
    HAL_DMA_Init                             0x080019f5   Thumb Code   100  stm32f1xx_hal_dma.o(i.HAL_DMA_Init)
    HAL_DMA_Start_IT                         0x08001a5d   Thumb Code   156  stm32f1xx_hal_dma.o(i.HAL_DMA_Start_IT)
    HAL_GPIO_Init                            0x08001af9   Thumb Code   766  stm32f1xx_hal_gpio.o(i.HAL_GPIO_Init)
    HAL_GPIO_WritePin                        0x08001e19   Thumb Code    12  stm32f1xx_hal_gpio.o(i.HAL_GPIO_WritePin)
    HAL_GetTick                              0x08001e25   Thumb Code     6  stm32f1xx_hal.o(i.HAL_GetTick)
    HAL_IncTick                              0x08001e31   Thumb Code    16  stm32f1xx_hal.o(i.HAL_IncTick)
    HAL_Init                                 0x08001e49   Thumb Code    34  stm32f1xx_hal.o(i.HAL_Init)
    HAL_InitTick                             0x08001e71   Thumb Code    64  stm32f1xx_hal.o(i.HAL_InitTick)
    HAL_MspInit                              0x08001ebd   Thumb Code    76  stm32f1xx_hal_msp.o(i.HAL_MspInit)
    HAL_NVIC_EnableIRQ                       0x08001f11   Thumb Code    32  stm32f1xx_hal_cortex.o(i.HAL_NVIC_EnableIRQ)
    HAL_NVIC_SetPriority                     0x08001f31   Thumb Code   124  stm32f1xx_hal_cortex.o(i.HAL_NVIC_SetPriority)
    HAL_NVIC_SetPriorityGrouping             0x08001fad   Thumb Code    32  stm32f1xx_hal_cortex.o(i.HAL_NVIC_SetPriorityGrouping)
    HAL_RCC_ClockConfig                      0x08001fd5   Thumb Code   376  stm32f1xx_hal_rcc.o(i.HAL_RCC_ClockConfig)
    HAL_RCC_GetHCLKFreq                      0x08002161   Thumb Code     6  stm32f1xx_hal_rcc.o(i.HAL_RCC_GetHCLKFreq)
    HAL_RCC_GetPCLK1Freq                     0x0800216d   Thumb Code    22  stm32f1xx_hal_rcc.o(i.HAL_RCC_GetPCLK1Freq)
    HAL_RCC_GetPCLK2Freq                     0x0800218d   Thumb Code    22  stm32f1xx_hal_rcc.o(i.HAL_RCC_GetPCLK2Freq)
    HAL_RCC_GetSysClockFreq                  0x080021ad   Thumb Code    92  stm32f1xx_hal_rcc.o(i.HAL_RCC_GetSysClockFreq)
    HAL_RCC_OscConfig                        0x0800221d   Thumb Code  1114  stm32f1xx_hal_rcc.o(i.HAL_RCC_OscConfig)
    HAL_SYSTICK_Config                       0x08002681   Thumb Code    52  stm32f1xx_hal_cortex.o(i.HAL_SYSTICK_Config)
    HAL_TIMEx_BreakCallback                  0x080026b5   Thumb Code     2  stm32f1xx_hal_tim_ex.o(i.HAL_TIMEx_BreakCallback)
    HAL_TIMEx_CommutCallback                 0x080026b7   Thumb Code     2  stm32f1xx_hal_tim_ex.o(i.HAL_TIMEx_CommutCallback)
    HAL_TIMEx_ConfigBreakDeadTime            0x080026b9   Thumb Code   116  stm32f1xx_hal_tim_ex.o(i.HAL_TIMEx_ConfigBreakDeadTime)
    HAL_TIMEx_MasterConfigSynchronization    0x0800272d   Thumb Code   118  stm32f1xx_hal_tim_ex.o(i.HAL_TIMEx_MasterConfigSynchronization)
    HAL_TIM_Base_Init                        0x080027b1   Thumb Code   102  stm32f1xx_hal_tim.o(i.HAL_TIM_Base_Init)
    HAL_TIM_Base_MspInit                     0x08002819   Thumb Code    58  tim.o(i.HAL_TIM_Base_MspInit)
    HAL_TIM_Base_Start_IT                    0x0800285d   Thumb Code   106  stm32f1xx_hal_tim.o(i.HAL_TIM_Base_Start_IT)
    HAL_TIM_ConfigClockSource                0x080028d5   Thumb Code   268  stm32f1xx_hal_tim.o(i.HAL_TIM_ConfigClockSource)
    HAL_TIM_Encoder_Init                     0x080029e1   Thumb Code   196  stm32f1xx_hal_tim.o(i.HAL_TIM_Encoder_Init)
    HAL_TIM_Encoder_MspInit                  0x08002aa5   Thumb Code   236  tim.o(i.HAL_TIM_Encoder_MspInit)
    HAL_TIM_Encoder_Start                    0x08002ba5   Thumb Code   204  stm32f1xx_hal_tim.o(i.HAL_TIM_Encoder_Start)
    HAL_TIM_IC_CaptureCallback               0x08002c71   Thumb Code     2  stm32f1xx_hal_tim.o(i.HAL_TIM_IC_CaptureCallback)
    HAL_TIM_IRQHandler                       0x08002c73   Thumb Code   364  stm32f1xx_hal_tim.o(i.HAL_TIM_IRQHandler)
    HAL_TIM_MspPostInit                      0x08002de1   Thumb Code    76  tim.o(i.HAL_TIM_MspPostInit)
    HAL_TIM_OC_DelayElapsedCallback          0x08002e39   Thumb Code     2  stm32f1xx_hal_tim.o(i.HAL_TIM_OC_DelayElapsedCallback)
    HAL_TIM_PWM_ConfigChannel                0x08002e3b   Thumb Code   260  stm32f1xx_hal_tim.o(i.HAL_TIM_PWM_ConfigChannel)
    HAL_TIM_PWM_Init                         0x08002f3f   Thumb Code   102  stm32f1xx_hal_tim.o(i.HAL_TIM_PWM_Init)
    HAL_TIM_PWM_MspInit                      0x08002fa5   Thumb Code     2  stm32f1xx_hal_tim.o(i.HAL_TIM_PWM_MspInit)
    HAL_TIM_PWM_PulseFinishedCallback        0x08002fa7   Thumb Code     2  stm32f1xx_hal_tim.o(i.HAL_TIM_PWM_PulseFinishedCallback)
    HAL_TIM_PWM_Start                        0x08002fa9   Thumb Code   198  stm32f1xx_hal_tim.o(i.HAL_TIM_PWM_Start)
    HAL_TIM_PWM_Stop                         0x0800307d   Thumb Code   152  stm32f1xx_hal_tim.o(i.HAL_TIM_PWM_Stop)
    HAL_TIM_PeriodElapsedCallback            0x08003119   Thumb Code    16  main.o(i.HAL_TIM_PeriodElapsedCallback)
    HAL_TIM_TriggerCallback                  0x0800312d   Thumb Code     2  stm32f1xx_hal_tim.o(i.HAL_TIM_TriggerCallback)
    HAL_UARTEx_ReceiveToIdle_DMA             0x0800312f   Thumb Code   112  stm32f1xx_hal_uart.o(i.HAL_UARTEx_ReceiveToIdle_DMA)
    HAL_UARTEx_RxEventCallback               0x080031a1   Thumb Code   138  main.o(i.HAL_UARTEx_RxEventCallback)
    HAL_UART_DMAStop                         0x08003245   Thumb Code   138  stm32f1xx_hal_uart.o(i.HAL_UART_DMAStop)
    HAL_UART_ErrorCallback                   0x080032d1   Thumb Code   372  main.o(i.HAL_UART_ErrorCallback)
    HAL_UART_IRQHandler                      0x08003469   Thumb Code   736  stm32f1xx_hal_uart.o(i.HAL_UART_IRQHandler)
    HAL_UART_Init                            0x0800374d   Thumb Code   118  stm32f1xx_hal_uart.o(i.HAL_UART_Init)
    HAL_UART_MspInit                         0x080037c5   Thumb Code   494  usart.o(i.HAL_UART_MspInit)
    HAL_UART_Receive_IT                      0x080039dd   Thumb Code    44  stm32f1xx_hal_uart.o(i.HAL_UART_Receive_IT)
    HAL_UART_RxCpltCallback                  0x08003a09   Thumb Code   150  main.o(i.HAL_UART_RxCpltCallback)
    HAL_UART_RxHalfCpltCallback              0x08003ac1   Thumb Code     2  stm32f1xx_hal_uart.o(i.HAL_UART_RxHalfCpltCallback)
    HAL_UART_Transmit                        0x08003ac3   Thumb Code   190  stm32f1xx_hal_uart.o(i.HAL_UART_Transmit)
    HAL_UART_TxCpltCallback                  0x08003b81   Thumb Code     2  stm32f1xx_hal_uart.o(i.HAL_UART_TxCpltCallback)
    HardFault_Handler                        0x08003b83   Thumb Code     4  stm32f1xx_it.o(i.HardFault_Handler)
    Lidar_Process                            0x08003b89   Thumb Code  3020  lidar_processing.o(i.Lidar_Process)
    MX_DMA_Init                              0x08004775   Thumb Code    64  dma.o(i.MX_DMA_Init)
    MX_GPIO_Init                             0x080047b9   Thumb Code   136  gpio.o(i.MX_GPIO_Init)
    MX_TIM1_Init                             0x08004849   Thumb Code   222  tim.o(i.MX_TIM1_Init)
    MX_TIM2_Init                             0x08004931   Thumb Code   116  tim.o(i.MX_TIM2_Init)
    MX_TIM3_Init                             0x080049a9   Thumb Code   114  tim.o(i.MX_TIM3_Init)
    MX_USART1_UART_Init                      0x08004a25   Thumb Code    46  usart.o(i.MX_USART1_UART_Init)
    MX_USART2_UART_Init                      0x08004a5d   Thumb Code    46  usart.o(i.MX_USART2_UART_Init)
    MX_USART3_UART_Init                      0x08004a95   Thumb Code    52  usart.o(i.MX_USART3_UART_Init)
    MemManage_Handler                        0x08004ad1   Thumb Code     4  stm32f1xx_it.o(i.MemManage_Handler)
    NMI_Handler                              0x08004ad5   Thumb Code     4  stm32f1xx_it.o(i.NMI_Handler)
    PID_Calc                                 0x08004ad9   Thumb Code   378  pid.o(i.PID_Calc)
    PID_Param_init_p                         0x08004c55   Thumb Code    66  pid.o(i.PID_Param_init_p)
    PID_Param_init_v_motor_left              0x08004ca9   Thumb Code    64  pid.o(i.PID_Param_init_v_motor_left)
    PID_Param_init_v_motor_right             0x08004d01   Thumb Code    64  pid.o(i.PID_Param_init_v_motor_right)
    PendSV_Handler                           0x08004d59   Thumb Code     2  stm32f1xx_it.o(i.PendSV_Handler)
    SVC_Handler                              0x08004d85   Thumb Code     2  stm32f1xx_it.o(i.SVC_Handler)
    SysTick_Handler                          0x08004d87   Thumb Code     8  stm32f1xx_it.o(i.SysTick_Handler)
    SystemClock_Config                       0x08004d8f   Thumb Code   102  main.o(i.SystemClock_Config)
    SystemInit                               0x08004df5   Thumb Code     2  system_stm32f1xx.o(i.SystemInit)
    TIM1_UP_IRQHandler                       0x08004df9   Thumb Code    10  stm32f1xx_it.o(i.TIM1_UP_IRQHandler)
    TIM2_IRQHandler                          0x08004e09   Thumb Code    10  stm32f1xx_it.o(i.TIM2_IRQHandler)
    TIM3_IRQHandler                          0x08004e19   Thumb Code    10  stm32f1xx_it.o(i.TIM3_IRQHandler)
    TIM_Base_SetConfig                       0x08004e29   Thumb Code   120  stm32f1xx_hal_tim.o(i.TIM_Base_SetConfig)
    TIM_CCxChannelCmd                        0x08004ead   Thumb Code    34  stm32f1xx_hal_tim.o(i.TIM_CCxChannelCmd)
    TIM_ETR_SetConfig                        0x08004ecf   Thumb Code    22  stm32f1xx_hal_tim.o(i.TIM_ETR_SetConfig)
    TIM_OC2_SetConfig                        0x08004f59   Thumb Code   100  stm32f1xx_hal_tim.o(i.TIM_OC2_SetConfig)
    UART_Start_Receive_DMA                   0x080054a5   Thumb Code   186  stm32f1xx_hal_uart.o(i.UART_Start_Receive_DMA)
    UART_Start_Receive_IT                    0x0800556d   Thumb Code    64  stm32f1xx_hal_uart.o(i.UART_Start_Receive_IT)
    USART1_IRQHandler                        0x08005699   Thumb Code    10  stm32f1xx_it.o(i.USART1_IRQHandler)
    USART2_IRQHandler                        0x080056a9   Thumb Code    10  stm32f1xx_it.o(i.USART2_IRQHandler)
    USART3_IRQHandler                        0x080056b9   Thumb Code    10  stm32f1xx_it.o(i.USART3_IRQHandler)
    UsageFault_Handler                       0x080056c9   Thumb Code     4  stm32f1xx_it.o(i.UsageFault_Handler)
    __ARM_fpclassify                         0x080056cd   Thumb Code    40  fpclassify.o(i.__ARM_fpclassify)
    __kernel_poly                            0x0800572d   Thumb Code   170  poly.o(i.__kernel_poly)
    __mathlib_dbl_divzero                    0x080057d9   Thumb Code    12  dunder.o(i.__mathlib_dbl_divzero)
    __mathlib_dbl_infnan2                    0x080057e9   Thumb Code     4  dunder.o(i.__mathlib_dbl_infnan2)
    __mathlib_dbl_invalid                    0x080057ed   Thumb Code    12  dunder.o(i.__mathlib_dbl_invalid)
    __mathlib_dbl_overflow                   0x080057f9   Thumb Code    14  dunder.o(i.__mathlib_dbl_overflow)
    __mathlib_dbl_underflow                  0x08005809   Thumb Code    10  dunder.o(i.__mathlib_dbl_underflow)
    __mathlib_narrow                         0x08005819   Thumb Code    16  narrow.o(i.__mathlib_narrow)
    __mathlib_tofloat                        0x08005829   Thumb Code   184  narrow.o(i.__mathlib_tofloat)
    __support_ldexp                          0x080058e5   Thumb Code    22  ldexp.o(i.__support_ldexp)
    _is_digit                                0x080058fb   Thumb Code    14  scanf_fp.o(i._is_digit)
    atof                                     0x08005909   Thumb Code    42  atof.o(i.atof)
    data_process1                            0x08005a35   Thumb Code   308  stp_23l.o(i.data_process1)
    data_process2                            0x08005ba5   Thumb Code   308  stp_23l.o(i.data_process2)
    frexp                                    0x08005e7d   Thumb Code    80  frexp.o(i.frexp)
    ldexp                                    0x08005ed5   Thumb Code   116  ldexp.o(i.ldexp)
    main                                     0x08005f49   Thumb Code  1230  main.o(i.main)
    motor_init                               0x0800644d   Thumb Code   262  motor.o(i.motor_init)
    motor_pid_control                        0x0800655d   Thumb Code  3148  motor.o(i.motor_pid_control)
    motor_start                              0x0800721d   Thumb Code    32  motor.o(i.motor_start)
    motor_stop                               0x08007241   Thumb Code    16  motor.o(i.motor_stop)
    pow                                      0x08007255   Thumb Code  2512  pow.o(i.pow)
    set_motor_direction                      0x08007c2d   Thumb Code   470  motor.o(i.set_motor_direction)
    set_motor_hold                           0x08007e29   Thumb Code    22  motor.o(i.set_motor_hold)
    set_motor_posi                           0x08007e3f   Thumb Code    10  motor.o(i.set_motor_posi)
    set_pidp_ref                             0x08007e49   Thumb Code   254  motor.o(i.set_pidp_ref)
    sqrt                                     0x08007f4d   Thumb Code    76  sqrt.o(i.sqrt)
    _get_lc_numeric                          0x08007f99   Thumb Code    44  lc_numeric_c.o(locale$$code)
    _get_lc_ctype                            0x08007fc5   Thumb Code    44  lc_ctype_c.o(locale$$code)
    __aeabi_d2f                              0x08007ff1   Thumb Code     0  d2f.o(x$fpl$d2f)
    _d2f                                     0x08007ff1   Thumb Code    98  d2f.o(x$fpl$d2f)
    __aeabi_dadd                             0x08008055   Thumb Code     0  daddsub_clz.o(x$fpl$dadd)
    _dadd                                    0x08008055   Thumb Code   332  daddsub_clz.o(x$fpl$dadd)
    __fpl_dcheck_NaN1                        0x080081a5   Thumb Code    10  dcheck1.o(x$fpl$dcheck1)
    __fpl_dcmp_Inf                           0x080081b5   Thumb Code    24  dcmpi.o(x$fpl$dcmpinf)
    __aeabi_ddiv                             0x080081cd   Thumb Code     0  ddiv.o(x$fpl$ddiv)
    _ddiv                                    0x080081cd   Thumb Code   552  ddiv.o(x$fpl$ddiv)
    __aeabi_cdcmpeq                          0x0800847d   Thumb Code     0  deqf.o(x$fpl$deqf)
    _dcmpeq                                  0x0800847d   Thumb Code   120  deqf.o(x$fpl$deqf)
    __aeabi_d2iz                             0x080084f5   Thumb Code     0  dfix.o(x$fpl$dfix)
    _dfix                                    0x080084f5   Thumb Code    94  dfix.o(x$fpl$dfix)
    __aeabi_d2uiz                            0x08008555   Thumb Code     0  dfixu.o(x$fpl$dfixu)
    _dfixu                                   0x08008555   Thumb Code    90  dfixu.o(x$fpl$dfixu)
    __aeabi_i2d                              0x080085af   Thumb Code     0  dflt_clz.o(x$fpl$dflt)
    _dflt                                    0x080085af   Thumb Code    46  dflt_clz.o(x$fpl$dflt)
    __aeabi_ui2d                             0x080085dd   Thumb Code     0  dflt_clz.o(x$fpl$dfltu)
    _dfltu                                   0x080085dd   Thumb Code    38  dflt_clz.o(x$fpl$dfltu)
    __aeabi_cdcmple                          0x08008605   Thumb Code     0  dleqf.o(x$fpl$dleqf)
    _dcmple                                  0x08008605   Thumb Code   120  dleqf.o(x$fpl$dleqf)
    __fpl_dcmple_InfNaN                      0x08008667   Thumb Code     0  dleqf.o(x$fpl$dleqf)
    __aeabi_dmul                             0x0800867d   Thumb Code     0  dmul.o(x$fpl$dmul)
    _dmul                                    0x0800867d   Thumb Code   332  dmul.o(x$fpl$dmul)
    __fpl_dnaninf                            0x080087d1   Thumb Code   156  dnaninf.o(x$fpl$dnaninf)
    __fpl_dretinf                            0x0800886d   Thumb Code    12  dretinf.o(x$fpl$dretinf)
    __aeabi_cdrcmple                         0x08008879   Thumb Code     0  drleqf.o(x$fpl$drleqf)
    _drcmple                                 0x08008879   Thumb Code   108  drleqf.o(x$fpl$drleqf)
    __aeabi_drsub                            0x080088e5   Thumb Code     0  daddsub_clz.o(x$fpl$drsb)
    _drsb                                    0x080088e5   Thumb Code    22  daddsub_clz.o(x$fpl$drsb)
    _dsqrt                                   0x080088fd   Thumb Code   456  dsqrt_noumaal.o(x$fpl$dsqrt)
    __aeabi_dsub                             0x08008ac9   Thumb Code     0  daddsub_clz.o(x$fpl$dsub)
    _dsub                                    0x08008ac9   Thumb Code   464  daddsub_clz.o(x$fpl$dsub)
    __aeabi_f2d                              0x08008c9d   Thumb Code     0  f2d.o(x$fpl$f2d)
    _f2d                                     0x08008c9d   Thumb Code    86  f2d.o(x$fpl$f2d)
    __fpl_fnaninf                            0x08008cf3   Thumb Code   140  fnaninf.o(x$fpl$fnaninf)
    __fpl_fretinf                            0x08008d7f   Thumb Code    10  fretinf.o(x$fpl$fretinf)
    __ieee_status                            0x08008d89   Thumb Code     6  istatus.o(x$fpl$ieeestatus)
    __fpl_return_NaN                         0x08008d8f   Thumb Code   100  retnan.o(x$fpl$retnan)
    __ARM_scalbn                             0x08008df3   Thumb Code    92  scalbn.o(x$fpl$scalbn)
    _scanf_real                              0x08008e4f   Thumb Code     4  scanf1.o(x$fpl$scanf1)
    _scanf_hex_real                          0x08008e53   Thumb Code     4  scanf2.o(x$fpl$scanf2)
    _scanf_infnan                            0x08008e57   Thumb Code     4  scanf2.o(x$fpl$scanf2)
    __fpl_cmpreturn                          0x08008e5b   Thumb Code    48  trapv.o(x$fpl$trapveneer)
    __I$use$fp                               0x08008e8a   Number         0  usenofp.o(x$fpl$usenofp)
    AHBPrescTable                            0x08008e9c   Data          16  system_stm32f1xx.o(.constdata)
    APBPrescTable                            0x08008eac   Data           8  system_stm32f1xx.o(.constdata)
    __mathlib_zero                           0x08008f40   Data           8  qnan.o(.constdata)
    Region$$Table$$Base                      0x08008fdc   Number         0  anon$$obj.o(Region$$Table)
    Region$$Table$$Limit                     0x08008ffc   Number         0  anon$$obj.o(Region$$Table)
    __aeabi_HUGE_VAL                         0x08008ffc   Data           0  fpconst.o(c$$dinf)
    __aeabi_HUGE_VALL                        0x08008ffc   Data           0  fpconst.o(c$$dinf)
    __aeabi_INFINITY                         0x08008ffc   Data           0  fpconst.o(c$$dinf)
    __dInf                                   0x08008ffc   Data           0  fpconst.o(c$$dinf)
    __huge_val                               0x08008ffc   Data           0  fpconst.o(c$$dinf)
    __dbl_max                                0x08009004   Data           0  fpconst.o(c$$dmax)
    __ctype                                  0x08009035   Data           0  lc_ctype_c.o(locale$$data)
    tail                                     0x20000000   Data           4  main.o(.data)
    receive_flag                             0x20000004   Data           1  main.o(.data)
    ref                                      0x20000008   Data           8  main.o(.data)
    delta_cm                                 0x20000018   Data           8  main.o(.data)
    ref1                                     0x20000020   Data           8  main.o(.data)
    pfdb                                     0x20000028   Data           8  main.o(.data)
    arr                                      0x20000030   Data           6  main.o(.data)
    rxindex                                  0x20000038   Data           4  main.o(.data)
    stp_Receive_buf1                         0x2000003c   Data           1  main.o(.data)
    stp_Receive_buf2                         0x2000003d   Data           1  main.o(.data)
    timeout_enabled                          0x2000003e   Data           1  main.o(.data)
    timeout_ticks                            0x20000040   Data           4  main.o(.data)
    movement_timer                           0x20000044   Data           4  main.o(.data)
    uwTick                                   0x20000048   Data           4  stm32f1xx_hal.o(.data)
    uwTickPrio                               0x2000004c   Data           4  stm32f1xx_hal.o(.data)
    uwTickFreq                               0x20000050   Data           1  stm32f1xx_hal.o(.data)
    SystemCoreClock                          0x20000054   Data           4  system_stm32f1xx.o(.data)
    counter_now1                             0x20000058   Data           2  motor.o(.data)
    counter_now2                             0x2000005a   Data           2  motor.o(.data)
    rpm1                                     0x2000005c   Data           4  motor.o(.data)
    rpm2                                     0x20000060   Data           4  motor.o(.data)
    wflag1                                   0x20000064   Data           4  motor.o(.data)
    wflag2                                   0x20000068   Data           4  motor.o(.data)
    endflag                                  0x2000006c   Data           4  motor.o(.data)
    startflag                                0x20000070   Data           4  motor.o(.data)
    once_transmit_flag                       0x20000074   Data           4  motor.o(.data)
    correct_enable                           0x20000078   Data           4  motor.o(.data)
    distanceRef1                             0x20000080   Data           8  motor.o(.data)
    distanceRef2                             0x20000088   Data           8  motor.o(.data)
    start_position1                          0x20000090   Data           8  motor.o(.data)
    distance_traveled1                       0x20000098   Data           8  motor.o(.data)
    start_position2                          0x200000a0   Data           8  motor.o(.data)
    distance_traveled2                       0x200000a8   Data           8  motor.o(.data)
    filter_para1                             0x200000b0   Data           8  motor.o(.data)
    filter_para2                             0x200000b8   Data           8  motor.o(.data)
    receive_cnt1                             0x200000c0   Data           2  stp_23l.o(.data)
    receive_cnt2                             0x200000c2   Data           2  stp_23l.o(.data)
    confidence1                              0x200000c4   Data           1  stp_23l.o(.data)
    confidence2                              0x200000c5   Data           1  stp_23l.o(.data)
    distance1                                0x200000c6   Data           2  stp_23l.o(.data)
    noise1                                   0x200000c8   Data           2  stp_23l.o(.data)
    reftof1                                  0x200000ca   Data           2  stp_23l.o(.data)
    distance2                                0x200000cc   Data           2  stp_23l.o(.data)
    noise2                                   0x200000ce   Data           2  stp_23l.o(.data)
    reftof2                                  0x200000d0   Data           2  stp_23l.o(.data)
    peak1                                    0x200000d4   Data           4  stp_23l.o(.data)
    intg1                                    0x200000d8   Data           4  stp_23l.o(.data)
    peak2                                    0x200000dc   Data           4  stp_23l.o(.data)
    intg2                                    0x200000e0   Data           4  stp_23l.o(.data)
    data                                     0x20000140   Data          16  main.o(.bss)
    receiveData                              0x20000150   Data          10  main.o(.bss)
    motor1                                   0x20000160   Data         368  main.o(.bss)
    motor2                                   0x200002d0   Data         368  main.o(.bss)
    htim1                                    0x20000440   Data          72  tim.o(.bss)
    htim2                                    0x20000488   Data          72  tim.o(.bss)
    htim3                                    0x200004d0   Data          72  tim.o(.bss)
    huart1                                   0x20000518   Data          72  usart.o(.bss)
    huart2                                   0x20000560   Data          72  usart.o(.bss)
    huart3                                   0x200005a8   Data          72  usart.o(.bss)
    hdma_usart3_rx                           0x200005f0   Data          68  usart.o(.bss)
    hdma_usart3_tx                           0x20000634   Data          68  usart.o(.bss)
    Pack_Data1                               0x200006e8   Data         240  stp_23l.o(.bss)
    Pack_Data2                               0x200007d8   Data         240  stp_23l.o(.bss)
    Pack_sum1                                0x200008c8   Data          20  stp_23l.o(.bss)
    Pack_sum2                                0x200008dc   Data          20  stp_23l.o(.bss)
    uart1_rx_buffer                          0x200008f0   Data         260  lidar_processing.o(.bss)
    uart2_rx_buffer                          0x200009f4   Data         260  lidar_processing.o(.bss)
    __libspace_start                         0x20000af8   Data          96  libspace.o(.bss)
    __temporary_stack_top$libspace           0x20000b58   Data           0  libspace.o(.bss)



==============================================================================

Memory Map of the image

  Image Entry point : 0x080000ed

  Load Region LR_IROM1 (Base: 0x08000000, Size: 0x00009274, Max: 0x00010000, ABSOLUTE, COMPRESSED[0x00009160])

    Execution Region ER_IROM1 (Exec base: 0x08000000, Load base: 0x08000000, Size: 0x00009138, Max: 0x00010000, ABSOLUTE)

    Exec Addr    Load Addr    Size         Type   Attr      Idx    E Section Name        Object

    0x08000000   0x08000000   0x000000ec   Data   RO            3    RESET               startup_stm32f103xb.o
    0x080000ec   0x080000ec   0x00000008   Code   RO         3194  * !!!main             c_w.l(__main.o)
    0x080000f4   0x080000f4   0x00000034   Code   RO         3562    !!!scatter          c_w.l(__scatter.o)
    0x08000128   0x08000128   0x0000005a   Code   RO         3560    !!dczerorl2         c_w.l(__dczerorl2.o)
    0x08000182   0x08000182   0x00000002   PAD
    0x08000184   0x08000184   0x0000001c   Code   RO         3564    !!handler_zi        c_w.l(__scatter_zi.o)
    0x080001a0   0x080001a0   0x00000002   Code   RO         3352    .ARM.Collect$$libinit$$00000000  c_w.l(libinit.o)
    0x080001a2   0x080001a2   0x00000000   Code   RO         3354    .ARM.Collect$$libinit$$00000002  c_w.l(libinit2.o)
    0x080001a2   0x080001a2   0x00000000   Code   RO         3356    .ARM.Collect$$libinit$$00000004  c_w.l(libinit2.o)
    0x080001a2   0x080001a2   0x00000000   Code   RO         3359    .ARM.Collect$$libinit$$0000000A  c_w.l(libinit2.o)
    0x080001a2   0x080001a2   0x00000000   Code   RO         3361    .ARM.Collect$$libinit$$0000000C  c_w.l(libinit2.o)
    0x080001a2   0x080001a2   0x00000000   Code   RO         3363    .ARM.Collect$$libinit$$0000000E  c_w.l(libinit2.o)
    0x080001a2   0x080001a2   0x00000006   Code   RO         3364    .ARM.Collect$$libinit$$0000000F  c_w.l(libinit2.o)
    0x080001a8   0x080001a8   0x00000000   Code   RO         3366    .ARM.Collect$$libinit$$00000011  c_w.l(libinit2.o)
    0x080001a8   0x080001a8   0x0000000c   Code   RO         3367    .ARM.Collect$$libinit$$00000012  c_w.l(libinit2.o)
    0x080001b4   0x080001b4   0x00000000   Code   RO         3368    .ARM.Collect$$libinit$$00000013  c_w.l(libinit2.o)
    0x080001b4   0x080001b4   0x00000000   Code   RO         3370    .ARM.Collect$$libinit$$00000015  c_w.l(libinit2.o)
    0x080001b4   0x080001b4   0x0000000a   Code   RO         3371    .ARM.Collect$$libinit$$00000016  c_w.l(libinit2.o)
    0x080001be   0x080001be   0x00000000   Code   RO         3372    .ARM.Collect$$libinit$$00000017  c_w.l(libinit2.o)
    0x080001be   0x080001be   0x00000000   Code   RO         3374    .ARM.Collect$$libinit$$00000019  c_w.l(libinit2.o)
    0x080001be   0x080001be   0x00000000   Code   RO         3376    .ARM.Collect$$libinit$$0000001B  c_w.l(libinit2.o)
    0x080001be   0x080001be   0x00000000   Code   RO         3378    .ARM.Collect$$libinit$$0000001D  c_w.l(libinit2.o)
    0x080001be   0x080001be   0x00000000   Code   RO         3380    .ARM.Collect$$libinit$$0000001F  c_w.l(libinit2.o)
    0x080001be   0x080001be   0x00000000   Code   RO         3382    .ARM.Collect$$libinit$$00000021  c_w.l(libinit2.o)
    0x080001be   0x080001be   0x00000000   Code   RO         3384    .ARM.Collect$$libinit$$00000023  c_w.l(libinit2.o)
    0x080001be   0x080001be   0x00000000   Code   RO         3386    .ARM.Collect$$libinit$$00000025  c_w.l(libinit2.o)
    0x080001be   0x080001be   0x00000000   Code   RO         3390    .ARM.Collect$$libinit$$0000002C  c_w.l(libinit2.o)
    0x080001be   0x080001be   0x00000000   Code   RO         3392    .ARM.Collect$$libinit$$0000002E  c_w.l(libinit2.o)
    0x080001be   0x080001be   0x00000000   Code   RO         3394    .ARM.Collect$$libinit$$00000030  c_w.l(libinit2.o)
    0x080001be   0x080001be   0x00000000   Code   RO         3396    .ARM.Collect$$libinit$$00000032  c_w.l(libinit2.o)
    0x080001be   0x080001be   0x00000002   Code   RO         3397    .ARM.Collect$$libinit$$00000033  c_w.l(libinit2.o)
    0x080001c0   0x080001c0   0x00000002   Code   RO         3494    .ARM.Collect$$libshutdown$$00000000  c_w.l(libshutdown.o)
    0x080001c2   0x080001c2   0x00000000   Code   RO         3517    .ARM.Collect$$libshutdown$$00000002  c_w.l(libshutdown2.o)
    0x080001c2   0x080001c2   0x00000000   Code   RO         3519    .ARM.Collect$$libshutdown$$00000004  c_w.l(libshutdown2.o)
    0x080001c2   0x080001c2   0x00000000   Code   RO         3521    .ARM.Collect$$libshutdown$$00000006  c_w.l(libshutdown2.o)
    0x080001c2   0x080001c2   0x00000000   Code   RO         3524    .ARM.Collect$$libshutdown$$00000009  c_w.l(libshutdown2.o)
    0x080001c2   0x080001c2   0x00000000   Code   RO         3527    .ARM.Collect$$libshutdown$$0000000C  c_w.l(libshutdown2.o)
    0x080001c2   0x080001c2   0x00000000   Code   RO         3529    .ARM.Collect$$libshutdown$$0000000E  c_w.l(libshutdown2.o)
    0x080001c2   0x080001c2   0x00000000   Code   RO         3532    .ARM.Collect$$libshutdown$$00000011  c_w.l(libshutdown2.o)
    0x080001c2   0x080001c2   0x00000002   Code   RO         3533    .ARM.Collect$$libshutdown$$00000012  c_w.l(libshutdown2.o)
    0x080001c4   0x080001c4   0x00000000   Code   RO         3254    .ARM.Collect$$rtentry$$00000000  c_w.l(__rtentry.o)
    0x080001c4   0x080001c4   0x00000000   Code   RO         3300    .ARM.Collect$$rtentry$$00000002  c_w.l(__rtentry2.o)
    0x080001c4   0x080001c4   0x00000006   Code   RO         3312    .ARM.Collect$$rtentry$$00000004  c_w.l(__rtentry4.o)
    0x080001ca   0x080001ca   0x00000000   Code   RO         3302    .ARM.Collect$$rtentry$$00000009  c_w.l(__rtentry2.o)
    0x080001ca   0x080001ca   0x00000004   Code   RO         3303    .ARM.Collect$$rtentry$$0000000A  c_w.l(__rtentry2.o)
    0x080001ce   0x080001ce   0x00000000   Code   RO         3305    .ARM.Collect$$rtentry$$0000000C  c_w.l(__rtentry2.o)
    0x080001ce   0x080001ce   0x00000008   Code   RO         3306    .ARM.Collect$$rtentry$$0000000D  c_w.l(__rtentry2.o)
    0x080001d6   0x080001d6   0x00000002   Code   RO         3400    .ARM.Collect$$rtexit$$00000000  c_w.l(rtexit.o)
    0x080001d8   0x080001d8   0x00000000   Code   RO         3460    .ARM.Collect$$rtexit$$00000002  c_w.l(rtexit2.o)
    0x080001d8   0x080001d8   0x00000004   Code   RO         3461    .ARM.Collect$$rtexit$$00000003  c_w.l(rtexit2.o)
    0x080001dc   0x080001dc   0x00000006   Code   RO         3462    .ARM.Collect$$rtexit$$00000004  c_w.l(rtexit2.o)
    0x080001e2   0x080001e2   0x00000002   PAD
    0x080001e4   0x080001e4   0x00000040   Code   RO            4    .text               startup_stm32f103xb.o
    0x08000224   0x08000224   0x00000064   Code   RO         3188    .text               c_w.l(rt_memcpy_w.o)
    0x08000288   0x08000288   0x0000004e   Code   RO         3190    .text               c_w.l(rt_memclr_w.o)
    0x080002d6   0x080002d6   0x00000006   Code   RO         3192    .text               c_w.l(heapauxi.o)
    0x080002dc   0x080002dc   0x00000016   Code   RO         3255    .text               c_w.l(_rserrno.o)
    0x080002f2   0x080002f2   0x00000002   PAD
    0x080002f4   0x080002f4   0x000000a4   Code   RO         3257    .text               c_w.l(strtod.o)
    0x08000398   0x08000398   0x00000008   Code   RO         3317    .text               c_w.l(rt_errno_addr_intlibspace.o)
    0x080003a0   0x080003a0   0x00000012   Code   RO         3319    .text               c_w.l(isspace.o)
    0x080003b2   0x080003b2   0x00000040   Code   RO         3321    .text               c_w.l(_sgetc.o)
    0x080003f2   0x080003f2   0x00000002   PAD
    0x080003f4   0x080003f4   0x00000008   Code   RO         3332    .text               c_w.l(libspace.o)
    0x080003fc   0x080003fc   0x0000004a   Code   RO         3335    .text               c_w.l(sys_stackheap_outer.o)
    0x08000446   0x08000446   0x00000002   PAD
    0x08000448   0x08000448   0x00000010   Code   RO         3337    .text               c_w.l(rt_ctype_table.o)
    0x08000458   0x08000458   0x000004f8   Code   RO         3339    .text               c_w.l(scanf_fp.o)
    0x08000950   0x08000950   0x00000012   Code   RO         3343    .text               c_w.l(exit.o)
    0x08000962   0x08000962   0x00000002   PAD
    0x08000964   0x08000964   0x00000080   Code   RO         3345    .text               c_w.l(strcmpv7m.o)
    0x080009e4   0x080009e4   0x00000008   Code   RO         3405    .text               c_w.l(rt_locale_intlibspace.o)
    0x080009ec   0x080009ec   0x000000e4   Code   RO         3407    .text               c_w.l(bigflt0.o)
    0x08000ad0   0x08000ad0   0x00000320   Code   RO         3466    .text               c_w.l(scanf_hexfp.o)
    0x08000df0   0x08000df0   0x00000134   Code   RO         3468    .text               c_w.l(scanf_infnan.o)
    0x08000f24   0x08000f24   0x0000000c   Code   RO         3480    .text               c_w.l(sys_exit.o)
    0x08000f30   0x08000f30   0x00000026   Code   RO         3484    .text               c_w.l(llshl.o)
    0x08000f56   0x08000f56   0x0000001c   Code   RO         3486    .text               c_w.l(_chval.o)
    0x08000f72   0x08000f72   0x00000002   Code   RO         3507    .text               c_w.l(use_no_semi.o)
    0x08000f74   0x08000f74   0x00000000   Code   RO         3509    .text               c_w.l(indicate_semi.o)
    0x08000f74   0x08000f74   0x00000338   Code   RO         3420    CL$$btod_div_common  c_w.l(btod.o)
    0x080012ac   0x080012ac   0x00000084   Code   RO         3418    CL$$btod_e2d        c_w.l(btod.o)
    0x08001330   0x08001330   0x000000dc   Code   RO         3417    CL$$btod_e2e        c_w.l(btod.o)
    0x0800140c   0x0800140c   0x0000002a   Code   RO         3414    CL$$btod_ediv       c_w.l(btod.o)
    0x08001436   0x08001436   0x0000002a   Code   RO         3416    CL$$btod_edivd      c_w.l(btod.o)
    0x08001460   0x08001460   0x0000002a   Code   RO         3413    CL$$btod_emul       c_w.l(btod.o)
    0x0800148a   0x0800148a   0x0000002a   Code   RO         3415    CL$$btod_emuld      c_w.l(btod.o)
    0x080014b4   0x080014b4   0x00000244   Code   RO         3419    CL$$btod_mult_common  c_w.l(btod.o)
    0x080016f8   0x080016f8   0x00000004   Code   RO          389    i.BusFault_Handler  stm32f1xx_it.o
    0x080016fc   0x080016fc   0x00000010   Code   RO          390    i.DMA1_Channel2_IRQHandler  stm32f1xx_it.o
    0x0800170c   0x0800170c   0x00000010   Code   RO          391    i.DMA1_Channel3_IRQHandler  stm32f1xx_it.o
    0x0800171c   0x0800171c   0x0000002c   Code   RO         1942    i.DMA_SetConfig     stm32f1xx_hal_dma.o
    0x08001748   0x08001748   0x00000002   Code   RO          392    i.DebugMon_Handler  stm32f1xx_it.o
    0x0800174a   0x0800174a   0x00000006   Code   RO           13    i.Error_Handler     main.o
    0x08001750   0x08001750   0x00000056   Code   RO         1943    i.HAL_DMA_Abort     stm32f1xx_hal_dma.o
    0x080017a6   0x080017a6   0x00000002   PAD
    0x080017a8   0x080017a8   0x000000b0   Code   RO         1944    i.HAL_DMA_Abort_IT  stm32f1xx_hal_dma.o
    0x08001858   0x08001858   0x0000019c   Code   RO         1948    i.HAL_DMA_IRQHandler  stm32f1xx_hal_dma.o
    0x080019f4   0x080019f4   0x00000068   Code   RO         1949    i.HAL_DMA_Init      stm32f1xx_hal_dma.o
    0x08001a5c   0x08001a5c   0x0000009c   Code   RO         1953    i.HAL_DMA_Start_IT  stm32f1xx_hal_dma.o
    0x08001af8   0x08001af8   0x00000320   Code   RO         1879    i.HAL_GPIO_Init     stm32f1xx_hal_gpio.o
    0x08001e18   0x08001e18   0x0000000c   Code   RO         1883    i.HAL_GPIO_WritePin  stm32f1xx_hal_gpio.o
    0x08001e24   0x08001e24   0x0000000c   Code   RO         1568    i.HAL_GetTick       stm32f1xx_hal.o
    0x08001e30   0x08001e30   0x00000018   Code   RO         1574    i.HAL_IncTick       stm32f1xx_hal.o
    0x08001e48   0x08001e48   0x00000028   Code   RO         1575    i.HAL_Init          stm32f1xx_hal.o
    0x08001e70   0x08001e70   0x0000004c   Code   RO         1576    i.HAL_InitTick      stm32f1xx_hal.o
    0x08001ebc   0x08001ebc   0x00000054   Code   RO          513    i.HAL_MspInit       stm32f1xx_hal_msp.o
    0x08001f10   0x08001f10   0x00000020   Code   RO         2039    i.HAL_NVIC_EnableIRQ  stm32f1xx_hal_cortex.o
    0x08001f30   0x08001f30   0x0000007c   Code   RO         2045    i.HAL_NVIC_SetPriority  stm32f1xx_hal_cortex.o
    0x08001fac   0x08001fac   0x00000028   Code   RO         2046    i.HAL_NVIC_SetPriorityGrouping  stm32f1xx_hal_cortex.o
    0x08001fd4   0x08001fd4   0x0000018c   Code   RO         1732    i.HAL_RCC_ClockConfig  stm32f1xx_hal_rcc.o
    0x08002160   0x08002160   0x0000000c   Code   RO         1737    i.HAL_RCC_GetHCLKFreq  stm32f1xx_hal_rcc.o
    0x0800216c   0x0800216c   0x00000020   Code   RO         1739    i.HAL_RCC_GetPCLK1Freq  stm32f1xx_hal_rcc.o
    0x0800218c   0x0800218c   0x00000020   Code   RO         1740    i.HAL_RCC_GetPCLK2Freq  stm32f1xx_hal_rcc.o
    0x080021ac   0x080021ac   0x00000070   Code   RO         1741    i.HAL_RCC_GetSysClockFreq  stm32f1xx_hal_rcc.o
    0x0800221c   0x0800221c   0x00000464   Code   RO         1744    i.HAL_RCC_OscConfig  stm32f1xx_hal_rcc.o
    0x08002680   0x08002680   0x00000034   Code   RO         2050    i.HAL_SYSTICK_Config  stm32f1xx_hal_cortex.o
    0x080026b4   0x080026b4   0x00000002   Code   RO         1290    i.HAL_TIMEx_BreakCallback  stm32f1xx_hal_tim_ex.o
    0x080026b6   0x080026b6   0x00000002   Code   RO         1291    i.HAL_TIMEx_CommutCallback  stm32f1xx_hal_tim_ex.o
    0x080026b8   0x080026b8   0x00000074   Code   RO         1293    i.HAL_TIMEx_ConfigBreakDeadTime  stm32f1xx_hal_tim_ex.o
    0x0800272c   0x0800272c   0x00000084   Code   RO         1309    i.HAL_TIMEx_MasterConfigSynchronization  stm32f1xx_hal_tim_ex.o
    0x080027b0   0x080027b0   0x00000066   Code   RO          575    i.HAL_TIM_Base_Init  stm32f1xx_hal_tim.o
    0x08002816   0x08002816   0x00000002   PAD
    0x08002818   0x08002818   0x00000044   Code   RO          264    i.HAL_TIM_Base_MspInit  tim.o
    0x0800285c   0x0800285c   0x00000078   Code   RO          580    i.HAL_TIM_Base_Start_IT  stm32f1xx_hal_tim.o
    0x080028d4   0x080028d4   0x0000010c   Code   RO          584    i.HAL_TIM_ConfigClockSource  stm32f1xx_hal_tim.o
    0x080029e0   0x080029e0   0x000000c4   Code   RO          596    i.HAL_TIM_Encoder_Init  stm32f1xx_hal_tim.o
    0x08002aa4   0x08002aa4   0x00000100   Code   RO          266    i.HAL_TIM_Encoder_MspInit  tim.o
    0x08002ba4   0x08002ba4   0x000000cc   Code   RO          599    i.HAL_TIM_Encoder_Start  stm32f1xx_hal_tim.o
    0x08002c70   0x08002c70   0x00000002   Code   RO          609    i.HAL_TIM_IC_CaptureCallback  stm32f1xx_hal_tim.o
    0x08002c72   0x08002c72   0x0000016c   Code   RO          623    i.HAL_TIM_IRQHandler  stm32f1xx_hal_tim.o
    0x08002dde   0x08002dde   0x00000002   PAD
    0x08002de0   0x08002de0   0x00000058   Code   RO          267    i.HAL_TIM_MspPostInit  tim.o
    0x08002e38   0x08002e38   0x00000002   Code   RO          626    i.HAL_TIM_OC_DelayElapsedCallback  stm32f1xx_hal_tim.o
    0x08002e3a   0x08002e3a   0x00000104   Code   RO          647    i.HAL_TIM_PWM_ConfigChannel  stm32f1xx_hal_tim.o
    0x08002f3e   0x08002f3e   0x00000066   Code   RO          650    i.HAL_TIM_PWM_Init  stm32f1xx_hal_tim.o
    0x08002fa4   0x08002fa4   0x00000002   Code   RO          652    i.HAL_TIM_PWM_MspInit  stm32f1xx_hal_tim.o
    0x08002fa6   0x08002fa6   0x00000002   Code   RO          653    i.HAL_TIM_PWM_PulseFinishedCallback  stm32f1xx_hal_tim.o
    0x08002fa8   0x08002fa8   0x000000d4   Code   RO          655    i.HAL_TIM_PWM_Start  stm32f1xx_hal_tim.o
    0x0800307c   0x0800307c   0x0000009c   Code   RO          658    i.HAL_TIM_PWM_Stop  stm32f1xx_hal_tim.o
    0x08003118   0x08003118   0x00000014   Code   RO           14    i.HAL_TIM_PeriodElapsedCallback  main.o
    0x0800312c   0x0800312c   0x00000002   Code   RO          666    i.HAL_TIM_TriggerCallback  stm32f1xx_hal_tim.o
    0x0800312e   0x0800312e   0x00000070   Code   RO         2575    i.HAL_UARTEx_ReceiveToIdle_DMA  stm32f1xx_hal_uart.o
    0x0800319e   0x0800319e   0x00000002   PAD
    0x080031a0   0x080031a0   0x000000a4   Code   RO           15    i.HAL_UARTEx_RxEventCallback  main.o
    0x08003244   0x08003244   0x0000008a   Code   RO         2589    i.HAL_UART_DMAStop  stm32f1xx_hal_uart.o
    0x080032ce   0x080032ce   0x00000002   PAD
    0x080032d0   0x080032d0   0x00000198   Code   RO           16    i.HAL_UART_ErrorCallback  main.o
    0x08003468   0x08003468   0x000002e4   Code   RO         2594    i.HAL_UART_IRQHandler  stm32f1xx_hal_uart.o
    0x0800374c   0x0800374c   0x00000076   Code   RO         2595    i.HAL_UART_Init     stm32f1xx_hal_uart.o
    0x080037c2   0x080037c2   0x00000002   PAD
    0x080037c4   0x080037c4   0x00000218   Code   RO          336    i.HAL_UART_MspInit  usart.o
    0x080039dc   0x080039dc   0x0000002c   Code   RO         2600    i.HAL_UART_Receive_IT  stm32f1xx_hal_uart.o
    0x08003a08   0x08003a08   0x000000b8   Code   RO           17    i.HAL_UART_RxCpltCallback  main.o
    0x08003ac0   0x08003ac0   0x00000002   Code   RO         2602    i.HAL_UART_RxHalfCpltCallback  stm32f1xx_hal_uart.o
    0x08003ac2   0x08003ac2   0x000000be   Code   RO         2603    i.HAL_UART_Transmit  stm32f1xx_hal_uart.o
    0x08003b80   0x08003b80   0x00000002   Code   RO         2606    i.HAL_UART_TxCpltCallback  stm32f1xx_hal_uart.o
    0x08003b82   0x08003b82   0x00000004   Code   RO          393    i.HardFault_Handler  stm32f1xx_it.o
    0x08003b86   0x08003b86   0x00000002   PAD
    0x08003b88   0x08003b88   0x00000bec   Code   RO         3152    i.Lidar_Process     lidar_processing.o
    0x08004774   0x08004774   0x00000044   Code   RO          239    i.MX_DMA_Init       dma.o
    0x080047b8   0x080047b8   0x00000090   Code   RO          215    i.MX_GPIO_Init      gpio.o
    0x08004848   0x08004848   0x000000e8   Code   RO          268    i.MX_TIM1_Init      tim.o
    0x08004930   0x08004930   0x00000078   Code   RO          269    i.MX_TIM2_Init      tim.o
    0x080049a8   0x080049a8   0x0000007c   Code   RO          270    i.MX_TIM3_Init      tim.o
    0x08004a24   0x08004a24   0x00000038   Code   RO          337    i.MX_USART1_UART_Init  usart.o
    0x08004a5c   0x08004a5c   0x00000038   Code   RO          338    i.MX_USART2_UART_Init  usart.o
    0x08004a94   0x08004a94   0x0000003c   Code   RO          339    i.MX_USART3_UART_Init  usart.o
    0x08004ad0   0x08004ad0   0x00000004   Code   RO          394    i.MemManage_Handler  stm32f1xx_it.o
    0x08004ad4   0x08004ad4   0x00000004   Code   RO          395    i.NMI_Handler       stm32f1xx_it.o
    0x08004ad8   0x08004ad8   0x0000017a   Code   RO         3073    i.PID_Calc          pid.o
    0x08004c52   0x08004c52   0x00000002   PAD
    0x08004c54   0x08004c54   0x00000054   Code   RO         3074    i.PID_Param_init_p  pid.o
    0x08004ca8   0x08004ca8   0x00000058   Code   RO         3075    i.PID_Param_init_v_motor_left  pid.o
    0x08004d00   0x08004d00   0x00000058   Code   RO         3076    i.PID_Param_init_v_motor_right  pid.o
    0x08004d58   0x08004d58   0x00000002   Code   RO          396    i.PendSV_Handler    stm32f1xx_it.o
    0x08004d5a   0x08004d5a   0x00000002   PAD
    0x08004d5c   0x08004d5c   0x00000028   Code   RO         1745    i.RCC_Delay         stm32f1xx_hal_rcc.o
    0x08004d84   0x08004d84   0x00000002   Code   RO          397    i.SVC_Handler       stm32f1xx_it.o
    0x08004d86   0x08004d86   0x00000008   Code   RO          398    i.SysTick_Handler   stm32f1xx_it.o
    0x08004d8e   0x08004d8e   0x00000066   Code   RO           18    i.SystemClock_Config  main.o
    0x08004df4   0x08004df4   0x00000002   Code   RO         2939    i.SystemInit        system_stm32f1xx.o
    0x08004df6   0x08004df6   0x00000002   PAD
    0x08004df8   0x08004df8   0x00000010   Code   RO          399    i.TIM1_UP_IRQHandler  stm32f1xx_it.o
    0x08004e08   0x08004e08   0x00000010   Code   RO          400    i.TIM2_IRQHandler   stm32f1xx_it.o
    0x08004e18   0x08004e18   0x00000010   Code   RO          401    i.TIM3_IRQHandler   stm32f1xx_it.o
    0x08004e28   0x08004e28   0x00000084   Code   RO          668    i.TIM_Base_SetConfig  stm32f1xx_hal_tim.o
    0x08004eac   0x08004eac   0x00000022   Code   RO          669    i.TIM_CCxChannelCmd  stm32f1xx_hal_tim.o
    0x08004ece   0x08004ece   0x00000016   Code   RO          679    i.TIM_ETR_SetConfig  stm32f1xx_hal_tim.o
    0x08004ee4   0x08004ee4   0x00000012   Code   RO          680    i.TIM_ITRx_SetConfig  stm32f1xx_hal_tim.o
    0x08004ef6   0x08004ef6   0x00000002   PAD
    0x08004ef8   0x08004ef8   0x00000060   Code   RO          681    i.TIM_OC1_SetConfig  stm32f1xx_hal_tim.o
    0x08004f58   0x08004f58   0x00000068   Code   RO          682    i.TIM_OC2_SetConfig  stm32f1xx_hal_tim.o
    0x08004fc0   0x08004fc0   0x00000068   Code   RO          683    i.TIM_OC3_SetConfig  stm32f1xx_hal_tim.o
    0x08005028   0x08005028   0x00000048   Code   RO          684    i.TIM_OC4_SetConfig  stm32f1xx_hal_tim.o
    0x08005070   0x08005070   0x00000026   Code   RO          686    i.TIM_TI1_ConfigInputStage  stm32f1xx_hal_tim.o
    0x08005096   0x08005096   0x00000028   Code   RO          688    i.TIM_TI2_ConfigInputStage  stm32f1xx_hal_tim.o
    0x080050be   0x080050be   0x00000014   Code   RO         2608    i.UART_DMAAbortOnError  stm32f1xx_hal_uart.o
    0x080050d2   0x080050d2   0x00000050   Code   RO         2609    i.UART_DMAError     stm32f1xx_hal_uart.o
    0x08005122   0x08005122   0x000000b4   Code   RO         2610    i.UART_DMAReceiveCplt  stm32f1xx_hal_uart.o
    0x080051d6   0x080051d6   0x00000024   Code   RO         2612    i.UART_DMARxHalfCplt  stm32f1xx_hal_uart.o
    0x080051fa   0x080051fa   0x0000006c   Code   RO         2618    i.UART_EndRxTransfer  stm32f1xx_hal_uart.o
    0x08005266   0x08005266   0x00000020   Code   RO         2619    i.UART_EndTransmit_IT  stm32f1xx_hal_uart.o
    0x08005286   0x08005286   0x00000026   Code   RO         2620    i.UART_EndTxTransfer  stm32f1xx_hal_uart.o
    0x080052ac   0x080052ac   0x000000fc   Code   RO         2621    i.UART_Receive_IT   stm32f1xx_hal_uart.o
    0x080053a8   0x080053a8   0x000000fc   Code   RO         2622    i.UART_SetConfig    stm32f1xx_hal_uart.o
    0x080054a4   0x080054a4   0x000000c8   Code   RO         2623    i.UART_Start_Receive_DMA  stm32f1xx_hal_uart.o
    0x0800556c   0x0800556c   0x00000040   Code   RO         2624    i.UART_Start_Receive_IT  stm32f1xx_hal_uart.o
    0x080055ac   0x080055ac   0x00000060   Code   RO         2625    i.UART_Transmit_IT  stm32f1xx_hal_uart.o
    0x0800560c   0x0800560c   0x0000008c   Code   RO         2626    i.UART_WaitOnFlagUntilTimeout  stm32f1xx_hal_uart.o
    0x08005698   0x08005698   0x00000010   Code   RO          402    i.USART1_IRQHandler  stm32f1xx_it.o
    0x080056a8   0x080056a8   0x00000010   Code   RO          403    i.USART2_IRQHandler  stm32f1xx_it.o
    0x080056b8   0x080056b8   0x00000010   Code   RO          404    i.USART3_IRQHandler  stm32f1xx_it.o
    0x080056c8   0x080056c8   0x00000004   Code   RO          405    i.UsageFault_Handler  stm32f1xx_it.o
    0x080056cc   0x080056cc   0x00000028   Code   RO         3286    i.__ARM_fpclassify  m_ws.l(fpclassify.o)
    0x080056f4   0x080056f4   0x00000010   Code   RO         2052    i.__NVIC_GetPriorityGrouping  stm32f1xx_hal_cortex.o
    0x08005704   0x08005704   0x00000028   Code   RO         2053    i.__NVIC_SetPriority  stm32f1xx_hal_cortex.o
    0x0800572c   0x0800572c   0x000000aa   Code   RO         3288    i.__kernel_poly     m_ws.l(poly.o)
    0x080057d6   0x080057d6   0x00000002   PAD
    0x080057d8   0x080057d8   0x00000010   Code   RO         3272    i.__mathlib_dbl_divzero  m_ws.l(dunder.o)
    0x080057e8   0x080057e8   0x00000004   Code   RO         3274    i.__mathlib_dbl_infnan2  m_ws.l(dunder.o)
    0x080057ec   0x080057ec   0x0000000c   Code   RO         3275    i.__mathlib_dbl_invalid  m_ws.l(dunder.o)
    0x080057f8   0x080057f8   0x0000000e   Code   RO         3276    i.__mathlib_dbl_overflow  m_ws.l(dunder.o)
    0x08005806   0x08005806   0x00000002   PAD
    0x08005808   0x08005808   0x00000010   Code   RO         3278    i.__mathlib_dbl_underflow  m_ws.l(dunder.o)
    0x08005818   0x08005818   0x00000010   Code   RO         3453    i.__mathlib_narrow  m_ws.l(narrow.o)
    0x08005828   0x08005828   0x000000bc   Code   RO         3454    i.__mathlib_tofloat  m_ws.l(narrow.o)
    0x080058e4   0x080058e4   0x00000016   Code   RO         3496    i.__support_ldexp   m_ws.l(ldexp.o)
    0x080058fa   0x080058fa   0x0000000e   Code   RO         3341    i._is_digit         c_w.l(scanf_fp.o)
    0x08005908   0x08005908   0x0000002a   Code   RO         3241    i.atof              m_ws.l(atof.o)
    0x08005932   0x08005932   0x00000002   PAD
    0x08005934   0x08005934   0x00000100   Code   RO           19    i.compute_timeout_ticks_cm  main.o
    0x08005a34   0x08005a34   0x00000170   Code   RO         3115    i.data_process1     stp_23l.o
    0x08005ba4   0x08005ba4   0x00000170   Code   RO         3116    i.data_process2     stp_23l.o
    0x08005d14   0x08005d14   0x00000168   Code   RO         2975    i.foh_step          motor.o
    0x08005e7c   0x08005e7c   0x00000058   Code   RO         3475    i.frexp             m_ws.l(frexp.o)
    0x08005ed4   0x08005ed4   0x00000074   Code   RO         3497    i.ldexp             m_ws.l(ldexp.o)
    0x08005f48   0x08005f48   0x000004e8   Code   RO           21    i.main              main.o
    0x08006430   0x08006430   0x0000001c   Code   RO         2976    i.mm_to_cm_uint     motor.o
    0x0800644c   0x0800644c   0x00000110   Code   RO         2977    i.motor_init        motor.o
    0x0800655c   0x0800655c   0x00000cc0   Code   RO         2978    i.motor_pid_control  motor.o
    0x0800721c   0x0800721c   0x00000024   Code   RO         2979    i.motor_start       motor.o
    0x08007240   0x08007240   0x00000014   Code   RO         2980    i.motor_stop        motor.o
    0x08007254   0x08007254   0x000009d8   Code   RO         3245    i.pow               m_ws.l(pow.o)
    0x08007c2c   0x08007c2c   0x000001fc   Code   RO         2981    i.set_motor_direction  motor.o
    0x08007e28   0x08007e28   0x00000016   Code   RO         2982    i.set_motor_hold    motor.o
    0x08007e3e   0x08007e3e   0x0000000a   Code   RO         2983    i.set_motor_posi    motor.o
    0x08007e48   0x08007e48   0x00000104   Code   RO         2985    i.set_pidp_ref      motor.o
    0x08007f4c   0x08007f4c   0x0000004c   Code   RO         3292    i.sqrt              m_ws.l(sqrt.o)
    0x08007f98   0x08007f98   0x0000002c   Code   RO         3324    locale$$code        c_w.l(lc_numeric_c.o)
    0x08007fc4   0x08007fc4   0x0000002c   Code   RO         3433    locale$$code        c_w.l(lc_ctype_c.o)
    0x08007ff0   0x08007ff0   0x00000062   Code   RO         3196    x$fpl$d2f           fz_ws.l(d2f.o)
    0x08008052   0x08008052   0x00000002   PAD
    0x08008054   0x08008054   0x00000150   Code   RO         3198    x$fpl$dadd          fz_ws.l(daddsub_clz.o)
    0x080081a4   0x080081a4   0x00000010   Code   RO         3326    x$fpl$dcheck1       fz_ws.l(dcheck1.o)
    0x080081b4   0x080081b4   0x00000018   Code   RO         3259    x$fpl$dcmpinf       fz_ws.l(dcmpi.o)
    0x080081cc   0x080081cc   0x000002b0   Code   RO         3205    x$fpl$ddiv          fz_ws.l(ddiv.o)
    0x0800847c   0x0800847c   0x00000078   Code   RO         3208    x$fpl$deqf          fz_ws.l(deqf.o)
    0x080084f4   0x080084f4   0x0000005e   Code   RO         3210    x$fpl$dfix          fz_ws.l(dfix.o)
    0x08008552   0x08008552   0x00000002   PAD
    0x08008554   0x08008554   0x0000005a   Code   RO         3214    x$fpl$dfixu         fz_ws.l(dfixu.o)
    0x080085ae   0x080085ae   0x0000002e   Code   RO         3219    x$fpl$dflt          fz_ws.l(dflt_clz.o)
    0x080085dc   0x080085dc   0x00000026   Code   RO         3218    x$fpl$dfltu         fz_ws.l(dflt_clz.o)
    0x08008602   0x08008602   0x00000002   PAD
    0x08008604   0x08008604   0x00000078   Code   RO         3224    x$fpl$dleqf         fz_ws.l(dleqf.o)
    0x0800867c   0x0800867c   0x00000154   Code   RO         3226    x$fpl$dmul          fz_ws.l(dmul.o)
    0x080087d0   0x080087d0   0x0000009c   Code   RO         3261    x$fpl$dnaninf       fz_ws.l(dnaninf.o)
    0x0800886c   0x0800886c   0x0000000c   Code   RO         3263    x$fpl$dretinf       fz_ws.l(dretinf.o)
    0x08008878   0x08008878   0x0000006c   Code   RO         3228    x$fpl$drleqf        fz_ws.l(drleqf.o)
    0x080088e4   0x080088e4   0x00000016   Code   RO         3199    x$fpl$drsb          fz_ws.l(daddsub_clz.o)
    0x080088fa   0x080088fa   0x00000002   PAD
    0x080088fc   0x080088fc   0x000001cc   Code   RO         3328    x$fpl$dsqrt         fz_ws.l(dsqrt_noumaal.o)
    0x08008ac8   0x08008ac8   0x000001d4   Code   RO         3200    x$fpl$dsub          fz_ws.l(daddsub_clz.o)
    0x08008c9c   0x08008c9c   0x00000056   Code   RO         3230    x$fpl$f2d           fz_ws.l(f2d.o)
    0x08008cf2   0x08008cf2   0x0000008c   Code   RO         3265    x$fpl$fnaninf       fz_ws.l(fnaninf.o)
    0x08008d7e   0x08008d7e   0x0000000a   Code   RO         3267    x$fpl$fretinf       fz_ws.l(fretinf.o)
    0x08008d88   0x08008d88   0x00000006   Code   RO         3443    x$fpl$ieeestatus    fz_ws.l(istatus.o)
    0x08008d8e   0x08008d8e   0x00000064   Code   RO         3398    x$fpl$retnan        fz_ws.l(retnan.o)
    0x08008df2   0x08008df2   0x0000005c   Code   RO         3269    x$fpl$scalbn        fz_ws.l(scalbn.o)
    0x08008e4e   0x08008e4e   0x00000004   Code   RO         3330    x$fpl$scanf1        fz_ws.l(scanf1.o)
    0x08008e52   0x08008e52   0x00000008   Code   RO         3445    x$fpl$scanf2        fz_ws.l(scanf2.o)
    0x08008e5a   0x08008e5a   0x00000030   Code   RO         3451    x$fpl$trapveneer    fz_ws.l(trapv.o)
    0x08008e8a   0x08008e8a   0x00000000   Code   RO         3271    x$fpl$usenofp       fz_ws.l(usenofp.o)
    0x08008e8a   0x08008e8a   0x00000012   Data   RO         1746    .constdata          stm32f1xx_hal_rcc.o
    0x08008e9c   0x08008e9c   0x00000018   Data   RO         2940    .constdata          system_stm32f1xx.o
    0x08008eb4   0x08008eb4   0x00000001   Data   RO         2987    .constdata          motor.o
    0x08008eb5   0x08008eb5   0x00000003   PAD
    0x08008eb8   0x08008eb8   0x00000088   Data   RO         3246    .constdata          m_ws.l(pow.o)
    0x08008f40   0x08008f40   0x00000008   Data   RO         3290    .constdata          m_ws.l(qnan.o)
    0x08008f48   0x08008f48   0x00000094   Data   RO         3408    .constdata          c_w.l(bigflt0.o)
    0x08008fdc   0x08008fdc   0x00000020   Data   RO         3558    Region$$Table       anon$$obj.o
    0x08008ffc   0x08008ffc   0x00000008   Data   RO         3437    c$$dinf             fz_ws.l(fpconst.o)
    0x08009004   0x08009004   0x00000008   Data   RO         3440    c$$dmax             fz_ws.l(fpconst.o)
    0x0800900c   0x0800900c   0x0000001c   Data   RO         3323    locale$$data        c_w.l(lc_numeric_c.o)
    0x08009028   0x08009028   0x00000110   Data   RO         3432    locale$$data        c_w.l(lc_ctype_c.o)


    Execution Region RW_IRAM1 (Exec base: 0x20000000, Load base: 0x08009138, Size: 0x00001158, Max: 0x00005000, ABSOLUTE, COMPRESSED[0x00000028])

    Exec Addr    Load Addr    Size         Type   Attr      Idx    E Section Name        Object

    0x20000000   COMPRESSED   0x00000048   Data   RW           23    .data               main.o
    0x20000048   COMPRESSED   0x00000009   Data   RW         1582    .data               stm32f1xx_hal.o
    0x20000051   COMPRESSED   0x00000003   PAD
    0x20000054   COMPRESSED   0x00000004   Data   RW         2941    .data               system_stm32f1xx.o
    0x20000058   COMPRESSED   0x00000068   Data   RW         2988    .data               motor.o
    0x200000c0   COMPRESSED   0x00000064   Data   RW         3118    .data               stp_23l.o
    0x20000124   COMPRESSED   0x00000016   Data   RW         3154    .data               lidar_processing.o
    0x2000013a   COMPRESSED   0x00000006   PAD
    0x20000140        -       0x00000300   Zero   RW           22    .bss                main.o
    0x20000440        -       0x000000d8   Zero   RW          271    .bss                tim.o
    0x20000518        -       0x00000160   Zero   RW          340    .bss                usart.o
    0x20000678        -       0x00000070   Zero   RW         2986    .bss                motor.o
    0x200006e8        -       0x00000208   Zero   RW         3117    .bss                stp_23l.o
    0x200008f0        -       0x00000208   Zero   RW         3153    .bss                lidar_processing.o
    0x20000af8        -       0x00000060   Zero   RW         3333    .bss                c_w.l(libspace.o)
    0x20000b58        -       0x00000200   Zero   RW            2    HEAP                startup_stm32f103xb.o
    0x20000d58        -       0x00000400   Zero   RW            1    STACK               startup_stm32f103xb.o


==============================================================================

Image component sizes


      Code (inc. data)   RO Data    RW Data    ZI Data      Debug   Object Name

        68          4          0          0          0        698   dma.o
       144          8          0          0          0        851   gpio.o
      3052        172          0         22        520       3258   lidar_processing.o
      2396        300          0         72        768     433843   main.o
      4780        422          1        104        112      10242   motor.o
       638         66          0          0          0       2311   pid.o
        64         26        236          0       1536        784   startup_stm32f103xb.o
       152         32          0          9          0       5097   stm32f1xx_hal.o
       304         22          0          0          0      29251   stm32f1xx_hal_cortex.o
       978         12          0          0          0       4678   stm32f1xx_hal_dma.o
       812         34          0          0          0       2596   stm32f1xx_hal_gpio.o
        84          8          0          0          0        842   stm32f1xx_hal_msp.o
      1748         98         18          0          0       5760   stm32f1xx_hal_rcc.o
      2654         64          0          0          0      17766   stm32f1xx_hal_tim.o
       252         14          0          0          0       3093   stm32f1xx_hal_tim_ex.o
      2844         22          0          0          0      16091   stm32f1xx_hal_uart.o
       162         48          0          0          0       7217   stm32f1xx_it.o
       736        120          0        100        520       3628   stp_23l.o
         2          0         24          4          0       1043   system_stm32f1xx.o
       888         66          0          0        216       4308   tim.o
       708         70          0          0        352       3030   usart.o

    ----------------------------------------------------------------------
     23488       1608        314        316       4028     556387   Object Totals
         0          0         32          0          0          0   (incl. Generated)
        22          0          3          5          4          0   (incl. Padding)

    ----------------------------------------------------------------------

      Code (inc. data)   RO Data    RW Data    ZI Data      Debug   Library Member Name

        90          0          0          0          0          0   __dczerorl2.o
         8          0          0          0          0         68   __main.o
         0          0          0          0          0          0   __rtentry.o
        12          0          0          0          0          0   __rtentry2.o
         6          0          0          0          0          0   __rtentry4.o
        52          8          0          0          0          0   __scatter.o
        28          0          0          0          0          0   __scatter_zi.o
        28          0          0          0          0         68   _chval.o
        22          0          0          0          0        100   _rserrno.o
        64          0          0          0          0         84   _sgetc.o
       228          4        148          0          0         96   bigflt0.o
      1924        136          0          0          0        756   btod.o
        18          0          0          0          0         80   exit.o
         6          0          0          0          0        152   heapauxi.o
         0          0          0          0          0          0   indicate_semi.o
        18          0          0          0          0         76   isspace.o
        44         10        272          0          0         76   lc_ctype_c.o
        44         10         28          0          0         76   lc_numeric_c.o
         2          0          0          0          0          0   libinit.o
        30          0          0          0          0          0   libinit2.o
         2          0          0          0          0          0   libshutdown.o
         2          0          0          0          0          0   libshutdown2.o
         8          4          0          0         96         68   libspace.o
        38          0          0          0          0         68   llshl.o
        16          4          0          0          0         76   rt_ctype_table.o
         8          4          0          0          0         68   rt_errno_addr_intlibspace.o
         8          4          0          0          0         68   rt_locale_intlibspace.o
        78          0          0          0          0         80   rt_memclr_w.o
       100          0          0          0          0         80   rt_memcpy_w.o
         2          0          0          0          0          0   rtexit.o
        10          0          0          0          0          0   rtexit2.o
      1286         16          0          0          0        236   scanf_fp.o
       800         14          0          0          0        100   scanf_hexfp.o
       308         16          0          0          0        100   scanf_infnan.o
       128          0          0          0          0         68   strcmpv7m.o
       164         14          0          0          0        120   strtod.o
        12          4          0          0          0         68   sys_exit.o
        74          0          0          0          0         80   sys_stackheap_outer.o
         2          0          0          0          0         68   use_no_semi.o
        98          4          0          0          0         92   d2f.o
       826         16          0          0          0        348   daddsub_clz.o
        16          4          0          0          0         68   dcheck1.o
        24          0          0          0          0         68   dcmpi.o
       688        140          0          0          0        208   ddiv.o
       120          4          0          0          0         92   deqf.o
        94          4          0          0          0         92   dfix.o
        90          4          0          0          0         92   dfixu.o
        84          0          0          0          0        136   dflt_clz.o
       120          4          0          0          0         92   dleqf.o
       340         12          0          0          0        104   dmul.o
       156          4          0          0          0         92   dnaninf.o
        12          0          0          0          0         68   dretinf.o
       108          0          0          0          0         80   drleqf.o
       460         56          0          0          0        120   dsqrt_noumaal.o
        86          4          0          0          0         84   f2d.o
       140          4          0          0          0         84   fnaninf.o
         0          0         16          0          0          0   fpconst.o
        10          0          0          0          0         68   fretinf.o
         6          0          0          0          0         68   istatus.o
       100          0          0          0          0         68   retnan.o
        92          0          0          0          0         68   scalbn.o
         4          0          0          0          0         68   scanf1.o
         8          0          0          0          0         84   scanf2.o
        48          0          0          0          0         68   trapv.o
         0          0          0          0          0          0   usenofp.o
        42          0          0          0          0         84   atof.o
        62         10          0          0          0        340   dunder.o
        40          0          0          0          0         68   fpclassify.o
        88          8          0          0          0         76   frexp.o
       138          0          0          0          0        160   ldexp.o
       204          4          0          0          0        168   narrow.o
       170          0          0          0          0         96   poly.o
      2520        190        136          0          0        324   pow.o
         0          0          8          0          0          0   qnan.o
        76          0          0          0          0         84   sqrt.o

    ----------------------------------------------------------------------
     12766        720        608          0         96       6792   Library Totals
        26          0          0          0          0          0   (incl. Padding)

    ----------------------------------------------------------------------

      Code (inc. data)   RO Data    RW Data    ZI Data      Debug   Library Name

      5670        248        448          0         96       2980   c_w.l
      3730        260         16          0          0       2412   fz_ws.l
      3340        212        144          0          0       1400   m_ws.l

    ----------------------------------------------------------------------
     12766        720        608          0         96       6792   Library Totals

    ----------------------------------------------------------------------

==============================================================================


      Code (inc. data)   RO Data    RW Data    ZI Data      Debug   

     36254       2328        922        316       4124     552879   Grand Totals
     36254       2328        922         40       4124     552879   ELF Image Totals (compressed)
     36254       2328        922         40          0          0   ROM Totals

==============================================================================

    Total RO  Size (Code + RO Data)                37176 (  36.30kB)
    Total RW  Size (RW Data + ZI Data)              4440 (   4.34kB)
    Total ROM Size (Code + RO Data + RW Data)      37216 (  36.34kB)

==============================================================================

